AstNode [type=ImpProgramObjectImpl, moduleId=1, location=AstNodeLocation [retracedOffset=0, retracedLength=87, assembledOffset=0, assembledLength=86, rootRelativeOffset=0, rootRelativeLength=87, rootRelativeStartLineNumber=1, rootRelativeEndLineNumber=7], inclusionLevel=-1, inclusionOrdinal=-1, hasAstModuleId=1]
 AstNode [type=DefineDataStmt, moduleId=1, location=AstNodeLocation [retracedOffset=0, retracedLength=47, assembledOffset=0, assembledLength=46, rootRelativeOffset=0, rootRelativeLength=47, rootRelativeStartLineNumber=1, rootRelativeEndLineNumber=3], inclusionLevel=-1, inclusionOrdinal=-1]
  AstNode [type=LocalDataArea, moduleId=1, location=AstNodeLocation [retracedOffset=14, retracedLength=20, assembledOffset=14, assembledLength=20, rootRelativeOffset=14, rootRelativeLength=21, rootRelativeStartLineNumber=2, rootRelativeEndLineNumber=2], inclusionLevel=1, inclusionOrdinal=0, inclusionCalleeModuleId=2, hasAstModuleId=2]
   AstNode [type=NaturalDataAreaNode, moduleId=1, location=AstNodeLocation [retracedOffset=14, retracedLength=20, assembledOffset=14, assembledLength=20, rootRelativeOffset=14, rootRelativeLength=21, rootRelativeStartLineNumber=2, rootRelativeEndLineNumber=2], inclusionLevel=1, inclusionOrdinal=0, inclusionCalleeModuleId=2, properties=[dataAreaType=LOCAL]]
    AstNode [type=Variable, moduleId=1, location=AstNodeLocation [retracedOffset=23, retracedLength=11, assembledOffset=23, assembledLength=11, rootRelativeOffset=14, rootRelativeLength=21, rootRelativeStartLineNumber=2, rootRelativeEndLineNumber=2], inclusionLevel=1, inclusionOrdinal=0, inclusionCalleeModuleId=2, properties=[byteLength=10, languageType=A, name=#FLD1, nameLength=5, nameOffset=0]]
     AstNode [type=Simple, moduleId=1, location=AstNodeLocation [retracedOffset=29, retracedLength=5, assembledOffset=29, assembledLength=5, rootRelativeOffset=14, rootRelativeLength=21, rootRelativeStartLineNumber=2, rootRelativeEndLineNumber=2], inclusionLevel=1, inclusionOrdinal=0, inclusionCalleeModuleId=2]
      AstNode [type=AlphaNumeric, moduleId=1, location=AstNodeLocation [retracedOffset=30, retracedLength=3, assembledOffset=30, assembledLength=3, rootRelativeOffset=14, rootRelativeLength=21, rootRelativeStartLineNumber=2, rootRelativeEndLineNumber=2], inclusionLevel=1, inclusionOrdinal=0, inclusionCalleeModuleId=2]
     AstNode [type=NotInitialized, moduleId=1, location=AstNodeLocation [retracedOffset=-1, retracedLength=1, assembledOffset=-1, assembledLength=1, rootRelativeOffset=-1, rootRelativeLength=1, rootRelativeStartLineNumber=0, rootRelativeEndLineNumber=1], inclusionLevel=-1, inclusionOrdinal=-1]
 AstNode [type=WriteStmt, moduleId=1, location=AstNodeLocation [retracedOffset=51, retracedLength=29, assembledOffset=50, assembledLength=29, rootRelativeOffset=51, rootRelativeLength=29, rootRelativeStartLineNumber=5, rootRelativeEndLineNumber=5], inclusionLevel=-1, inclusionOrdinal=-1]
  AstNode [type=Line, moduleId=1, location=AstNodeLocation [retracedOffset=75, retracedLength=5, assembledOffset=74, assembledLength=5, rootRelativeOffset=75, rootRelativeLength=5, rootRelativeStartLineNumber=5, rootRelativeEndLineNumber=5], inclusionLevel=-1, inclusionOrdinal=-1]
   AstNode [type=InputField, moduleId=1, location=AstNodeLocation [retracedOffset=75, retracedLength=5, assembledOffset=74, assembledLength=5, rootRelativeOffset=75, rootRelativeLength=5, rootRelativeStartLineNumber=5, rootRelativeEndLineNumber=5], inclusionLevel=-1, inclusionOrdinal=-1]
    AstNode [type=Var, moduleId=1, location=AstNodeLocation [retracedOffset=75, retracedLength=5, assembledOffset=74, assembledLength=5, rootRelativeOffset=75, rootRelativeLength=5, rootRelativeStartLineNumber=5, rootRelativeEndLineNumber=5], inclusionLevel=-1, inclusionOrdinal=-1, relations={ REFERS [to=Variable[#FLD1 (A10)]], BINDING [to=Variable[#FLD1 (A10)], label=definedBy] }, properties=[unresolvedFieldName=#FLD1]]
 AstNode [type=EndStmt, moduleId=1, location=AstNodeLocation [retracedOffset=84, retracedLength=3, assembledOffset=83, assembledLength=3, rootRelativeOffset=84, rootRelativeLength=3, rootRelativeStartLineNumber=7, rootRelativeEndLineNumber=7], inclusionLevel=-1, inclusionOrdinal=-1]
