 #2 ProcedureBlock, FROM={TestEntryPoint}, TO={#6}
  #6 ProcedureStatement, FROM={#2}, TO={#15}
  #15 DeclareStatement, FROM={#6}, TO={#39}
  #39 GoToStatement, FROM={#15}, TO={#68(JUMP)}
  #44 PutStatement
  #59 AssignmentStatement, FROM={#159}, TO={#88}
    #68 FunctionReference, FROM={#39(JUMP)}, TO={#103(CALL)}
  #88 PutStatement, FROM={#59}, TO={#163}
  #103 ProcedureBlock, FROM={#68(CALL)}, TO={#107}
   #107 ProcedureStatement, FROM={#103}, TO={#133}
   #133 DeclareStatement, FROM={#107}, TO={#159}
   #159 EndStatement, FROM={#133}, TO={#59}
  #163 EndStatement, FROM={#88}, TO={TestHaltPoint}
