  #5 JavaMethodDeclaration, FROM={TestEntryPoint}, TO={#14}
   #13 JavaBlock
    #14 JavaReturnStatement, FROM={#5}, TO={TestReturnPoint}
  #16 JavaMethodDeclaration, FROM={TestEntryPoint}, TO={#28}
   #27 JavaBlock
    #28 JavaIfStatement, Label: if (test) { System.out.println("successful"); } else { System.out.println("failedd"); }, FROM={#16}, TO={#31, #39}
     #30 JavaThenBranch
      #31 JavaExpressionStatement, FROM={#28}, TO={TestReturnPoint}
       #32 JavaMethodInvocation
     #38 JavaElseBranch
      #39 JavaExpressionStatement, FROM={#28}, TO={TestReturnPoint}
       #40 JavaMethodInvocation
