  #5 JavaMethodDeclaration
   #9 JavaBlock
    #10 JavaExpressionStatement
     #11 JavaMethodInvocation
  #17 JavaMethodDeclaration
   #21 JavaBlock
    #22 JavaExpressionStatement
     #23 JavaMethodInvocation
    #25 JavaExpressionStatement
     #26 JavaMethodInvocation
  #32 JavaMethodDeclaration, FROM={TestEntryPoint}, TO={#44}
   #43 JavaBlock
    #44 JavaExpressionStatement, FROM={#32}, TO={TestReturnPoint}
     #45 JavaMethodInvocation
