#6 ProcedureDivision
 #7 CobolPerformStmt TESTPARA, FROM={TestEntryPoint}, TO={#10}
  #8 CobolFieldReference
 #9 CobolGoBackStmt, FROM={#12}, TO={TestReturnPoint}
 #10 CobolLabelStmt TESTPARA , FROM={#7}, TO={#11}
  #11 CobolSizeGuardedStmt, FROM={#10}, TO={#12}
   #12 CobolAddStmt, FROM={#11}, TO={#9}
    #15 CobolExpressionWithRoundedFlag
 #18 CobolLabelStmt UNREACHABLE 
  #19 CobolDisplayStmt 'UNREACHABLE'
