ERRMSG   DFHMDF                                                        X00001000
               POS=(23,01),                                            X00002000
               ATTRB=(ASKIP,BRT),                                      X00003000
               INITIAL=' ',                                            X00004000
               LENGTH=79                                                00005000
EODMSG   DFHMDF                                                        X00006000
               POS=(24,01),                                            X00007000
               ATTRB=(ASKIP,BRT),                                      X00008000
               INITIAL=' ',                                            X00009000
               LENGTH=79                                                00010000
         DFHMSD                                                        X00011000
               TYPE=FINAL                                               00012000
         END                                                            00013000
