server,username,password,action,localFile,remoteFile,remoteDirectory
server1,user1,password1,get,//DD:INP1,file1,/path/to/remote/directory
server1,user1,password1,get,TEST.INP99,file9,/path/to/remote/directory
server1,user1,password1,get,//DD:INP2,file3,..
server1,user1,password1,get,TEST.INP9,file4,..
server1,user1,password1,get,//DD:INP3,file5,..
server1,user1,password1,put,//DD:INP4,file6,..
server1,user1,password1,append,TEST.OUT1,random.txt,/path/to/remote/directory
server1,user1,password1,listCatalog,null,null,..
