AstNode [type=CobolProgram, moduleId=1, location=AstNodeLocation [retracedOffset=7, retracedLength=525, assembledOffset=7, assembledLength=525, rootRelativeOffset=7, rootRelativeLength=525, rootRelativeStartLineNumber=1, rootRelativeEndLineNumber=14], inclusionLevel=-1, inclusionOrdinal=-1, hasAstModuleId=1]
 AstNode [type=ProcedureDivision, moduleId=1, location=AstNodeLocation [retracedOffset=7, retracedLength=18, assembledOffset=7, assembledLength=18, rootRelativeOffset=7, rootRelativeLength=18, rootRelativeStartLineNumber=1, rootRelativeEndLineNumber=1], inclusionLevel=-1, inclusionOrdinal=-1]
  AstNode [type=CobolIfStmt, moduleId=1, location=AstNodeLocation [retracedOffset=44, retracedLength=465, assembledOffset=44, assembledLength=465, rootRelativeOffset=44, rootRelativeLength=465, rootRelativeStartLineNumber=2, rootRelativeEndLineNumber=13], inclusionLevel=-1, inclusionOrdinal=-1, properties=[conditionPaths=[[0]]]]
   AstNode [type=CobolComparisonExpression, moduleId=1, location=AstNodeLocation [retracedOffset=47, retracedLength=18, assembledOffset=47, assembledLength=18, rootRelativeOffset=47, rootRelativeLength=18, rootRelativeStartLineNumber=2, rootRelativeEndLineNumber=2], inclusionLevel=-1, inclusionOrdinal=-1]
    AstNode [type=CobolReferenceExpression, moduleId=1, location=AstNodeLocation [retracedOffset=47, retracedLength=9, assembledOffset=47, assembledLength=9, rootRelativeOffset=47, rootRelativeLength=9, rootRelativeStartLineNumber=2, rootRelativeEndLineNumber=2], inclusionLevel=-1, inclusionOrdinal=-1]
     AstNode [type=CobolFieldReference, moduleId=1, location=AstNodeLocation [retracedOffset=47, retracedLength=9, assembledOffset=47, assembledLength=9, rootRelativeOffset=47, rootRelativeLength=9, rootRelativeStartLineNumber=2, rootRelativeEndLineNumber=2], inclusionLevel=-1, inclusionOrdinal=-1, properties=[all=false, colonPrefix=false, dynamic=false, external=false, isIndex=false, negativ=false, renderIsTrueForL88Item=true, unresolvedFieldName=TESTFIELD, usedAsCondition=false]]
    AstNode [type=CobolReferenceExpression, moduleId=1, location=AstNodeLocation [retracedOffset=64, retracedLength=1, assembledOffset=64, assembledLength=1, rootRelativeOffset=64, rootRelativeLength=1, rootRelativeStartLineNumber=2, rootRelativeEndLineNumber=2], inclusionLevel=-1, inclusionOrdinal=-1]
     AstNode [type=CobolNumericConstantReference, moduleId=1, location=AstNodeLocation [retracedOffset=64, retracedLength=1, assembledOffset=64, assembledLength=1, rootRelativeOffset=64, rootRelativeLength=1, rootRelativeStartLineNumber=2, rootRelativeEndLineNumber=2], inclusionLevel=-1, inclusionOrdinal=-1, properties=[all=false, colonPrefix=false, dynamic=false, external=false, level=0, negativ=false, value=1]]
   AstNode [type=CobolThenBlock, moduleId=1, location=AstNodeLocation [retracedOffset=182, retracedLength=217, assembledOffset=182, assembledLength=217, rootRelativeOffset=182, rootRelativeLength=217, rootRelativeStartLineNumber=5, rootRelativeEndLineNumber=10], inclusionLevel=-1, inclusionOrdinal=-1]
    AstNode [type=ExecCicsReturn, moduleId=1, location=AstNodeLocation [retracedOffset=85, retracedLength=47, assembledOffset=85, assembledLength=47, rootRelativeOffset=85, rootRelativeLength=47, rootRelativeStartLineNumber=3, rootRelativeEndLineNumber=4], inclusionLevel=-1, inclusionOrdinal=-1]
    AstNode [type=CobolIfStmt, moduleId=1, location=AstNodeLocation [retracedOffset=130, retracedLength=269, assembledOffset=130, assembledLength=269, rootRelativeOffset=130, rootRelativeLength=269, rootRelativeStartLineNumber=4, rootRelativeEndLineNumber=10], inclusionLevel=-1, inclusionOrdinal=-1, properties=[conditionPaths=[[0]]]]
     AstNode [type=CobolComparisonExpression, moduleId=1, location=AstNodeLocation [retracedOffset=133, retracedLength=27, assembledOffset=133, assembledLength=27, rootRelativeOffset=133, rootRelativeLength=27, rootRelativeStartLineNumber=4, rootRelativeEndLineNumber=4], inclusionLevel=-1, inclusionOrdinal=-1]
      AstNode [type=CobolReferenceExpression, moduleId=1, location=AstNodeLocation [retracedOffset=133, retracedLength=9, assembledOffset=133, assembledLength=9, rootRelativeOffset=133, rootRelativeLength=9, rootRelativeStartLineNumber=4, rootRelativeEndLineNumber=4], inclusionLevel=-1, inclusionOrdinal=-1]
       AstNode [type=CobolFieldReference, moduleId=1, location=AstNodeLocation [retracedOffset=133, retracedLength=9, assembledOffset=133, assembledLength=9, rootRelativeOffset=133, rootRelativeLength=9, rootRelativeStartLineNumber=4, rootRelativeEndLineNumber=4], inclusionLevel=-1, inclusionOrdinal=-1, properties=[all=false, colonPrefix=false, dynamic=false, external=false, isIndex=false, negativ=false, renderIsTrueForL88Item=true, unresolvedFieldName=CICS-RESP, usedAsCondition=false]]
      AstNode [type=DfhRespExpression, moduleId=1, location=AstNodeLocation [retracedOffset=153, retracedLength=7, assembledOffset=153, assembledLength=7, rootRelativeOffset=153, rootRelativeLength=7, rootRelativeStartLineNumber=4, rootRelativeEndLineNumber=4], inclusionLevel=-1, inclusionOrdinal=-1]
     AstNode [type=CobolThenBlock, moduleId=1, location=AstNodeLocation [retracedOffset=182, retracedLength=71, assembledOffset=182, assembledLength=71, rootRelativeOffset=182, rootRelativeLength=71, rootRelativeStartLineNumber=5, rootRelativeEndLineNumber=6], inclusionLevel=-1, inclusionOrdinal=-1]
      AstNode [type=CobolMoveStmt, moduleId=1, location=AstNodeLocation [retracedOffset=182, retracedLength=31, assembledOffset=182, assembledLength=31, rootRelativeOffset=182, rootRelativeLength=31, rootRelativeStartLineNumber=5, rootRelativeEndLineNumber=5], inclusionLevel=-1, inclusionOrdinal=-1]
       AstNode [type=CobolReferenceExpression, moduleId=1, location=AstNodeLocation [retracedOffset=187, retracedLength=5, assembledOffset=187, assembledLength=5, rootRelativeOffset=187, rootRelativeLength=5, rootRelativeStartLineNumber=5, rootRelativeEndLineNumber=5], inclusionLevel=-1, inclusionOrdinal=-1]
        AstNode [type=CobolConstantReference, moduleId=1, location=AstNodeLocation [retracedOffset=187, retracedLength=5, assembledOffset=187, assembledLength=5, rootRelativeOffset=187, rootRelativeLength=5, rootRelativeStartLineNumber=5, rootRelativeEndLineNumber=5], inclusionLevel=-1, inclusionOrdinal=-1, properties=[all=false, colonPrefix=false, dynamic=false, external=false, level=0, negativ=false, value=X'FF']]
       AstNode [type=CobolReferenceExpression, moduleId=1, location=AstNodeLocation [retracedOffset=196, retracedLength=17, assembledOffset=196, assembledLength=17, rootRelativeOffset=196, rootRelativeLength=17, rootRelativeStartLineNumber=5, rootRelativeEndLineNumber=5], inclusionLevel=-1, inclusionOrdinal=-1]
        AstNode [type=CobolFieldReference, moduleId=1, location=AstNodeLocation [retracedOffset=196, retracedLength=17, assembledOffset=196, assembledLength=17, rootRelativeOffset=196, rootRelativeLength=17, rootRelativeStartLineNumber=5, rootRelativeEndLineNumber=5], inclusionLevel=-1, inclusionOrdinal=-1, properties=[all=false, colonPrefix=false, dynamic=false, external=false, isIndex=false, negativ=false, renderIsTrueForL88Item=true, unresolvedFieldName=MYVSAMK-KEY, usedAsCondition=false]]
         AstNode [type=CobolReferenceExpression, moduleId=1, location=AstNodeLocation [retracedOffset=208, retracedLength=2, assembledOffset=208, assembledLength=2, rootRelativeOffset=208, rootRelativeLength=2, rootRelativeStartLineNumber=5, rootRelativeEndLineNumber=5], inclusionLevel=-1, inclusionOrdinal=-1]
          AstNode [type=CobolNumericConstantReference, moduleId=1, location=AstNodeLocation [retracedOffset=208, retracedLength=2, assembledOffset=208, assembledLength=2, rootRelativeOffset=208, rootRelativeLength=2, rootRelativeStartLineNumber=5, rootRelativeEndLineNumber=5], inclusionLevel=-1, inclusionOrdinal=-1, properties=[all=false, colonPrefix=false, dynamic=false, external=false, level=0, negativ=false, value=10]]
         AstNode [type=CobolReferenceExpression, moduleId=1, location=AstNodeLocation [retracedOffset=211, retracedLength=1, assembledOffset=211, assembledLength=1, rootRelativeOffset=211, rootRelativeLength=1, rootRelativeStartLineNumber=5, rootRelativeEndLineNumber=5], inclusionLevel=-1, inclusionOrdinal=-1]
          AstNode [type=CobolNumericConstantReference, moduleId=1, location=AstNodeLocation [retracedOffset=211, retracedLength=1, assembledOffset=211, assembledLength=1, rootRelativeOffset=211, rootRelativeLength=1, rootRelativeStartLineNumber=5, rootRelativeEndLineNumber=5], inclusionLevel=-1, inclusionOrdinal=-1, properties=[all=false, colonPrefix=false, dynamic=false, external=false, level=0, negativ=false, value=1]]
      AstNode [type=CobolPerformStmt, moduleId=1, location=AstNodeLocation [retracedOffset=235, retracedLength=18, assembledOffset=235, assembledLength=18, rootRelativeOffset=235, rootRelativeLength=18, rootRelativeStartLineNumber=6, rootRelativeEndLineNumber=6], inclusionLevel=-1, inclusionOrdinal=-1, properties=[isLoop=false, target=VSAMK-READ, testAfter=false, testBefore=true]]
       AstNode [type=CobolFieldReference, moduleId=1, location=AstNodeLocation [retracedOffset=243, retracedLength=10, assembledOffset=243, assembledLength=10, rootRelativeOffset=243, rootRelativeLength=10, rootRelativeStartLineNumber=6, rootRelativeEndLineNumber=6], inclusionLevel=-1, inclusionOrdinal=-1, properties=[all=false, colonPrefix=false, dynamic=false, external=false, isIndex=false, negativ=false, renderIsTrueForL88Item=true, unresolvedFieldName=VSAMK-READ, usedAsCondition=false]]
     AstNode [type=CobolElseBlock, moduleId=1, location=AstNodeLocation [retracedOffset=273, retracedLength=126, assembledOffset=273, assembledLength=126, rootRelativeOffset=273, rootRelativeLength=126, rootRelativeStartLineNumber=7, rootRelativeEndLineNumber=10], inclusionLevel=-1, inclusionOrdinal=-1]
      AstNode [type=CobolMoveStmt, moduleId=1, location=AstNodeLocation [retracedOffset=299, retracedLength=30, assembledOffset=299, assembledLength=30, rootRelativeOffset=299, rootRelativeLength=30, rootRelativeStartLineNumber=8, rootRelativeEndLineNumber=8], inclusionLevel=-1, inclusionOrdinal=-1]
       AstNode [type=CobolReferenceExpression, moduleId=1, location=AstNodeLocation [retracedOffset=304, retracedLength=9, assembledOffset=304, assembledLength=9, rootRelativeOffset=304, rootRelativeLength=9, rootRelativeStartLineNumber=8, rootRelativeEndLineNumber=8], inclusionLevel=-1, inclusionOrdinal=-1]
        AstNode [type=CobolFieldReference, moduleId=1, location=AstNodeLocation [retracedOffset=304, retracedLength=9, assembledOffset=304, assembledLength=9, rootRelativeOffset=304, rootRelativeLength=9, rootRelativeStartLineNumber=8, rootRelativeEndLineNumber=8], inclusionLevel=-1, inclusionOrdinal=-1, properties=[all=false, colonPrefix=false, dynamic=false, external=false, isIndex=false, negativ=false, renderIsTrueForL88Item=true, unresolvedFieldName=CICS-RESP, usedAsCondition=false]]
       AstNode [type=CobolReferenceExpression, moduleId=1, location=AstNodeLocation [retracedOffset=317, retracedLength=12, assembledOffset=317, assembledLength=12, rootRelativeOffset=317, rootRelativeLength=12, rootRelativeStartLineNumber=8, rootRelativeEndLineNumber=8], inclusionLevel=-1, inclusionOrdinal=-1]
        AstNode [type=CobolFieldReference, moduleId=1, location=AstNodeLocation [retracedOffset=317, retracedLength=12, assembledOffset=317, assembledLength=12, rootRelativeOffset=317, rootRelativeLength=12, rootRelativeStartLineNumber=8, rootRelativeEndLineNumber=8], inclusionLevel=-1, inclusionOrdinal=-1, properties=[all=false, colonPrefix=false, dynamic=false, external=false, isIndex=false, negativ=false, renderIsTrueForL88Item=true, unresolvedFieldName=MYVSAMK-RESP, usedAsCondition=false]]
      AstNode [type=CobolMoveStmt, moduleId=1, location=AstNodeLocation [retracedOffset=351, retracedLength=22, assembledOffset=351, assembledLength=22, rootRelativeOffset=351, rootRelativeLength=22, rootRelativeStartLineNumber=9, rootRelativeEndLineNumber=9], inclusionLevel=-1, inclusionOrdinal=-1]
       AstNode [type=CobolReferenceExpression, moduleId=1, location=AstNodeLocation [retracedOffset=356, retracedLength=4, assembledOffset=356, assembledLength=4, rootRelativeOffset=356, rootRelativeLength=4, rootRelativeStartLineNumber=9, rootRelativeEndLineNumber=9], inclusionLevel=-1, inclusionOrdinal=-1]
        AstNode [type=CobolFigurativeConstantsReference, moduleId=1, location=AstNodeLocation [retracedOffset=356, retracedLength=4, assembledOffset=356, assembledLength=4, rootRelativeOffset=356, rootRelativeLength=4, rootRelativeStartLineNumber=9, rootRelativeEndLineNumber=9], inclusionLevel=-1, inclusionOrdinal=-1, properties=[all=false, colonPrefix=false, dynamic=false, external=false, negativ=false]]
       AstNode [type=CobolReferenceExpression, moduleId=1, location=AstNodeLocation [retracedOffset=364, retracedLength=9, assembledOffset=364, assembledLength=9, rootRelativeOffset=364, rootRelativeLength=9, rootRelativeStartLineNumber=9, rootRelativeEndLineNumber=9], inclusionLevel=-1, inclusionOrdinal=-1]
        AstNode [type=CobolFieldReference, moduleId=1, location=AstNodeLocation [retracedOffset=364, retracedLength=9, assembledOffset=364, assembledLength=9, rootRelativeOffset=364, rootRelativeLength=9, rootRelativeStartLineNumber=9, rootRelativeEndLineNumber=9], inclusionLevel=-1, inclusionOrdinal=-1, properties=[all=false, colonPrefix=false, dynamic=false, external=false, isIndex=false, negativ=false, renderIsTrueForL88Item=true, unresolvedFieldName=CICS-RESP, usedAsCondition=false]]
   AstNode [type=CobolElseBlock, moduleId=1, location=AstNodeLocation [retracedOffset=420, retracedLength=89, assembledOffset=420, assembledLength=89, rootRelativeOffset=420, rootRelativeLength=89, rootRelativeStartLineNumber=11, rootRelativeEndLineNumber=13], inclusionLevel=-1, inclusionOrdinal=-1]
    AstNode [type=ExecCicsReturn, moduleId=1, location=AstNodeLocation [retracedOffset=444, retracedLength=65, assembledOffset=444, assembledLength=65, rootRelativeOffset=444, rootRelativeLength=65, rootRelativeStartLineNumber=12, rootRelativeEndLineNumber=13], inclusionLevel=-1, inclusionOrdinal=-1, properties=[transId='TRA1']]
     AstNode [type=CobolReferenceExpression, moduleId=1, location=AstNodeLocation [retracedOffset=469, retracedLength=6, assembledOffset=469, assembledLength=6, rootRelativeOffset=469, rootRelativeLength=6, rootRelativeStartLineNumber=12, rootRelativeEndLineNumber=12], inclusionLevel=-1, inclusionOrdinal=-1]
      AstNode [type=CobolConstantReference, moduleId=1, location=AstNodeLocation [retracedOffset=469, retracedLength=6, assembledOffset=469, assembledLength=6, rootRelativeOffset=469, rootRelativeLength=6, rootRelativeStartLineNumber=12, rootRelativeEndLineNumber=12], inclusionLevel=-1, inclusionOrdinal=-1, properties=[all=false, colonPrefix=false, dynamic=false, external=false, level=0, negativ=false, value='TRA1']]
  AstNode [type=CobolEndStmt, moduleId=1, location=AstNodeLocation [retracedOffset=518, retracedLength=13, assembledOffset=518, assembledLength=13, rootRelativeOffset=518, rootRelativeLength=13, rootRelativeStartLineNumber=14, rootRelativeEndLineNumber=14], inclusionLevel=-1, inclusionOrdinal=-1]
