  #5 CFunctionDefinition, Function Name : main, FROM={TestEntryPoint}, TO={#12}
   #12 CExpressionStatement, FROM={#5}, TO={#17}
   #17 CIfElseStatement, Label: if ((stream = fopen("mylib/myfile", "r")) == NULL) { perror("Could not open data file"); abort(); }, FROM={#12}, TO={#31(TRUE), #40(FALSE)}
         #25 CFileAccessStatement
     #31 CExpressionStatement, FROM={#17(TRUE)}, TO={#36}
       #33 CFunctionReference
     #36 CLibraryFunction, FROM={#31}, TO={TestHaltPoint}
       #38 CFunctionReference
   #40 CExpressionStatement, FROM={#17(FALSE)}, TO={TestReturnPoint}
     #42 CFunctionReference
