  #4 CFunctionDefinition, Function Name : main, FROM={TestEntryPoint}, TO={#11}
   #11 CExpressionStatement, FROM={#4}, TO={#16}
   #16 CIfElseStatement, Label: if ((stream = fopen("mylib/myfile", "r")) == NULL) { perror("Could not open data file"); abort(); }, FROM={#11}, TO={#30(TRUE), #39(FALSE)}
         #24 CFileAccessStatement
     #30 CExpressionStatement, FROM={#16(TRUE)}, TO={#35}
       #32 CFunctionReference
     #35 CLibraryFunction, FROM={#30}, TO={#39}
       #37 CFunctionReference
   #39 CExpressionStatement, FROM={#16(FALSE), #35}, TO={TestReturnPoint}
     #41 CFunctionReference
