  #5 CFunctionDefinition, Function Name : main, FROM={TestEntryPoint}, TO={#19}
   #19 CExpressionStatement, FROM={#5}, TO={#24}
     #21 CFunctionReference
   #24 CIfElseStatement, Label: if(a > b) { _Exit(exit_code); }, FROM={#19}, TO={#31(TRUE), TestReturnPoint}
     #31 CLibraryFunction, FROM={#24(TRUE)}, TO={TestHaltPoint}
       #33 CFunctionReference
