  #4 CFunctionDefinition, Function Name : SUM, FROM={TestEntryPoint}, TO={#27}
   #27 CIfElseStatement, Label: if(a>b) { return 3; }, FROM={#4}, TO={#34(TRUE), #37(FALSE)}
     #34 CReturnStatement, FROM={#27(TRUE)}, TO={TestReturnPoint}
   #37 CReturnStatement, FROM={#27(FALSE)}, TO={TestReturnPoint}
