AstNode [type=Program, moduleId=1, location=AstNodeLocation [retracedOffset=0, retracedLength=245, assembledOffset=0, assembledLength=245, rootRelativeOffset=0, rootRelativeLength=245, rootRelativeStartLineNumber=1, rootRelativeEndLineNumber=9], inclusionLevel=-1, inclusionOrdinal=-1, hasAstModuleId=1]
 AstNode [type=PackageBlock, moduleId=1, location=AstNodeLocation [retracedOffset=1, retracedLength=244, assembledOffset=1, assembledLength=244, rootRelativeOffset=1, rootRelativeLength=244, rootRelativeStartLineNumber=1, rootRelativeEndLineNumber=9], inclusionLevel=-1, inclusionOrdinal=-1]
  AstNode [type=LabelPrefix, moduleId=1, location=AstNodeLocation [retracedOffset=1, retracedLength=14, assembledOffset=1, assembledLength=14, rootRelativeOffset=1, rootRelativeLength=14, rootRelativeStartLineNumber=1, rootRelativeEndLineNumber=1], inclusionLevel=-1, inclusionOrdinal=-1]
   AstNode [type=Identifier, moduleId=1, location=AstNodeLocation [retracedOffset=1, retracedLength=12, assembledOffset=1, assembledLength=12, rootRelativeOffset=1, rootRelativeLength=12, rootRelativeStartLineNumber=1, rootRelativeEndLineNumber=1], inclusionLevel=-1, inclusionOrdinal=-1]
   AstNode [type=Terminal, moduleId=1, location=AstNodeLocation [retracedOffset=13, retracedLength=1, assembledOffset=13, assembledLength=1, rootRelativeOffset=13, rootRelativeLength=1, rootRelativeStartLineNumber=1, rootRelativeEndLineNumber=1], inclusionLevel=-1, inclusionOrdinal=-1]
  AstNode [type=PackageStatement, moduleId=1, location=AstNodeLocation [retracedOffset=15, retracedLength=40, assembledOffset=15, assembledLength=40, rootRelativeOffset=15, rootRelativeLength=40, rootRelativeStartLineNumber=1, rootRelativeEndLineNumber=2], inclusionLevel=-1, inclusionOrdinal=-1, properties=[TARGET_PROCEDURE_NAMES=[PROC1, NESTED_PROC]]]
   AstNode [type=Keyword, moduleId=1, location=AstNodeLocation [retracedOffset=15, retracedLength=7, assembledOffset=15, assembledLength=7, rootRelativeOffset=15, rootRelativeLength=7, rootRelativeStartLineNumber=1, rootRelativeEndLineNumber=1], inclusionLevel=-1, inclusionOrdinal=-1]
   AstNode [type=ExportsAttribute, moduleId=1, location=AstNodeLocation [retracedOffset=23, retracedLength=28, assembledOffset=23, assembledLength=28, rootRelativeOffset=23, rootRelativeLength=28, rootRelativeStartLineNumber=1, rootRelativeEndLineNumber=1], inclusionLevel=-1, inclusionOrdinal=-1]
    AstNode [type=Keyword, moduleId=1, location=AstNodeLocation [retracedOffset=23, retracedLength=7, assembledOffset=23, assembledLength=7, rootRelativeOffset=23, rootRelativeLength=7, rootRelativeStartLineNumber=1, rootRelativeEndLineNumber=1], inclusionLevel=-1, inclusionOrdinal=-1]
    AstNode [type=Terminal, moduleId=1, location=AstNodeLocation [retracedOffset=31, retracedLength=1, assembledOffset=31, assembledLength=1, rootRelativeOffset=31, rootRelativeLength=1, rootRelativeStartLineNumber=1, rootRelativeEndLineNumber=1], inclusionLevel=-1, inclusionOrdinal=-1]
    AstNode [type=ProcedureReference, moduleId=1, location=AstNodeLocation [retracedOffset=32, retracedLength=5, assembledOffset=32, assembledLength=5, rootRelativeOffset=32, rootRelativeLength=5, rootRelativeStartLineNumber=1, rootRelativeEndLineNumber=1], inclusionLevel=-1, inclusionOrdinal=-1]
     AstNode [type=Identifier, moduleId=1, location=AstNodeLocation [retracedOffset=32, retracedLength=5, assembledOffset=32, assembledLength=5, rootRelativeOffset=32, rootRelativeLength=5, rootRelativeStartLineNumber=1, rootRelativeEndLineNumber=1], inclusionLevel=-1, inclusionOrdinal=-1]
    AstNode [type=Terminal, moduleId=1, location=AstNodeLocation [retracedOffset=37, retracedLength=1, assembledOffset=37, assembledLength=1, rootRelativeOffset=37, rootRelativeLength=1, rootRelativeStartLineNumber=1, rootRelativeEndLineNumber=1], inclusionLevel=-1, inclusionOrdinal=-1]
    AstNode [type=ProcedureReference, moduleId=1, location=AstNodeLocation [retracedOffset=39, retracedLength=11, assembledOffset=39, assembledLength=11, rootRelativeOffset=39, rootRelativeLength=11, rootRelativeStartLineNumber=1, rootRelativeEndLineNumber=1], inclusionLevel=-1, inclusionOrdinal=-1]
     AstNode [type=Identifier, moduleId=1, location=AstNodeLocation [retracedOffset=39, retracedLength=11, assembledOffset=39, assembledLength=11, rootRelativeOffset=39, rootRelativeLength=11, rootRelativeStartLineNumber=1, rootRelativeEndLineNumber=1], inclusionLevel=-1, inclusionOrdinal=-1]
    AstNode [type=Terminal, moduleId=1, location=AstNodeLocation [retracedOffset=50, retracedLength=1, assembledOffset=50, assembledLength=1, rootRelativeOffset=50, rootRelativeLength=1, rootRelativeStartLineNumber=1, rootRelativeEndLineNumber=1], inclusionLevel=-1, inclusionOrdinal=-1]
   AstNode [type=Terminal, moduleId=1, location=AstNodeLocation [retracedOffset=51, retracedLength=1, assembledOffset=51, assembledLength=1, rootRelativeOffset=51, rootRelativeLength=1, rootRelativeStartLineNumber=1, rootRelativeEndLineNumber=1], inclusionLevel=-1, inclusionOrdinal=-1]
  AstNode [type=DeclareStatement, moduleId=1, location=AstNodeLocation [retracedOffset=55, retracedLength=23, assembledOffset=55, assembledLength=23, rootRelativeOffset=55, rootRelativeLength=23, rootRelativeStartLineNumber=2, rootRelativeEndLineNumber=3], inclusionLevel=-1, inclusionOrdinal=-1]
   AstNode [type=Keyword, moduleId=1, location=AstNodeLocation [retracedOffset=55, retracedLength=3, assembledOffset=55, assembledLength=3, rootRelativeOffset=55, rootRelativeLength=3, rootRelativeStartLineNumber=2, rootRelativeEndLineNumber=2], inclusionLevel=-1, inclusionOrdinal=-1]
   AstNode [type=NamedVariableDeclaration, moduleId=1, location=AstNodeLocation [retracedOffset=59, retracedLength=15, assembledOffset=59, assembledLength=15, rootRelativeOffset=59, rootRelativeLength=15, rootRelativeStartLineNumber=2, rootRelativeEndLineNumber=2], inclusionLevel=-1, inclusionOrdinal=-1, properties=[byteLength=2, languageType=BIN, name=N, nameLength=1, nameOffset=0]]
    AstNode [type=VariableName, moduleId=1, location=AstNodeLocation [retracedOffset=59, retracedLength=2, assembledOffset=59, assembledLength=2, rootRelativeOffset=59, rootRelativeLength=2, rootRelativeStartLineNumber=2, rootRelativeEndLineNumber=2], inclusionLevel=-1, inclusionOrdinal=-1]
     AstNode [type=Identifier, moduleId=1, location=AstNodeLocation [retracedOffset=59, retracedLength=1, assembledOffset=59, assembledLength=1, rootRelativeOffset=59, rootRelativeLength=1, rootRelativeStartLineNumber=2, rootRelativeEndLineNumber=2], inclusionLevel=-1, inclusionOrdinal=-1]
    AstNode [type=BinaryVariableFormat, moduleId=1, location=AstNodeLocation [retracedOffset=61, retracedLength=13, assembledOffset=61, assembledLength=13, rootRelativeOffset=61, rootRelativeLength=13, rootRelativeStartLineNumber=2, rootRelativeEndLineNumber=2], inclusionLevel=-1, inclusionOrdinal=-1]
     AstNode [type=PrecisionScale, moduleId=1, location=AstNodeLocation [retracedOffset=61, retracedLength=6, assembledOffset=61, assembledLength=6, rootRelativeOffset=61, rootRelativeLength=6, rootRelativeStartLineNumber=2, rootRelativeEndLineNumber=2], inclusionLevel=-1, inclusionOrdinal=-1]
      AstNode [type=Keyword, moduleId=1, location=AstNodeLocation [retracedOffset=61, retracedLength=5, assembledOffset=61, assembledLength=5, rootRelativeOffset=61, rootRelativeLength=5, rootRelativeStartLineNumber=2, rootRelativeEndLineNumber=2], inclusionLevel=-1, inclusionOrdinal=-1]
     AstNode [type=DataType, moduleId=1, location=AstNodeLocation [retracedOffset=67, retracedLength=3, assembledOffset=67, assembledLength=3, rootRelativeOffset=67, rootRelativeLength=3, rootRelativeStartLineNumber=2, rootRelativeEndLineNumber=2], inclusionLevel=-1, inclusionOrdinal=-1]
      AstNode [type=Keyword, moduleId=1, location=AstNodeLocation [retracedOffset=67, retracedLength=3, assembledOffset=67, assembledLength=3, rootRelativeOffset=67, rootRelativeLength=3, rootRelativeStartLineNumber=2, rootRelativeEndLineNumber=2], inclusionLevel=-1, inclusionOrdinal=-1]
     AstNode [type=PrecisionSpecification, moduleId=1, location=AstNodeLocation [retracedOffset=70, retracedLength=4, assembledOffset=70, assembledLength=4, rootRelativeOffset=70, rootRelativeLength=4, rootRelativeStartLineNumber=2, rootRelativeEndLineNumber=2], inclusionLevel=-1, inclusionOrdinal=-1]
      AstNode [type=Terminal, moduleId=1, location=AstNodeLocation [retracedOffset=70, retracedLength=1, assembledOffset=70, assembledLength=1, rootRelativeOffset=70, rootRelativeLength=1, rootRelativeStartLineNumber=2, rootRelativeEndLineNumber=2], inclusionLevel=-1, inclusionOrdinal=-1]
      AstNode [type=DecimalFixedPointConstant, moduleId=1, location=AstNodeLocation [retracedOffset=71, retracedLength=2, assembledOffset=71, assembledLength=2, rootRelativeOffset=71, rootRelativeLength=2, rootRelativeStartLineNumber=2, rootRelativeEndLineNumber=2], inclusionLevel=-1, inclusionOrdinal=-1]
       AstNode [type=NumericValue, moduleId=1, location=AstNodeLocation [retracedOffset=71, retracedLength=2, assembledOffset=71, assembledLength=2, rootRelativeOffset=71, rootRelativeLength=2, rootRelativeStartLineNumber=2, rootRelativeEndLineNumber=2], inclusionLevel=-1, inclusionOrdinal=-1]
      AstNode [type=Terminal, moduleId=1, location=AstNodeLocation [retracedOffset=73, retracedLength=1, assembledOffset=73, assembledLength=1, rootRelativeOffset=73, rootRelativeLength=1, rootRelativeStartLineNumber=2, rootRelativeEndLineNumber=2], inclusionLevel=-1, inclusionOrdinal=-1]
   AstNode [type=Terminal, moduleId=1, location=AstNodeLocation [retracedOffset=74, retracedLength=1, assembledOffset=74, assembledLength=1, rootRelativeOffset=74, rootRelativeLength=1, rootRelativeStartLineNumber=2, rootRelativeEndLineNumber=2], inclusionLevel=-1, inclusionOrdinal=-1]
  AstNode [type=ProcedureBlock, moduleId=1, location=AstNodeLocation [retracedOffset=78, retracedLength=73, assembledOffset=78, assembledLength=73, rootRelativeOffset=78, rootRelativeLength=73, rootRelativeStartLineNumber=3, rootRelativeEndLineNumber=6], inclusionLevel=-1, inclusionOrdinal=-1, properties=[PROCEDURE_NAME=PROC1]]
   AstNode [type=EntryLabel, moduleId=1, location=AstNodeLocation [retracedOffset=78, retracedLength=7, assembledOffset=78, assembledLength=7, rootRelativeOffset=78, rootRelativeLength=7, rootRelativeStartLineNumber=3, rootRelativeEndLineNumber=3], inclusionLevel=-1, inclusionOrdinal=-1]
    AstNode [type=Identifier, moduleId=1, location=AstNodeLocation [retracedOffset=78, retracedLength=5, assembledOffset=78, assembledLength=5, rootRelativeOffset=78, rootRelativeLength=5, rootRelativeStartLineNumber=3, rootRelativeEndLineNumber=3], inclusionLevel=-1, inclusionOrdinal=-1]
    AstNode [type=Terminal, moduleId=1, location=AstNodeLocation [retracedOffset=83, retracedLength=1, assembledOffset=83, assembledLength=1, rootRelativeOffset=83, rootRelativeLength=1, rootRelativeStartLineNumber=3, rootRelativeEndLineNumber=3], inclusionLevel=-1, inclusionOrdinal=-1]
   AstNode [type=ProcedureStatement, moduleId=1, location=AstNodeLocation [retracedOffset=85, retracedLength=24, assembledOffset=85, assembledLength=24, rootRelativeOffset=85, rootRelativeLength=24, rootRelativeStartLineNumber=3, rootRelativeEndLineNumber=4], inclusionLevel=-1, inclusionOrdinal=-1]
    AstNode [type=Keyword, moduleId=1, location=AstNodeLocation [retracedOffset=85, retracedLength=4, assembledOffset=85, assembledLength=4, rootRelativeOffset=85, rootRelativeLength=4, rootRelativeStartLineNumber=3, rootRelativeEndLineNumber=3], inclusionLevel=-1, inclusionOrdinal=-1]
    AstNode [type=Options, moduleId=1, location=AstNodeLocation [retracedOffset=90, retracedLength=14, assembledOffset=90, assembledLength=14, rootRelativeOffset=90, rootRelativeLength=14, rootRelativeStartLineNumber=3, rootRelativeEndLineNumber=3], inclusionLevel=-1, inclusionOrdinal=-1]
     AstNode [type=Keyword, moduleId=1, location=AstNodeLocation [retracedOffset=90, retracedLength=7, assembledOffset=90, assembledLength=7, rootRelativeOffset=90, rootRelativeLength=7, rootRelativeStartLineNumber=3, rootRelativeEndLineNumber=3], inclusionLevel=-1, inclusionOrdinal=-1]
     AstNode [type=Terminal, moduleId=1, location=AstNodeLocation [retracedOffset=98, retracedLength=1, assembledOffset=98, assembledLength=1, rootRelativeOffset=98, rootRelativeLength=1, rootRelativeStartLineNumber=3, rootRelativeEndLineNumber=3], inclusionLevel=-1, inclusionOrdinal=-1]
     AstNode [type=MainOption, moduleId=1, location=AstNodeLocation [retracedOffset=99, retracedLength=4, assembledOffset=99, assembledLength=4, rootRelativeOffset=99, rootRelativeLength=4, rootRelativeStartLineNumber=3, rootRelativeEndLineNumber=3], inclusionLevel=-1, inclusionOrdinal=-1]
      AstNode [type=Keyword, moduleId=1, location=AstNodeLocation [retracedOffset=99, retracedLength=4, assembledOffset=99, assembledLength=4, rootRelativeOffset=99, rootRelativeLength=4, rootRelativeStartLineNumber=3, rootRelativeEndLineNumber=3], inclusionLevel=-1, inclusionOrdinal=-1]
     AstNode [type=Terminal, moduleId=1, location=AstNodeLocation [retracedOffset=103, retracedLength=1, assembledOffset=103, assembledLength=1, rootRelativeOffset=103, rootRelativeLength=1, rootRelativeStartLineNumber=3, rootRelativeEndLineNumber=3], inclusionLevel=-1, inclusionOrdinal=-1]
    AstNode [type=Terminal, moduleId=1, location=AstNodeLocation [retracedOffset=104, retracedLength=1, assembledOffset=104, assembledLength=1, rootRelativeOffset=104, rootRelativeLength=1, rootRelativeStartLineNumber=3, rootRelativeEndLineNumber=3], inclusionLevel=-1, inclusionOrdinal=-1]
   AstNode [type=DeclareStatement, moduleId=1, location=AstNodeLocation [retracedOffset=109, retracedLength=28, assembledOffset=109, assembledLength=28, rootRelativeOffset=109, rootRelativeLength=28, rootRelativeStartLineNumber=4, rootRelativeEndLineNumber=5], inclusionLevel=-1, inclusionOrdinal=-1]
    AstNode [type=Keyword, moduleId=1, location=AstNodeLocation [retracedOffset=109, retracedLength=3, assembledOffset=109, assembledLength=3, rootRelativeOffset=109, rootRelativeLength=3, rootRelativeStartLineNumber=4, rootRelativeEndLineNumber=4], inclusionLevel=-1, inclusionOrdinal=-1]
    AstNode [type=NamedVariableDeclaration, moduleId=1, location=AstNodeLocation [retracedOffset=113, retracedLength=20, assembledOffset=113, assembledLength=20, rootRelativeOffset=113, rootRelativeLength=20, rootRelativeStartLineNumber=4, rootRelativeEndLineNumber=4], inclusionLevel=-1, inclusionOrdinal=-1, properties=[byteLength=4, languageType=BIN, name=Result, nameLength=6, nameOffset=0]]
     AstNode [type=VariableName, moduleId=1, location=AstNodeLocation [retracedOffset=113, retracedLength=7, assembledOffset=113, assembledLength=7, rootRelativeOffset=113, rootRelativeLength=7, rootRelativeStartLineNumber=4, rootRelativeEndLineNumber=4], inclusionLevel=-1, inclusionOrdinal=-1]
      AstNode [type=Identifier, moduleId=1, location=AstNodeLocation [retracedOffset=113, retracedLength=6, assembledOffset=113, assembledLength=6, rootRelativeOffset=113, rootRelativeLength=6, rootRelativeStartLineNumber=4, rootRelativeEndLineNumber=4], inclusionLevel=-1, inclusionOrdinal=-1]
     AstNode [type=BinaryVariableFormat, moduleId=1, location=AstNodeLocation [retracedOffset=120, retracedLength=13, assembledOffset=120, assembledLength=13, rootRelativeOffset=120, rootRelativeLength=13, rootRelativeStartLineNumber=4, rootRelativeEndLineNumber=4], inclusionLevel=-1, inclusionOrdinal=-1]
      AstNode [type=PrecisionScale, moduleId=1, location=AstNodeLocation [retracedOffset=120, retracedLength=6, assembledOffset=120, assembledLength=6, rootRelativeOffset=120, rootRelativeLength=6, rootRelativeStartLineNumber=4, rootRelativeEndLineNumber=4], inclusionLevel=-1, inclusionOrdinal=-1]
       AstNode [type=Keyword, moduleId=1, location=AstNodeLocation [retracedOffset=120, retracedLength=5, assembledOffset=120, assembledLength=5, rootRelativeOffset=120, rootRelativeLength=5, rootRelativeStartLineNumber=4, rootRelativeEndLineNumber=4], inclusionLevel=-1, inclusionOrdinal=-1]
      AstNode [type=DataType, moduleId=1, location=AstNodeLocation [retracedOffset=126, retracedLength=3, assembledOffset=126, assembledLength=3, rootRelativeOffset=126, rootRelativeLength=3, rootRelativeStartLineNumber=4, rootRelativeEndLineNumber=4], inclusionLevel=-1, inclusionOrdinal=-1]
       AstNode [type=Keyword, moduleId=1, location=AstNodeLocation [retracedOffset=126, retracedLength=3, assembledOffset=126, assembledLength=3, rootRelativeOffset=126, rootRelativeLength=3, rootRelativeStartLineNumber=4, rootRelativeEndLineNumber=4], inclusionLevel=-1, inclusionOrdinal=-1]
      AstNode [type=PrecisionSpecification, moduleId=1, location=AstNodeLocation [retracedOffset=129, retracedLength=4, assembledOffset=129, assembledLength=4, rootRelativeOffset=129, rootRelativeLength=4, rootRelativeStartLineNumber=4, rootRelativeEndLineNumber=4], inclusionLevel=-1, inclusionOrdinal=-1]
       AstNode [type=Terminal, moduleId=1, location=AstNodeLocation [retracedOffset=129, retracedLength=1, assembledOffset=129, assembledLength=1, rootRelativeOffset=129, rootRelativeLength=1, rootRelativeStartLineNumber=4, rootRelativeEndLineNumber=4], inclusionLevel=-1, inclusionOrdinal=-1]
       AstNode [type=DecimalFixedPointConstant, moduleId=1, location=AstNodeLocation [retracedOffset=130, retracedLength=2, assembledOffset=130, assembledLength=2, rootRelativeOffset=130, rootRelativeLength=2, rootRelativeStartLineNumber=4, rootRelativeEndLineNumber=4], inclusionLevel=-1, inclusionOrdinal=-1]
        AstNode [type=NumericValue, moduleId=1, location=AstNodeLocation [retracedOffset=130, retracedLength=2, assembledOffset=130, assembledLength=2, rootRelativeOffset=130, rootRelativeLength=2, rootRelativeStartLineNumber=4, rootRelativeEndLineNumber=4], inclusionLevel=-1, inclusionOrdinal=-1]
       AstNode [type=Terminal, moduleId=1, location=AstNodeLocation [retracedOffset=132, retracedLength=1, assembledOffset=132, assembledLength=1, rootRelativeOffset=132, rootRelativeLength=1, rootRelativeStartLineNumber=4, rootRelativeEndLineNumber=4], inclusionLevel=-1, inclusionOrdinal=-1]
    AstNode [type=Terminal, moduleId=1, location=AstNodeLocation [retracedOffset=133, retracedLength=1, assembledOffset=133, assembledLength=1, rootRelativeOffset=133, rootRelativeLength=1, rootRelativeStartLineNumber=4, rootRelativeEndLineNumber=4], inclusionLevel=-1, inclusionOrdinal=-1]
   AstNode [type=EndStatement, moduleId=1, location=AstNodeLocation [retracedOffset=137, retracedLength=14, assembledOffset=137, assembledLength=14, rootRelativeOffset=137, rootRelativeLength=14, rootRelativeStartLineNumber=5, rootRelativeEndLineNumber=6], inclusionLevel=-1, inclusionOrdinal=-1]
    AstNode [type=Keyword, moduleId=1, location=AstNodeLocation [retracedOffset=137, retracedLength=3, assembledOffset=137, assembledLength=3, rootRelativeOffset=137, rootRelativeLength=3, rootRelativeStartLineNumber=5, rootRelativeEndLineNumber=5], inclusionLevel=-1, inclusionOrdinal=-1]
    AstNode [type=Identifier, moduleId=1, location=AstNodeLocation [retracedOffset=141, retracedLength=5, assembledOffset=141, assembledLength=5, rootRelativeOffset=141, rootRelativeLength=5, rootRelativeStartLineNumber=5, rootRelativeEndLineNumber=5], inclusionLevel=-1, inclusionOrdinal=-1]
    AstNode [type=Terminal, moduleId=1, location=AstNodeLocation [retracedOffset=146, retracedLength=1, assembledOffset=146, assembledLength=1, rootRelativeOffset=146, rootRelativeLength=1, rootRelativeStartLineNumber=5, rootRelativeEndLineNumber=5], inclusionLevel=-1, inclusionOrdinal=-1]
  AstNode [type=ProcedureBlock, moduleId=1, location=AstNodeLocation [retracedOffset=151, retracedLength=77, assembledOffset=151, assembledLength=77, rootRelativeOffset=151, rootRelativeLength=77, rootRelativeStartLineNumber=6, rootRelativeEndLineNumber=9], inclusionLevel=-1, inclusionOrdinal=-1, properties=[PROCEDURE_NAME=NESTED_PROC]]
   AstNode [type=EntryLabel, moduleId=1, location=AstNodeLocation [retracedOffset=151, retracedLength=13, assembledOffset=151, assembledLength=13, rootRelativeOffset=151, rootRelativeLength=13, rootRelativeStartLineNumber=6, rootRelativeEndLineNumber=6], inclusionLevel=-1, inclusionOrdinal=-1]
    AstNode [type=Identifier, moduleId=1, location=AstNodeLocation [retracedOffset=151, retracedLength=11, assembledOffset=151, assembledLength=11, rootRelativeOffset=151, rootRelativeLength=11, rootRelativeStartLineNumber=6, rootRelativeEndLineNumber=6], inclusionLevel=-1, inclusionOrdinal=-1]
    AstNode [type=Terminal, moduleId=1, location=AstNodeLocation [retracedOffset=162, retracedLength=1, assembledOffset=162, assembledLength=1, rootRelativeOffset=162, rootRelativeLength=1, rootRelativeStartLineNumber=6, rootRelativeEndLineNumber=6], inclusionLevel=-1, inclusionOrdinal=-1]
   AstNode [type=ProcedureStatement, moduleId=1, location=AstNodeLocation [retracedOffset=164, retracedLength=10, assembledOffset=164, assembledLength=10, rootRelativeOffset=164, rootRelativeLength=10, rootRelativeStartLineNumber=6, rootRelativeEndLineNumber=7], inclusionLevel=-1, inclusionOrdinal=-1]
    AstNode [type=Keyword, moduleId=1, location=AstNodeLocation [retracedOffset=164, retracedLength=4, assembledOffset=164, assembledLength=4, rootRelativeOffset=164, rootRelativeLength=4, rootRelativeStartLineNumber=6, rootRelativeEndLineNumber=6], inclusionLevel=-1, inclusionOrdinal=-1]
    AstNode [type=Terminal, moduleId=1, location=AstNodeLocation [retracedOffset=168, retracedLength=1, assembledOffset=168, assembledLength=1, rootRelativeOffset=168, rootRelativeLength=1, rootRelativeStartLineNumber=6, rootRelativeEndLineNumber=6], inclusionLevel=-1, inclusionOrdinal=-1]
   AstNode [type=PutStatement, moduleId=1, location=AstNodeLocation [retracedOffset=174, retracedLength=35, assembledOffset=174, assembledLength=35, rootRelativeOffset=174, rootRelativeLength=35, rootRelativeStartLineNumber=7, rootRelativeEndLineNumber=8], inclusionLevel=-1, inclusionOrdinal=-1]
    AstNode [type=Keyword, moduleId=1, location=AstNodeLocation [retracedOffset=174, retracedLength=3, assembledOffset=174, assembledLength=3, rootRelativeOffset=174, rootRelativeLength=3, rootRelativeStartLineNumber=7, rootRelativeEndLineNumber=7], inclusionLevel=-1, inclusionOrdinal=-1]
    AstNode [type=SkipOption, moduleId=1, location=AstNodeLocation [retracedOffset=178, retracedLength=5, assembledOffset=178, assembledLength=5, rootRelativeOffset=178, rootRelativeLength=5, rootRelativeStartLineNumber=7, rootRelativeEndLineNumber=7], inclusionLevel=-1, inclusionOrdinal=-1]
     AstNode [type=Keyword, moduleId=1, location=AstNodeLocation [retracedOffset=178, retracedLength=4, assembledOffset=178, assembledLength=4, rootRelativeOffset=178, rootRelativeLength=4, rootRelativeStartLineNumber=7, rootRelativeEndLineNumber=7], inclusionLevel=-1, inclusionOrdinal=-1]
    AstNode [type=DataSpecificationOptions, moduleId=1, location=AstNodeLocation [retracedOffset=183, retracedLength=21, assembledOffset=183, assembledLength=21, rootRelativeOffset=183, rootRelativeLength=21, rootRelativeStartLineNumber=7, rootRelativeEndLineNumber=7], inclusionLevel=-1, inclusionOrdinal=-1]
     AstNode [type=ListOption, moduleId=1, location=AstNodeLocation [retracedOffset=183, retracedLength=21, assembledOffset=183, assembledLength=21, rootRelativeOffset=183, rootRelativeLength=21, rootRelativeStartLineNumber=7, rootRelativeEndLineNumber=7], inclusionLevel=-1, inclusionOrdinal=-1]
      AstNode [type=Keyword, moduleId=1, location=AstNodeLocation [retracedOffset=183, retracedLength=4, assembledOffset=183, assembledLength=4, rootRelativeOffset=183, rootRelativeLength=4, rootRelativeStartLineNumber=7, rootRelativeEndLineNumber=7], inclusionLevel=-1, inclusionOrdinal=-1]
      AstNode [type=Terminal, moduleId=1, location=AstNodeLocation [retracedOffset=187, retracedLength=1, assembledOffset=187, assembledLength=1, rootRelativeOffset=187, rootRelativeLength=1, rootRelativeStartLineNumber=7, rootRelativeEndLineNumber=7], inclusionLevel=-1, inclusionOrdinal=-1]
      AstNode [type=DataList, moduleId=1, location=AstNodeLocation [retracedOffset=188, retracedLength=15, assembledOffset=188, assembledLength=15, rootRelativeOffset=188, rootRelativeLength=15, rootRelativeStartLineNumber=7, rootRelativeEndLineNumber=7], inclusionLevel=-1, inclusionOrdinal=-1]
       AstNode [type=DataListMember, moduleId=1, location=AstNodeLocation [retracedOffset=188, retracedLength=15, assembledOffset=188, assembledLength=15, rootRelativeOffset=188, rootRelativeLength=15, rootRelativeStartLineNumber=7, rootRelativeEndLineNumber=7], inclusionLevel=-1, inclusionOrdinal=-1]
        AstNode [type=ConstantExpression, moduleId=1, location=AstNodeLocation [retracedOffset=188, retracedLength=15, assembledOffset=188, assembledLength=15, rootRelativeOffset=188, rootRelativeLength=15, rootRelativeStartLineNumber=7, rootRelativeEndLineNumber=7], inclusionLevel=-1, inclusionOrdinal=-1]
         AstNode [type=CharacterConstant, moduleId=1, location=AstNodeLocation [retracedOffset=188, retracedLength=15, assembledOffset=188, assembledLength=15, rootRelativeOffset=188, rootRelativeLength=15, rootRelativeStartLineNumber=7, rootRelativeEndLineNumber=7], inclusionLevel=-1, inclusionOrdinal=-1]
          AstNode [type=AlphanumericConstantValue, moduleId=1, location=AstNodeLocation [retracedOffset=188, retracedLength=15, assembledOffset=188, assembledLength=15, rootRelativeOffset=188, rootRelativeLength=15, rootRelativeStartLineNumber=7, rootRelativeEndLineNumber=7], inclusionLevel=-1, inclusionOrdinal=-1]
      AstNode [type=Terminal, moduleId=1, location=AstNodeLocation [retracedOffset=203, retracedLength=1, assembledOffset=203, assembledLength=1, rootRelativeOffset=203, rootRelativeLength=1, rootRelativeStartLineNumber=7, rootRelativeEndLineNumber=7], inclusionLevel=-1, inclusionOrdinal=-1]
    AstNode [type=Terminal, moduleId=1, location=AstNodeLocation [retracedOffset=204, retracedLength=1, assembledOffset=204, assembledLength=1, rootRelativeOffset=204, rootRelativeLength=1, rootRelativeStartLineNumber=7, rootRelativeEndLineNumber=7], inclusionLevel=-1, inclusionOrdinal=-1]
   AstNode [type=EndStatement, moduleId=1, location=AstNodeLocation [retracedOffset=209, retracedLength=19, assembledOffset=209, assembledLength=19, rootRelativeOffset=209, rootRelativeLength=19, rootRelativeStartLineNumber=8, rootRelativeEndLineNumber=9], inclusionLevel=-1, inclusionOrdinal=-1]
    AstNode [type=Keyword, moduleId=1, location=AstNodeLocation [retracedOffset=209, retracedLength=3, assembledOffset=209, assembledLength=3, rootRelativeOffset=209, rootRelativeLength=3, rootRelativeStartLineNumber=8, rootRelativeEndLineNumber=8], inclusionLevel=-1, inclusionOrdinal=-1]
    AstNode [type=Identifier, moduleId=1, location=AstNodeLocation [retracedOffset=213, retracedLength=11, assembledOffset=213, assembledLength=11, rootRelativeOffset=213, rootRelativeLength=11, rootRelativeStartLineNumber=8, rootRelativeEndLineNumber=8], inclusionLevel=-1, inclusionOrdinal=-1]
    AstNode [type=Terminal, moduleId=1, location=AstNodeLocation [retracedOffset=224, retracedLength=1, assembledOffset=224, assembledLength=1, rootRelativeOffset=224, rootRelativeLength=1, rootRelativeStartLineNumber=8, rootRelativeEndLineNumber=8], inclusionLevel=-1, inclusionOrdinal=-1]
  AstNode [type=EndStatement, moduleId=1, location=AstNodeLocation [retracedOffset=228, retracedLength=17, assembledOffset=228, assembledLength=17, rootRelativeOffset=228, rootRelativeLength=17, rootRelativeStartLineNumber=9, rootRelativeEndLineNumber=9], inclusionLevel=-1, inclusionOrdinal=-1]
   AstNode [type=Keyword, moduleId=1, location=AstNodeLocation [retracedOffset=228, retracedLength=3, assembledOffset=228, assembledLength=3, rootRelativeOffset=228, rootRelativeLength=3, rootRelativeStartLineNumber=9, rootRelativeEndLineNumber=9], inclusionLevel=-1, inclusionOrdinal=-1]
   AstNode [type=Identifier, moduleId=1, location=AstNodeLocation [retracedOffset=232, retracedLength=12, assembledOffset=232, assembledLength=12, rootRelativeOffset=232, rootRelativeLength=12, rootRelativeStartLineNumber=9, rootRelativeEndLineNumber=9], inclusionLevel=-1, inclusionOrdinal=-1]
   AstNode [type=Terminal, moduleId=1, location=AstNodeLocation [retracedOffset=244, retracedLength=1, assembledOffset=244, assembledLength=1, rootRelativeOffset=244, rootRelativeLength=1, rootRelativeStartLineNumber=9, rootRelativeEndLineNumber=9], inclusionLevel=-1, inclusionOrdinal=-1]
