 #2 DefineDataStmt
 #8 DecideForStmt, Label: DECIDE FOR FIRST CONDITION, FROM={TestEntryPoint}, TO={#16(#VAR1 = 5), #26(#VAR1 = 15), #29(WHEN ANY), #35(NONE)}
   #16 WRITE NOTITLE '1', FROM={#8(#VAR1 = 5)}, TO={#39}
   #26 IgnoreStmt, FROM={#8(#VAR1 = 15)}, TO={#39}
   #29 WRITE NOTITLE 'ANY', FROM={#8(WHEN ANY)}, TO={#39}
   #35 WRITE NOTITLE 'NONE', FROM={#8(NONE)}, TO={#39}
 #39 WRITE NOTITLE 'END', FROM={#16, #26, #29, #35}, TO={#43}
 #43 EndStmt, FROM={#39}, TO={TestReturnPoint}
