 #2 ProcedureBlock, FROM={TestEntryPoint}, TO={#6}
  #6 ProcedureStatement, FROM={#2}, TO={#15}
  #15 DeclareStatement, FROM={#6}, TO={#57}
  #31 ProcedureBlock
   #35 ProcedureStatement
   #38 PutStatement
   #53 EndStatement
  #57 EndStatement, FROM={#15}, TO={TestHaltPoint}
 #61 ProcedureBlock, FROM={TestEntryPoint}, TO={#65}
  #65 ProcedureStatement, FROM={#61}, TO={#68}
  #68 PutStatement, FROM={#65}, TO={#83}
  #83 EndStatement, FROM={#68}, TO={TestReturnPoint}
