 #2 PackageBlock
  #6 PackageStatement
  #14 DeclareStatement
  #30 ProcedureBlock, FROM={TestEntryPoint}, TO={#34}
   #34 ProcedureStatement, FROM={#30}, TO={#43}
   #43 DeclareStatement, FROM={#34}, TO={#59}
   #59 EndStatement, FROM={#43}, TO={TestHaltPoint}
  #63 ProcedureBlock, FROM={TestEntryPoint}, TO={#67}
   #67 ProcedureStatement, FROM={#63}, TO={#70}
   #70 PutStatement, FROM={#67}, TO={#85}
   #85 EndStatement, FROM={#70}, TO={#89}
  #89 EndStatement, FROM={#85}, TO={TestHaltPoint}
