 #2 DefineDataStmt
 #23 FormatStmt
 #26 IncludeStmt, FROM={TestEntryPoint}, TO={#27}
 #27 RepeatStmt, Label: REPEAT, FROM={#192, #26, #58}, TO={#210(LOOP END), #29(LOOP BODY), #84(AT BREAK OF #FIELD)}
  #29 AddStmt, FROM={#27(LOOP BODY)}, TO={#32}
  #32 IfStmt, Label: IF #I01 GT 6, FROM={#29}, TO={#38(TRUE), #41(FALSE)}
    #38 EscapeStmt, FROM={#32(TRUE)}, TO={#210}
  #41 AddStmt, FROM={#32(FALSE)}, TO={#44}
  #44 IfStmt, Label: IF #I02 EQ 2, FROM={#41}, TO={#50(TRUE), #58(FALSE)}
    #50 MoveStmt, FROM={#44(TRUE)}, TO={#55}
    #55 ResetStmt, FROM={#50}, TO={#58}
  #58 WRITE (1) NOTITLE *PROGRAM 'loop:' #I01 'field:' #FIELD 'field-n' #FIELD-N, FROM={#44(FALSE), #55}, TO={#27}
  #81 BreakStmt, Label: AT BREAK OF #FIELD
   #84 WRITE (1) NOTITLE *PROGRAM 'BREAK at field:' #FIELD-N 'aver:' AVER(#FIELD-N), FROM={#27(AT BREAK OF #FIELD)}, TO={#102}
   #102 WRITE (1) NOTITLE *PROGRAM 'BREAK at field:' #FIELD-N 'sum:' SUM(#FIELD-N), FROM={#84}, TO={#120}
   #120 WRITE (1) NOTITLE *PROGRAM 'BREAK at field:' #FIELD-N 'total:' TOTAL(#FIELD-N), FROM={#102}, TO={#138}
   #138 WRITE (1) NOTITLE *PROGRAM 'BREAK at field:' #FIELD 'count:' COUNT(#FIELD), FROM={#120}, TO={#156}
   #156 WRITE (1) NOTITLE *PROGRAM 'BREAK at field:' #FIELD 'max:' MAX(#FIELD), FROM={#138}, TO={#174}
   #174 WRITE (1) NOTITLE *PROGRAM 'BREAK at field:' #FIELD 'min:' MIN(#FIELD), FROM={#156}, TO={#192}
   #192 WRITE (1) NOTITLE *PROGRAM 'BREAK at field:' #FIELD 'old:' OLD(#FIELD), FROM={#174}, TO={#27}
 #210 EndStmt, FROM={#27(LOOP END), #38}, TO={TestReturnPoint}
