MS8268B DFHMSD TYPE=&&SYSPARM,                                         *
               MODE=INOUT,                                             *
               CTRL=(FREEKB),                                          *
               LANG=COBOL,                                             *
               TIOAPFX=YES
M8268B  DFHMDI SIZE=(24,80)
        DFHMDF POS=(8,12),LENGTH=2,INITIAL='2)',                       *
               ATTRB=(PROT,NORM)
FIELD02 DFHMDF POS=(8,15),LENGTH=40,ATTRB=(UNPROT),                    *
               INITIAL=''
        DFHMDF POS=(9,12),LENGTH=2,INITIAL='3)',                       *
               ATTRB=(PROT,NORM)
FIELD03 DFHMDF POS=(9,15),LENGTH=45,ATTRB=(UNPROT),                    *
               INITIAL=''
FIELDA1 DFHMDF POS=(11,15),LENGTH=40,ATTRB=(PROT),                     *
               INITIAL=''
FIELDA2 DFHMDF POS=(12,15),LENGTH=45,ATTRB=(PROT),                     *
               INITIAL=''
FIELDA3 DFHMDF POS=(13,15),LENGTH=50,ATTRB=(PROT),                     *
               INITIAL=''
        DFHMSD TYPE=FINAL
        END
