  #3 CFunctionDefinition, Function Name : main, FROM={TestEntryPoint}, TO={#9}
   #9 CExpressionStatement, FROM={#3}, TO={#14}
     #11 CFunctionReference
   #14 CExpressionStatement, FROM={#9}, TO={#19}
     #16 CFunctionReference
   #19 CExpressionStatement, FROM={#14}, TO={TestReturnPoint}
     #21 CFunctionReference
