 #2 JclJobNode, Label: MATEKSD {NOTIFY=&SYSUID, MSGLEVEL=1,1}, FROM={TestEntryPoint}, TO={#3}
  #3 JclStepExec, Label: EXP1 EXEC PGM=PGM1, FROM={#2}, TO={#4}
  #4 JclStepExec, Label: EXP2 EXEC PGM=PGM2, FROM={#3}, TO={#5}
  #5 JclStepIf, Label: IFTEST4 IF EXP1.PSTEPONE.RC GT 4, FROM={#4}, TO={#10(FALSE), #8(TRUE)}
   #6 JclCondition, Label: EXP1.PSTEPONE.RC GT 4
    #8 JclStepExec, Label: STEP1ERR EXEC PGM=PROG1, FROM={#5(TRUE)}, TO={#16}
    #10 JclStepIf, Label: IFTEST5 IF EXP2.PSTEPTWO.ABENDCC EQ U0012, FROM={#5(FALSE)}, TO={#13(TRUE), #15(FALSE)}
     #11 JclCondition, Label: EXP2.PSTEPTWO.ABENDCC EQ U0012
      #13 JclStepExec, Label: STEP2ERR EXEC PGM=PROG2, FROM={#10(TRUE)}, TO={#16}
      #15 JclStepExec, Label: NOERR EXEC PGM=PROG3, FROM={#10(FALSE)}, TO={#16}
  #16 JclStepExec, Label: NOPROB EXEC PGM=RUNOK, FROM={#13, #15, #8}, TO={TestReturnPoint}
