  #4 CFunctionDefinition, Function Name : main, FROM={TestEntryPoint}, TO={#10}
   #10 CDoWhileStatement, Label: do{ printf("inside the first while"); ++i; } while (i <= 5);, FROM={#16, #4}, TO={#11(LOOP BODY), #23(LOOP END)}
    #11 CExpressionStatement, FROM={#10(LOOP BODY)}, TO={#16}
      #13 CFunctionReference
    #16 CExpressionStatement, FROM={#11}, TO={#10}
   #23 CExpressionStatement, FROM={#10(LOOP END)}, TO={#28}
     #25 CFunctionReference
   #28 CDoWhileStatement, Label: do{ printf("inside the second while"); ++i; } while (i <= 7);, FROM={#23, #34}, TO={#29(LOOP BODY), #41(LOOP END)}
    #29 CExpressionStatement, FROM={#28(LOOP BODY)}, TO={#34}
      #31 CFunctionReference
    #34 CExpressionStatement, FROM={#29}, TO={#28}
   #41 CExpressionStatement, FROM={#28(LOOP END)}, TO={TestReturnPoint}
     #43 CFunctionReference
