  #4 CFunctionDefinition, Function Name : main, FROM={TestEntryPoint}, TO={#10}
   #10 CForStatement, Label: for (int i=1; i<6; i++) { printf("Inside the for loop"); if(a > b){ break; } printf("Should be unreachable"); }, FROM={#38, #4}, TO={#25(LOOP BODY), #43(LOOP END)}
    #25 CExpressionStatement, FROM={#10(LOOP BODY)}, TO={#30}
      #27 CFunctionReference
    #30 CIfElseStatement, Label: if(a > b){ break; }, FROM={#25}, TO={#37(TRUE), #38(FALSE)}
      #37 CBreakStatement, FROM={#30(TRUE)}, TO={#43}
    #38 CExpressionStatement, FROM={#30(FALSE)}, TO={#10}
      #40 CFunctionReference
   #43 CExpressionStatement, FROM={#10(LOOP END), #37}, TO={#48}
     #45 CFunctionReference
   #48 CForStatement, Label: for (int i=1; i<6; i++) { if(a > b) { continue; } printf("Unreachable Inside the for loop"); }, FROM={#43, #70, #71}, TO={#63(LOOP BODY), TestReturnPoint}
    #63 CIfElseStatement, Label: if(a > b) { continue; }, FROM={#48(LOOP BODY)}, TO={#70(TRUE), #71(FALSE)}
      #70 CContinueStatement, FROM={#63(TRUE)}, TO={#48}
    #71 CExpressionStatement, FROM={#63(FALSE)}, TO={#48}
      #73 CFunctionReference
