  #4 CFunctionDefinition, Function Name : main, FROM={TestEntryPoint}, TO={#10}
   #10 CWhileStatement, Label: while (i <= 5) { printf("inside the while"); ++i; if(a > b) { continue; } printf("Should be un reachable"); }, FROM={#30, #31, #4}, TO={#15(LOOP BODY), #36(LOOP END)}
    #15 CExpressionStatement, FROM={#10(LOOP BODY)}, TO={#20}
      #17 CFunctionReference
    #20 CExpressionStatement, FROM={#15}, TO={#23}
    #23 CIfElseStatement, Label: if(a > b) { continue; }, FROM={#20}, TO={#30(TRUE), #31(FALSE)}
      #30 CContinueStatement, FROM={#23(TRUE)}, TO={#10}
    #31 CExpressionStatement, FROM={#23(FALSE)}, TO={#10}
      #33 CFunctionReference
   #36 CExpressionStatement, FROM={#10(LOOP END)}, TO={TestReturnPoint}
     #38 CFunctionReference
