  #4 CFunctionDefinition, Function Name : main, FROM={TestEntryPoint}, TO={#10}
   #10 CWhileStatement, Label: while (i <= 5) { printf("inside the while"); ++i; }, FROM={#20, #4}, TO={#15(LOOP BODY), #23(LOOP END)}
    #15 CExpressionStatement, FROM={#10(LOOP BODY)}, TO={#20}
      #17 CFunctionReference
    #20 CExpressionStatement, FROM={#15}, TO={#10}
   #23 CWhileStatement, Label: while (i <= 5) { printf("inside the while"); ++i; }, FROM={#10(LOOP END), #33}, TO={#28(LOOP BODY), TestReturnPoint}
    #28 CExpressionStatement, FROM={#23(LOOP BODY)}, TO={#33}
      #30 CFunctionReference
    #33 CExpressionStatement, FROM={#28}, TO={#23}
