  #3 CFunctionDefinition, Function Name : checkEvenOrNot, FROM={#55(CALL), TestEntryPoint}, TO={#13}
   #13 CIfElseStatement, Label: if (num % 2 == 0) goto even; else goto odd;, FROM={#3}, TO={#22(TRUE), #24(FALSE)}
     #22 CGoToStatement, FROM={#13(TRUE)}, TO={#25(JUMP)}
     #24 CGoToStatement, FROM={#13(FALSE)}, TO={#33(JUMP)}
   #25 CIdentifierLabeledStatement, FROM={#22(JUMP)}, TO={#26}
    #26 CExpressionStatement, FROM={#25}, TO={#32}
      #28 CFunctionReference
   #32 CReturnStatement, FROM={#26}, TO={#53}
   #33 CIdentifierLabeledStatement, FROM={#24(JUMP)}, TO={#34}
    #34 CExpressionStatement, FROM={#33}, TO={TestReturnPoint}
      #36 CFunctionReference
  #40 CFunctionDefinition, Function Name : main, FROM={TestEntryPoint}, TO={#55}
   #53 CExpressionStatement, FROM={#32}, TO={#58}
     #55 CFunctionReference, Label: checkEvenOrNot(num), FROM={#40}, TO={#3(CALL)}
   #58 CReturnStatement, FROM={#53}, TO={TestReturnPoint}
