AstNode [type=BmsModel, moduleId=1, location=AstNodeLocation [retracedOffset=-1, retracedLength=-1, assembledOffset=-1, assembledLength=-1, rootRelativeOffset=-1, rootRelativeLength=-1, rootRelativeStartLineNumber=-1, rootRelativeEndLineNumber=-1], inclusionLevel=-1, inclusionOrdinal=-1, hasAstModuleId=1]
 AstNode [type=BmsDfhmsdNode, moduleId=1, location=AstNodeLocation [retracedOffset=8, retracedLength=6, assembledOffset=8, assembledLength=6, rootRelativeOffset=8, rootRelativeLength=6, rootRelativeStartLineNumber=1, rootRelativeEndLineNumber=1], inclusionLevel=-1, inclusionOrdinal=-1]
  AstNode [type=BmsDfhmdiNode, moduleId=1, location=AstNodeLocation [retracedOffset=8, retracedLength=6, assembledOffset=8, assembledLength=6, rootRelativeOffset=8, rootRelativeLength=6, rootRelativeStartLineNumber=1, rootRelativeEndLineNumber=1], inclusionLevel=-1, inclusionOrdinal=-1]
   AstNode [type=BmsDfhmdfNode, moduleId=1, location=AstNodeLocation [retracedOffset=9, retracedLength=6, assembledOffset=9, assembledLength=6, rootRelativeOffset=9, rootRelativeLength=6, rootRelativeStartLineNumber=1, rootRelativeEndLineNumber=1], inclusionLevel=-1, inclusionOrdinal=-1]
   AstNode [type=BmsDfhmdfNode, moduleId=1, location=AstNodeLocation [retracedOffset=9, retracedLength=6, assembledOffset=9, assembledLength=6, rootRelativeOffset=9, rootRelativeLength=6, rootRelativeStartLineNumber=1, rootRelativeEndLineNumber=1], inclusionLevel=-1, inclusionOrdinal=-1]
   AstNode [type=BmsDfhmdfNode, moduleId=1, location=AstNodeLocation [retracedOffset=9, retracedLength=6, assembledOffset=9, assembledLength=6, rootRelativeOffset=9, rootRelativeLength=6, rootRelativeStartLineNumber=1, rootRelativeEndLineNumber=1], inclusionLevel=-1, inclusionOrdinal=-1]
   AstNode [type=BmsDfhmdfNode, moduleId=1, location=AstNodeLocation [retracedOffset=9, retracedLength=6, assembledOffset=9, assembledLength=6, rootRelativeOffset=9, rootRelativeLength=6, rootRelativeStartLineNumber=1, rootRelativeEndLineNumber=1], inclusionLevel=-1, inclusionOrdinal=-1]
   AstNode [type=BmsDfhmdfNode, moduleId=1, location=AstNodeLocation [retracedOffset=9, retracedLength=6, assembledOffset=9, assembledLength=6, rootRelativeOffset=9, rootRelativeLength=6, rootRelativeStartLineNumber=1, rootRelativeEndLineNumber=1], inclusionLevel=-1, inclusionOrdinal=-1]
   AstNode [type=BmsDfhmdfNode, moduleId=1, location=AstNodeLocation [retracedOffset=9, retracedLength=6, assembledOffset=9, assembledLength=6, rootRelativeOffset=9, rootRelativeLength=6, rootRelativeStartLineNumber=1, rootRelativeEndLineNumber=1], inclusionLevel=-1, inclusionOrdinal=-1]
   AstNode [type=BmsDfhmdfNode, moduleId=1, location=AstNodeLocation [retracedOffset=9, retracedLength=6, assembledOffset=9, assembledLength=6, rootRelativeOffset=9, rootRelativeLength=6, rootRelativeStartLineNumber=1, rootRelativeEndLineNumber=1], inclusionLevel=-1, inclusionOrdinal=-1]
   AstNode [type=BmsDfhmdfNode, moduleId=1, location=AstNodeLocation [retracedOffset=9, retracedLength=6, assembledOffset=9, assembledLength=6, rootRelativeOffset=9, rootRelativeLength=6, rootRelativeStartLineNumber=1, rootRelativeEndLineNumber=1], inclusionLevel=-1, inclusionOrdinal=-1]
   AstNode [type=BmsDfhmdfNode, moduleId=1, location=AstNodeLocation [retracedOffset=9, retracedLength=6, assembledOffset=9, assembledLength=6, rootRelativeOffset=9, rootRelativeLength=6, rootRelativeStartLineNumber=1, rootRelativeEndLineNumber=1], inclusionLevel=-1, inclusionOrdinal=-1]
   AstNode [type=BmsDfhmdfNode, moduleId=1, location=AstNodeLocation [retracedOffset=9, retracedLength=6, assembledOffset=9, assembledLength=6, rootRelativeOffset=9, rootRelativeLength=6, rootRelativeStartLineNumber=1, rootRelativeEndLineNumber=1], inclusionLevel=-1, inclusionOrdinal=-1]
   AstNode [type=BmsDfhmdfNode, moduleId=1, location=AstNodeLocation [retracedOffset=8, retracedLength=6, assembledOffset=8, assembledLength=6, rootRelativeOffset=8, rootRelativeLength=6, rootRelativeStartLineNumber=1, rootRelativeEndLineNumber=1], inclusionLevel=-1, inclusionOrdinal=-1]
   AstNode [type=BmsDfhmdfNode, moduleId=1, location=AstNodeLocation [retracedOffset=8, retracedLength=6, assembledOffset=8, assembledLength=6, rootRelativeOffset=8, rootRelativeLength=6, rootRelativeStartLineNumber=1, rootRelativeEndLineNumber=1], inclusionLevel=-1, inclusionOrdinal=-1]
   AstNode [type=BmsDfhmdfNode, moduleId=1, location=AstNodeLocation [retracedOffset=9, retracedLength=6, assembledOffset=9, assembledLength=6, rootRelativeOffset=9, rootRelativeLength=6, rootRelativeStartLineNumber=1, rootRelativeEndLineNumber=1], inclusionLevel=-1, inclusionOrdinal=-1]
   AstNode [type=BmsDfhmdfNode, moduleId=1, location=AstNodeLocation [retracedOffset=9, retracedLength=6, assembledOffset=9, assembledLength=6, rootRelativeOffset=9, rootRelativeLength=6, rootRelativeStartLineNumber=1, rootRelativeEndLineNumber=1], inclusionLevel=-1, inclusionOrdinal=-1]
   AstNode [type=BmsDfhmdfNode, moduleId=1, location=AstNodeLocation [retracedOffset=9, retracedLength=6, assembledOffset=9, assembledLength=6, rootRelativeOffset=9, rootRelativeLength=6, rootRelativeStartLineNumber=1, rootRelativeEndLineNumber=1], inclusionLevel=-1, inclusionOrdinal=-1]
