  #4 CFunctionDefinition, Function Name : main, FROM={TestEntryPoint}, TO={#17}
   #17 CIfElseStatement, Label: if (i > 15) { printf("10 is less than 15"); }, FROM={#4}, TO={#24(TRUE), #29(FALSE)}
     #24 CExpressionStatement, FROM={#17(TRUE)}, TO={#29}
       #26 CFunctionReference
   #29 CExpressionStatement, FROM={#17(FALSE), #24}, TO={#41}
     #31 CFunctionReference
   #41 CIfElseStatement, Label: if (i > 15) { printf("10 is greater than 15"); }, FROM={#29}, TO={#48(TRUE), TestReturnPoint}
     #48 CExpressionStatement, FROM={#41(TRUE)}, TO={TestReturnPoint}
       #50 CFunctionReference
