  #3 CFunctionDefinition, Function Name : main, FROM={TestEntryPoint}, TO={#21}
   #21 CSwitchStatement, Label: switch(x>y && x+y>0) { case 1: printf("hi"); case 0: printf("bye"); default: printf(" Hello bye "); }, FROM={#3}, TO={#35(1), #42(0), #48(DEFAULT)}
     #35 CExpressionStatement, FROM={#21(1)}, TO={TestReturnPoint}
       #37 CFunctionReference
     #42 CExpressionStatement, FROM={#21(0)}, TO={TestReturnPoint}
       #44 CFunctionReference
     #48 CExpressionStatement, FROM={#21(DEFAULT)}, TO={TestReturnPoint}
       #50 CFunctionReference
