  #3 CFunctionDefinition, Function Name : foo, FROM={TestEntryPoint}, TO={#17}
   #17 CSwitchStatement, Label: switch(a) { case "a": printf("This is the branch for case A" ); case "b": printf("This is the branch for case B" ); default : printf("This is the default Branch"); }, FROM={#3}, TO={#23("a"), #30("b"), #36(DEFAULT)}
     #23 CExpressionStatement, FROM={#17("a")}, TO={TestReturnPoint}
       #25 CFunctionReference
     #30 CExpressionStatement, FROM={#17("b")}, TO={TestReturnPoint}
       #32 CFunctionReference
     #36 CExpressionStatement, FROM={#17(DEFAULT)}, TO={TestReturnPoint}
       #38 CFunctionReference
