 ProcedureDivision [start: 7, end: 25] [tokens: PROCEDURE DIVISION]
   CobolDisplayStmt [start: 38, end: 53] [tokens: DISPLAY 'PROG2']
     CobolReferenceExpression [start: 46, end: 53] [tokens: 'PROG2']
       CobolConstantReference [start: 46, end: 53] [tokens: 'PROG2']
   CobolComment [start: 71, end: 93] [tokens: * COPY_START CC1 3 0 3]
   CobolDisplayStmt [start: 105, end: 125] [tokens: DISPLAY 'CC1 from B']
     CobolReferenceExpression [start: 113, end: 125] [tokens: 'CC1 from B']
       CobolConstantReference [start: 113, end: 125] [tokens: 'CC1 from B']
   CobolComment [start: 133, end: 147] [tokens: * COPY_END CC1]