         TITLE 'MMRS-M01 - MMRS71C, Map of ???? dialog '                          
MMRS71C  DFHMSD EXTATT=YES,                                            -
               LANG=COBOL,                                             -
               MODE=INOUT,                                             -
               STORAGE=AUTO,                                           -
               TIOAPFX=YES,                                            -
               TYPE=&&SYSPARM 
         SPACE                                                         
*              ** Headline **                                     
MMRS71C  DFHMDI COLUMN=1,LINE=1,SIZE=(24,80)
         SPACE                                                        
*              ** User **                                     
WHATTXT  DFHMDF ATTRB=(ASKIP,NORM),                                    -
               LENGTH=25,                                              -
               POS=(6,1),                                              -
               INITIAL='what do you do now ?' 
WHATIN   DFHMDF ATTRB=(BRT,IC,UNPROT),                                 -
               LENGTH=50,                                              -
               POS=(6,27),                                             -
               INITIAL=' ' 
         DFHMDF LENGTH=1,                                              -
               POS=(6,78) 
         SPACE                                                        
         DFHMSD TYPE=FINAL
         END
