 #2 DefineDataStmt
 #13 HistogramStmt, Label: HISTOGRAM HIST-VIEW CITY STARTING FROM 'M', FROM={#19, TestEntryPoint}, TO={#19(LOOP BODY), #23(LOOP END)}
  #19 WRITE NOTITLE '0', FROM={#13(LOOP BODY)}, TO={#13}
 #23 HistogramStmt, Label: HISTOGRAM HIST-VIEW D-KNR-TNR-FAP-SUCHBEGRIFF-GDAT, FROM={#13(LOOP END), #27}, TO={#27(LOOP BODY), #31(LOOP END)}
  #27 WRITE NOTITLE '1', FROM={#23(LOOP BODY)}, TO={#23}
 #31 HistogramStmt, Label: HISTOGRAM HIST-VIEW IN ASCENDING SEQUENCE D-KNR-TNR-FAP-SUCHBEGRIFF-GDAT, FROM={#23(LOOP END), #35}, TO={#35(LOOP BODY), #39(LOOP END)}
  #35 WRITE NOTITLE '2', FROM={#31(LOOP BODY)}, TO={#31}
 #39 HistogramStmt, Label: HISTOGRAM HIST-VIEW D-KNR-TNR-FAP-SUCHBEGRIFF-GDAT STARTING FROM 1, FROM={#31(LOOP END), #45}, TO={#45(LOOP BODY), #49(LOOP END)}
  #45 WRITE NOTITLE '3', FROM={#39(LOOP BODY)}, TO={#39}
 #49 HistogramStmt, Label: HISTOGRAM (12) HIST-VIEW IN DESCENDING SEQUENCE FOR D-KNR-TNR-FAP-SUCHBEGRIFF-GDAT FROM 0, FROM={#39(LOOP END), #56}, TO={#56(LOOP BODY), #60(LOOP END)}
  #56 WRITE NOTITLE '4', FROM={#49(LOOP BODY)}, TO={#49}
 #60 EndStmt, FROM={#49(LOOP END)}, TO={TestReturnPoint}
