 #2 DefineDataStmt
 #39 ReadWithoutDescriptorStmt, Label: READ READ-VIEW, FROM={#42, TestEntryPoint}, TO={#42(LOOP BODY), #46(LOOP END)}
  #42 WRITE NOTITLE '0', FROM={#39(LOOP BODY)}, TO={#39}
 #46 ReadStmt, Label: READ DELETE-VIEW BY DELETE-VIEW.K121-JAHRMON, FROM={#39(LOOP END), #51}, TO={#50(LOOP BODY), #55(LOOP END)}
  #50 DeleteStmt, FROM={#46(LOOP BODY)}, TO={#51}
  #51 WRITE NOTITLE '1', FROM={#50}, TO={#46}
 #55 ReadStmt, Label: READ READ-VIEW BY ISN, FROM={#46(LOOP END), #63}, TO={#62(LOOP BODY), #67(LOOP END)}
  #62 DeleteStmt, FROM={#55(LOOP BODY)}, TO={#63}
  #63 WRITE NOTITLE '2', FROM={#62}, TO={#55}
 #67 ReadWithoutDescriptorStmt, Label: READ (30) READ-VIEW, FROM={#55(LOOP END), #71}, TO={#71(LOOP BODY), #75(LOOP END)}
  #71 WRITE NOTITLE '3', FROM={#67(LOOP BODY)}, TO={#67}
 #75 ReadWithoutDescriptorStmt, Label: READ READ-VIEW IN PHYSICAL SEQUENCE, FROM={#67(LOOP END), #78}, TO={#78(LOOP BODY), #82(LOOP END)}
  #78 WRITE NOTITLE '4', FROM={#75(LOOP BODY)}, TO={#75}
 #82 ReadStmt, Label: READ READ-VIEW BY ISN STARTING FROM 1 ENDING AT 3, FROM={#75(LOOP END), #92}, TO={#91(LOOP BODY), #96(LOOP END)}
  #91 DeleteStmt, FROM={#82(LOOP BODY)}, TO={#92}
  #92 WRITE NOTITLE '5', FROM={#91}, TO={#82}
 #96 ReadStmt, Label: READ READ-VIEW WITH REPOSITION BY K121-JAHRMON = #INDEX, FROM={#103, #82(LOOP END)}, TO={#103(LOOP BODY), #107(LOOP END)}
  #103 WRITE NOTITLE '6', FROM={#96(LOOP BODY)}, TO={#96}
 #107 EndStmt, FROM={#96(LOOP END)}, TO={TestReturnPoint}
