  #5 JavaMethodDeclaration, FROM={TestEntryPoint}, TO={#10}
   #9 JavaBlock
    #10 JavaExpressionStatement, FROM={#5}, TO={TestReturnPoint}
     #11 JavaMethodInvocation
  #13 JavaMethodDeclaration, FROM={TestEntryPoint}, TO={#18}
   #17 JavaBlock
    #18 JavaExpressionStatement, FROM={#13}, TO={TestReturnPoint}
     #19 JavaMethodInvocation
