AstNode [type=ImpProgramObjectImpl, moduleId=1, location=AstNodeLocation [retracedOffset=0, retracedLength=1300, assembledOffset=0, assembledLength=1300, rootRelativeOffset=0, rootRelativeLength=1300, rootRelativeStartLineNumber=1, rootRelativeEndLineNumber=54], inclusionLevel=-1, inclusionOrdinal=-1, hasAstModuleId=1]
 AstNode [type=DefineDataStmt, moduleId=1, location=AstNodeLocation [retracedOffset=0, retracedLength=55, assembledOffset=0, assembledLength=55, rootRelativeOffset=0, rootRelativeLength=55, rootRelativeStartLineNumber=1, rootRelativeEndLineNumber=4], inclusionLevel=-1, inclusionOrdinal=-1]
  AstNode [type=NaturalDataAreaNode, moduleId=1, location=AstNodeLocation [retracedOffset=12, retracedLength=31, assembledOffset=12, assembledLength=31, rootRelativeOffset=12, rootRelativeLength=31, rootRelativeStartLineNumber=1, rootRelativeEndLineNumber=3], inclusionLevel=-1, inclusionOrdinal=-1, properties=[dataAreaType=LOCAL]]
   AstNode [type=Variable, moduleId=1, location=AstNodeLocation [retracedOffset=23, retracedLength=7, assembledOffset=23, assembledLength=7, rootRelativeOffset=23, rootRelativeLength=7, rootRelativeStartLineNumber=2, rootRelativeEndLineNumber=2], inclusionLevel=-1, inclusionOrdinal=-1, properties=[byteLength=1, languageType=A, name=#A, nameLength=2, nameOffset=0]]
    AstNode [type=Simple, moduleId=1, location=AstNodeLocation [retracedOffset=26, retracedLength=4, assembledOffset=26, assembledLength=4, rootRelativeOffset=26, rootRelativeLength=4, rootRelativeStartLineNumber=2, rootRelativeEndLineNumber=2], inclusionLevel=-1, inclusionOrdinal=-1]
     AstNode [type=AlphaNumeric, moduleId=1, location=AstNodeLocation [retracedOffset=27, retracedLength=2, assembledOffset=27, assembledLength=2, rootRelativeOffset=27, rootRelativeLength=2, rootRelativeStartLineNumber=2, rootRelativeEndLineNumber=2], inclusionLevel=-1, inclusionOrdinal=-1]
    AstNode [type=NotInitialized, moduleId=1, location=AstNodeLocation [retracedOffset=-1, retracedLength=1, assembledOffset=-1, assembledLength=1, rootRelativeOffset=-1, rootRelativeLength=1, rootRelativeStartLineNumber=0, rootRelativeEndLineNumber=1], inclusionLevel=-1, inclusionOrdinal=-1]
   AstNode [type=Variable, moduleId=1, location=AstNodeLocation [retracedOffset=36, retracedLength=7, assembledOffset=36, assembledLength=7, rootRelativeOffset=36, rootRelativeLength=7, rootRelativeStartLineNumber=3, rootRelativeEndLineNumber=3], inclusionLevel=-1, inclusionOrdinal=-1, properties=[byteLength=2, languageType=A, name=#B, nameLength=2, nameOffset=0]]
    AstNode [type=Simple, moduleId=1, location=AstNodeLocation [retracedOffset=39, retracedLength=4, assembledOffset=39, assembledLength=4, rootRelativeOffset=39, rootRelativeLength=4, rootRelativeStartLineNumber=3, rootRelativeEndLineNumber=3], inclusionLevel=-1, inclusionOrdinal=-1]
     AstNode [type=AlphaNumeric, moduleId=1, location=AstNodeLocation [retracedOffset=40, retracedLength=2, assembledOffset=40, assembledLength=2, rootRelativeOffset=40, rootRelativeLength=2, rootRelativeStartLineNumber=3, rootRelativeEndLineNumber=3], inclusionLevel=-1, inclusionOrdinal=-1]
    AstNode [type=NotInitialized, moduleId=1, location=AstNodeLocation [retracedOffset=-1, retracedLength=1, assembledOffset=-1, assembledLength=1, rootRelativeOffset=-1, rootRelativeLength=1, rootRelativeStartLineNumber=0, rootRelativeEndLineNumber=1], inclusionLevel=-1, inclusionOrdinal=-1]
 AstNode [type=DecideOnStmt, moduleId=1, location=AstNodeLocation [retracedOffset=59, retracedLength=603, assembledOffset=59, assembledLength=603, rootRelativeOffset=59, rootRelativeLength=603, rootRelativeStartLineNumber=6, rootRelativeEndLineNumber=28], inclusionLevel=-1, inclusionOrdinal=-1, properties=[conditionPaths=[[1,0],[2,0],[3,0]], LABEL_END_OFFSET=85, LABEL_START_OFFSET=59]]
  AstNode [type=First, moduleId=1, location=AstNodeLocation [retracedOffset=-1, retracedLength=1, assembledOffset=-1, assembledLength=1, rootRelativeOffset=-1, rootRelativeLength=1, rootRelativeStartLineNumber=0, rootRelativeEndLineNumber=1], inclusionLevel=-1, inclusionOrdinal=-1]
  AstNode [type=Ref, moduleId=1, location=AstNodeLocation [retracedOffset=84, retracedLength=2, assembledOffset=84, assembledLength=2, rootRelativeOffset=84, rootRelativeLength=2, rootRelativeStartLineNumber=6, rootRelativeEndLineNumber=6], inclusionLevel=-1, inclusionOrdinal=-1]
   AstNode [type=Var, moduleId=1, location=AstNodeLocation [retracedOffset=84, retracedLength=2, assembledOffset=84, assembledLength=2, rootRelativeOffset=84, rootRelativeLength=2, rootRelativeStartLineNumber=6, rootRelativeEndLineNumber=6], inclusionLevel=-1, inclusionOrdinal=-1, relations={ REFERS [to=Variable[#A (A1)]], BINDING [to=Variable[#A (A1)], label=definedBy] }, properties=[unresolvedFieldName=#A]]
  AstNode [type=ImpDecideOnClauseImpl, moduleId=1, location=AstNodeLocation [retracedOffset=90, retracedLength=40, assembledOffset=90, assembledLength=40, rootRelativeOffset=90, rootRelativeLength=40, rootRelativeStartLineNumber=7, rootRelativeEndLineNumber=8], inclusionLevel=-1, inclusionOrdinal=-1]
   AstNode [type=Values, moduleId=1, location=AstNodeLocation [retracedOffset=96, retracedLength=6, assembledOffset=96, assembledLength=6, rootRelativeOffset=96, rootRelativeLength=6, rootRelativeStartLineNumber=7, rootRelativeEndLineNumber=7], inclusionLevel=-1, inclusionOrdinal=-1]
    AstNode [type=StringConstant, moduleId=1, location=AstNodeLocation [retracedOffset=96, retracedLength=6, assembledOffset=96, assembledLength=6, rootRelativeOffset=96, rootRelativeLength=6, rootRelativeStartLineNumber=7, rootRelativeEndLineNumber=7], inclusionLevel=-1, inclusionOrdinal=-1]
   AstNode [type=WriteStmt, moduleId=1, location=AstNodeLocation [retracedOffset=109, retracedLength=21, assembledOffset=109, assembledLength=21, rootRelativeOffset=109, rootRelativeLength=21, rootRelativeStartLineNumber=8, rootRelativeEndLineNumber=8], inclusionLevel=-1, inclusionOrdinal=-1, properties=[uiStmtType=WRITE]]
    AstNode [type=Line, moduleId=1, location=AstNodeLocation [retracedOffset=115, retracedLength=15, assembledOffset=115, assembledLength=15, rootRelativeOffset=115, rootRelativeLength=15, rootRelativeStartLineNumber=8, rootRelativeEndLineNumber=8], inclusionLevel=-1, inclusionOrdinal=-1]
     AstNode [type=InputText, moduleId=1, location=AstNodeLocation [retracedOffset=115, retracedLength=15, assembledOffset=115, assembledLength=15, rootRelativeOffset=115, rootRelativeLength=15, rootRelativeStartLineNumber=8, rootRelativeEndLineNumber=8], inclusionLevel=-1, inclusionOrdinal=-1]
      AstNode [type=StringConstant, moduleId=1, location=AstNodeLocation [retracedOffset=115, retracedLength=15, assembledOffset=115, assembledLength=15, rootRelativeOffset=115, rootRelativeLength=15, rootRelativeStartLineNumber=8, rootRelativeEndLineNumber=8], inclusionLevel=-1, inclusionOrdinal=-1]
  AstNode [type=ImpDecideOnClauseImpl, moduleId=1, location=AstNodeLocation [retracedOffset=134, retracedLength=405, assembledOffset=134, assembledLength=405, rootRelativeOffset=134, rootRelativeLength=405, rootRelativeStartLineNumber=9, rootRelativeEndLineNumber=23], inclusionLevel=-1, inclusionOrdinal=-1]
   AstNode [type=Values, moduleId=1, location=AstNodeLocation [retracedOffset=140, retracedLength=6, assembledOffset=140, assembledLength=6, rootRelativeOffset=140, rootRelativeLength=6, rootRelativeStartLineNumber=9, rootRelativeEndLineNumber=9], inclusionLevel=-1, inclusionOrdinal=-1]
    AstNode [type=StringConstant, moduleId=1, location=AstNodeLocation [retracedOffset=140, retracedLength=6, assembledOffset=140, assembledLength=6, rootRelativeOffset=140, rootRelativeLength=6, rootRelativeStartLineNumber=9, rootRelativeEndLineNumber=9], inclusionLevel=-1, inclusionOrdinal=-1]
   AstNode [type=WriteStmt, moduleId=1, location=AstNodeLocation [retracedOffset=153, retracedLength=22, assembledOffset=153, assembledLength=22, rootRelativeOffset=153, rootRelativeLength=22, rootRelativeStartLineNumber=10, rootRelativeEndLineNumber=10], inclusionLevel=-1, inclusionOrdinal=-1, properties=[uiStmtType=WRITE]]
    AstNode [type=Line, moduleId=1, location=AstNodeLocation [retracedOffset=159, retracedLength=16, assembledOffset=159, assembledLength=16, rootRelativeOffset=159, rootRelativeLength=16, rootRelativeStartLineNumber=10, rootRelativeEndLineNumber=10], inclusionLevel=-1, inclusionOrdinal=-1]
     AstNode [type=InputText, moduleId=1, location=AstNodeLocation [retracedOffset=159, retracedLength=16, assembledOffset=159, assembledLength=16, rootRelativeOffset=159, rootRelativeLength=16, rootRelativeStartLineNumber=10, rootRelativeEndLineNumber=10], inclusionLevel=-1, inclusionOrdinal=-1]
      AstNode [type=StringConstant, moduleId=1, location=AstNodeLocation [retracedOffset=159, retracedLength=16, assembledOffset=159, assembledLength=16, rootRelativeOffset=159, rootRelativeLength=16, rootRelativeStartLineNumber=10, rootRelativeEndLineNumber=10], inclusionLevel=-1, inclusionOrdinal=-1]
   AstNode [type=DecideOnStmt, moduleId=1, location=AstNodeLocation [retracedOffset=181, retracedLength=358, assembledOffset=181, assembledLength=358, rootRelativeOffset=181, rootRelativeLength=358, rootRelativeStartLineNumber=11, rootRelativeEndLineNumber=23], inclusionLevel=-1, inclusionOrdinal=-1, properties=[conditionPaths=[[1,0],[2,0],[3,0]], LABEL_END_OFFSET=218, LABEL_START_OFFSET=181]]
    AstNode [type=Every, moduleId=1, location=AstNodeLocation [retracedOffset=-1, retracedLength=1, assembledOffset=-1, assembledLength=1, rootRelativeOffset=-1, rootRelativeLength=1, rootRelativeStartLineNumber=0, rootRelativeEndLineNumber=1], inclusionLevel=-1, inclusionOrdinal=-1]
    AstNode [type=Ref, moduleId=1, location=AstNodeLocation [retracedOffset=213, retracedLength=6, assembledOffset=213, assembledLength=6, rootRelativeOffset=213, rootRelativeLength=6, rootRelativeStartLineNumber=12, rootRelativeEndLineNumber=12], inclusionLevel=-1, inclusionOrdinal=-1]
     AstNode [type=Var, moduleId=1, location=AstNodeLocation [retracedOffset=213, retracedLength=6, assembledOffset=213, assembledLength=6, rootRelativeOffset=213, rootRelativeLength=6, rootRelativeStartLineNumber=12, rootRelativeEndLineNumber=12], inclusionLevel=-1, inclusionOrdinal=-1, properties=[unresolvedFieldName=#FIELD]]
    AstNode [type=ImpDecideOnClauseImpl, moduleId=1, location=AstNodeLocation [retracedOffset=227, retracedLength=53, assembledOffset=227, assembledLength=53, rootRelativeOffset=227, rootRelativeLength=53, rootRelativeStartLineNumber=13, rootRelativeEndLineNumber=14], inclusionLevel=-1, inclusionOrdinal=-1]
     AstNode [type=ValueRange, moduleId=1, location=AstNodeLocation [retracedOffset=233, retracedLength=5, assembledOffset=233, assembledLength=5, rootRelativeOffset=233, rootRelativeLength=5, rootRelativeStartLineNumber=13, rootRelativeEndLineNumber=13], inclusionLevel=-1, inclusionOrdinal=-1]
      AstNode [type=IntegerConstant, moduleId=1, location=AstNodeLocation [retracedOffset=233, retracedLength=1, assembledOffset=233, assembledLength=1, rootRelativeOffset=233, rootRelativeLength=1, rootRelativeStartLineNumber=13, rootRelativeEndLineNumber=13], inclusionLevel=-1, inclusionOrdinal=-1]
      AstNode [type=IntegerConstant, moduleId=1, location=AstNodeLocation [retracedOffset=237, retracedLength=1, assembledOffset=237, assembledLength=1, rootRelativeOffset=237, rootRelativeLength=1, rootRelativeStartLineNumber=13, rootRelativeEndLineNumber=13], inclusionLevel=-1, inclusionOrdinal=-1]
     AstNode [type=WriteStmt, moduleId=1, location=AstNodeLocation [retracedOffset=248, retracedLength=32, assembledOffset=248, assembledLength=32, rootRelativeOffset=248, rootRelativeLength=32, rootRelativeStartLineNumber=14, rootRelativeEndLineNumber=14], inclusionLevel=-1, inclusionOrdinal=-1, properties=[uiStmtType=WRITE]]
      AstNode [type=Line, moduleId=1, location=AstNodeLocation [retracedOffset=254, retracedLength=26, assembledOffset=254, assembledLength=26, rootRelativeOffset=254, rootRelativeLength=26, rootRelativeStartLineNumber=14, rootRelativeEndLineNumber=14], inclusionLevel=-1, inclusionOrdinal=-1]
       AstNode [type=InputText, moduleId=1, location=AstNodeLocation [retracedOffset=254, retracedLength=26, assembledOffset=254, assembledLength=26, rootRelativeOffset=254, rootRelativeLength=26, rootRelativeStartLineNumber=14, rootRelativeEndLineNumber=14], inclusionLevel=-1, inclusionOrdinal=-1]
        AstNode [type=StringConstant, moduleId=1, location=AstNodeLocation [retracedOffset=254, retracedLength=26, assembledOffset=254, assembledLength=26, rootRelativeOffset=254, rootRelativeLength=26, rootRelativeStartLineNumber=14, rootRelativeEndLineNumber=14], inclusionLevel=-1, inclusionOrdinal=-1]
    AstNode [type=ImpDecideOnClauseImpl, moduleId=1, location=AstNodeLocation [retracedOffset=288, retracedLength=53, assembledOffset=288, assembledLength=53, rootRelativeOffset=288, rootRelativeLength=53, rootRelativeStartLineNumber=15, rootRelativeEndLineNumber=16], inclusionLevel=-1, inclusionOrdinal=-1]
     AstNode [type=ValueRange, moduleId=1, location=AstNodeLocation [retracedOffset=294, retracedLength=5, assembledOffset=294, assembledLength=5, rootRelativeOffset=294, rootRelativeLength=5, rootRelativeStartLineNumber=15, rootRelativeEndLineNumber=15], inclusionLevel=-1, inclusionOrdinal=-1]
      AstNode [type=IntegerConstant, moduleId=1, location=AstNodeLocation [retracedOffset=294, retracedLength=1, assembledOffset=294, assembledLength=1, rootRelativeOffset=294, rootRelativeLength=1, rootRelativeStartLineNumber=15, rootRelativeEndLineNumber=15], inclusionLevel=-1, inclusionOrdinal=-1]
      AstNode [type=IntegerConstant, moduleId=1, location=AstNodeLocation [retracedOffset=298, retracedLength=1, assembledOffset=298, assembledLength=1, rootRelativeOffset=298, rootRelativeLength=1, rootRelativeStartLineNumber=15, rootRelativeEndLineNumber=15], inclusionLevel=-1, inclusionOrdinal=-1]
     AstNode [type=WriteStmt, moduleId=1, location=AstNodeLocation [retracedOffset=309, retracedLength=32, assembledOffset=309, assembledLength=32, rootRelativeOffset=309, rootRelativeLength=32, rootRelativeStartLineNumber=16, rootRelativeEndLineNumber=16], inclusionLevel=-1, inclusionOrdinal=-1, properties=[uiStmtType=WRITE]]
      AstNode [type=Line, moduleId=1, location=AstNodeLocation [retracedOffset=315, retracedLength=26, assembledOffset=315, assembledLength=26, rootRelativeOffset=315, rootRelativeLength=26, rootRelativeStartLineNumber=16, rootRelativeEndLineNumber=16], inclusionLevel=-1, inclusionOrdinal=-1]
       AstNode [type=InputText, moduleId=1, location=AstNodeLocation [retracedOffset=315, retracedLength=26, assembledOffset=315, assembledLength=26, rootRelativeOffset=315, rootRelativeLength=26, rootRelativeStartLineNumber=16, rootRelativeEndLineNumber=16], inclusionLevel=-1, inclusionOrdinal=-1]
        AstNode [type=StringConstant, moduleId=1, location=AstNodeLocation [retracedOffset=315, retracedLength=26, assembledOffset=315, assembledLength=26, rootRelativeOffset=315, rootRelativeLength=26, rootRelativeStartLineNumber=16, rootRelativeEndLineNumber=16], inclusionLevel=-1, inclusionOrdinal=-1]
    AstNode [type=ImpDecideOnClauseImpl, moduleId=1, location=AstNodeLocation [retracedOffset=349, retracedLength=51, assembledOffset=349, assembledLength=51, rootRelativeOffset=349, rootRelativeLength=51, rootRelativeStartLineNumber=17, rootRelativeEndLineNumber=18], inclusionLevel=-1, inclusionOrdinal=-1]
     AstNode [type=AnyValue, moduleId=1, location=AstNodeLocation [retracedOffset=-1, retracedLength=1, assembledOffset=-1, assembledLength=1, rootRelativeOffset=-1, rootRelativeLength=1, rootRelativeStartLineNumber=0, rootRelativeEndLineNumber=1], inclusionLevel=-1, inclusionOrdinal=-1]
     AstNode [type=WriteStmt, moduleId=1, location=AstNodeLocation [retracedOffset=368, retracedLength=32, assembledOffset=368, assembledLength=32, rootRelativeOffset=368, rootRelativeLength=32, rootRelativeStartLineNumber=18, rootRelativeEndLineNumber=18], inclusionLevel=-1, inclusionOrdinal=-1, properties=[uiStmtType=WRITE]]
      AstNode [type=Line, moduleId=1, location=AstNodeLocation [retracedOffset=374, retracedLength=26, assembledOffset=374, assembledLength=26, rootRelativeOffset=374, rootRelativeLength=26, rootRelativeStartLineNumber=18, rootRelativeEndLineNumber=18], inclusionLevel=-1, inclusionOrdinal=-1]
       AstNode [type=InputText, moduleId=1, location=AstNodeLocation [retracedOffset=374, retracedLength=26, assembledOffset=374, assembledLength=26, rootRelativeOffset=374, rootRelativeLength=26, rootRelativeStartLineNumber=18, rootRelativeEndLineNumber=18], inclusionLevel=-1, inclusionOrdinal=-1]
        AstNode [type=StringConstant, moduleId=1, location=AstNodeLocation [retracedOffset=374, retracedLength=26, assembledOffset=374, assembledLength=26, rootRelativeOffset=374, rootRelativeLength=26, rootRelativeStartLineNumber=18, rootRelativeEndLineNumber=18], inclusionLevel=-1, inclusionOrdinal=-1]
    AstNode [type=ImpDecideOnClauseImpl, moduleId=1, location=AstNodeLocation [retracedOffset=408, retracedLength=51, assembledOffset=408, assembledLength=51, rootRelativeOffset=408, rootRelativeLength=51, rootRelativeStartLineNumber=19, rootRelativeEndLineNumber=20], inclusionLevel=-1, inclusionOrdinal=-1]
     AstNode [type=AllValues, moduleId=1, location=AstNodeLocation [retracedOffset=-1, retracedLength=1, assembledOffset=-1, assembledLength=1, rootRelativeOffset=-1, rootRelativeLength=1, rootRelativeStartLineNumber=0, rootRelativeEndLineNumber=1], inclusionLevel=-1, inclusionOrdinal=-1]
     AstNode [type=WriteStmt, moduleId=1, location=AstNodeLocation [retracedOffset=427, retracedLength=32, assembledOffset=427, assembledLength=32, rootRelativeOffset=427, rootRelativeLength=32, rootRelativeStartLineNumber=20, rootRelativeEndLineNumber=20], inclusionLevel=-1, inclusionOrdinal=-1, properties=[uiStmtType=WRITE]]
      AstNode [type=Line, moduleId=1, location=AstNodeLocation [retracedOffset=433, retracedLength=26, assembledOffset=433, assembledLength=26, rootRelativeOffset=433, rootRelativeLength=26, rootRelativeStartLineNumber=20, rootRelativeEndLineNumber=20], inclusionLevel=-1, inclusionOrdinal=-1]
       AstNode [type=InputText, moduleId=1, location=AstNodeLocation [retracedOffset=433, retracedLength=26, assembledOffset=433, assembledLength=26, rootRelativeOffset=433, rootRelativeLength=26, rootRelativeStartLineNumber=20, rootRelativeEndLineNumber=20], inclusionLevel=-1, inclusionOrdinal=-1]
        AstNode [type=StringConstant, moduleId=1, location=AstNodeLocation [retracedOffset=433, retracedLength=26, assembledOffset=433, assembledLength=26, rootRelativeOffset=433, rootRelativeLength=26, rootRelativeStartLineNumber=20, rootRelativeEndLineNumber=20], inclusionLevel=-1, inclusionOrdinal=-1]
    AstNode [type=ImpDecideOnClauseImpl, moduleId=1, location=AstNodeLocation [retracedOffset=467, retracedLength=56, assembledOffset=467, assembledLength=56, rootRelativeOffset=467, rootRelativeLength=56, rootRelativeStartLineNumber=21, rootRelativeEndLineNumber=22], inclusionLevel=-1, inclusionOrdinal=-1]
     AstNode [type=NoValue, moduleId=1, location=AstNodeLocation [retracedOffset=-1, retracedLength=1, assembledOffset=-1, assembledLength=1, rootRelativeOffset=-1, rootRelativeLength=1, rootRelativeStartLineNumber=0, rootRelativeEndLineNumber=1], inclusionLevel=-1, inclusionOrdinal=-1]
     AstNode [type=WriteStmt, moduleId=1, location=AstNodeLocation [retracedOffset=487, retracedLength=36, assembledOffset=487, assembledLength=36, rootRelativeOffset=487, rootRelativeLength=36, rootRelativeStartLineNumber=22, rootRelativeEndLineNumber=22], inclusionLevel=-1, inclusionOrdinal=-1, properties=[uiStmtType=WRITE]]
      AstNode [type=Line, moduleId=1, location=AstNodeLocation [retracedOffset=493, retracedLength=30, assembledOffset=493, assembledLength=30, rootRelativeOffset=493, rootRelativeLength=30, rootRelativeStartLineNumber=22, rootRelativeEndLineNumber=22], inclusionLevel=-1, inclusionOrdinal=-1]
       AstNode [type=InputText, moduleId=1, location=AstNodeLocation [retracedOffset=493, retracedLength=30, assembledOffset=493, assembledLength=30, rootRelativeOffset=493, rootRelativeLength=30, rootRelativeStartLineNumber=22, rootRelativeEndLineNumber=22], inclusionLevel=-1, inclusionOrdinal=-1]
        AstNode [type=StringConstant, moduleId=1, location=AstNodeLocation [retracedOffset=493, retracedLength=30, assembledOffset=493, assembledLength=30, rootRelativeOffset=493, rootRelativeLength=30, rootRelativeStartLineNumber=22, rootRelativeEndLineNumber=22], inclusionLevel=-1, inclusionOrdinal=-1]
  AstNode [type=ImpDecideOnClauseImpl, moduleId=1, location=AstNodeLocation [retracedOffset=543, retracedLength=44, assembledOffset=543, assembledLength=44, rootRelativeOffset=543, rootRelativeLength=44, rootRelativeStartLineNumber=24, rootRelativeEndLineNumber=25], inclusionLevel=-1, inclusionOrdinal=-1]
   AstNode [type=AnyValue, moduleId=1, location=AstNodeLocation [retracedOffset=-1, retracedLength=1, assembledOffset=-1, assembledLength=1, rootRelativeOffset=-1, rootRelativeLength=1, rootRelativeStartLineNumber=0, rootRelativeEndLineNumber=1], inclusionLevel=-1, inclusionOrdinal=-1]
   AstNode [type=WriteStmt, moduleId=1, location=AstNodeLocation [retracedOffset=558, retracedLength=29, assembledOffset=558, assembledLength=29, rootRelativeOffset=558, rootRelativeLength=29, rootRelativeStartLineNumber=25, rootRelativeEndLineNumber=25], inclusionLevel=-1, inclusionOrdinal=-1, properties=[uiStmtType=WRITE]]
    AstNode [type=Line, moduleId=1, location=AstNodeLocation [retracedOffset=564, retracedLength=23, assembledOffset=564, assembledLength=23, rootRelativeOffset=564, rootRelativeLength=23, rootRelativeStartLineNumber=25, rootRelativeEndLineNumber=25], inclusionLevel=-1, inclusionOrdinal=-1]
     AstNode [type=InputText, moduleId=1, location=AstNodeLocation [retracedOffset=564, retracedLength=23, assembledOffset=564, assembledLength=23, rootRelativeOffset=564, rootRelativeLength=23, rootRelativeStartLineNumber=25, rootRelativeEndLineNumber=25], inclusionLevel=-1, inclusionOrdinal=-1]
      AstNode [type=StringConstant, moduleId=1, location=AstNodeLocation [retracedOffset=564, retracedLength=23, assembledOffset=564, assembledLength=23, rootRelativeOffset=564, rootRelativeLength=23, rootRelativeStartLineNumber=25, rootRelativeEndLineNumber=25], inclusionLevel=-1, inclusionOrdinal=-1]
  AstNode [type=ImpDecideOnClauseImpl, moduleId=1, location=AstNodeLocation [retracedOffset=592, retracedLength=58, assembledOffset=592, assembledLength=58, rootRelativeOffset=592, rootRelativeLength=58, rootRelativeStartLineNumber=26, rootRelativeEndLineNumber=27], inclusionLevel=-1, inclusionOrdinal=-1]
   AstNode [type=NoValue, moduleId=1, location=AstNodeLocation [retracedOffset=-1, retracedLength=1, assembledOffset=-1, assembledLength=1, rootRelativeOffset=-1, rootRelativeLength=1, rootRelativeStartLineNumber=0, rootRelativeEndLineNumber=1], inclusionLevel=-1, inclusionOrdinal=-1]
   AstNode [type=WriteStmt, moduleId=1, location=AstNodeLocation [retracedOffset=608, retracedLength=42, assembledOffset=608, assembledLength=42, rootRelativeOffset=608, rootRelativeLength=42, rootRelativeStartLineNumber=27, rootRelativeEndLineNumber=27], inclusionLevel=-1, inclusionOrdinal=-1, properties=[uiStmtType=WRITE]]
    AstNode [type=Line, moduleId=1, location=AstNodeLocation [retracedOffset=614, retracedLength=36, assembledOffset=614, assembledLength=36, rootRelativeOffset=614, rootRelativeLength=36, rootRelativeStartLineNumber=27, rootRelativeEndLineNumber=27], inclusionLevel=-1, inclusionOrdinal=-1]
     AstNode [type=InputText, moduleId=1, location=AstNodeLocation [retracedOffset=614, retracedLength=36, assembledOffset=614, assembledLength=36, rootRelativeOffset=614, rootRelativeLength=36, rootRelativeStartLineNumber=27, rootRelativeEndLineNumber=27], inclusionLevel=-1, inclusionOrdinal=-1]
      AstNode [type=StringConstant, moduleId=1, location=AstNodeLocation [retracedOffset=614, retracedLength=36, assembledOffset=614, assembledLength=36, rootRelativeOffset=614, rootRelativeLength=36, rootRelativeStartLineNumber=27, rootRelativeEndLineNumber=27], inclusionLevel=-1, inclusionOrdinal=-1]
 AstNode [type=DecideOnStmt, moduleId=1, location=AstNodeLocation [retracedOffset=666, retracedLength=627, assembledOffset=666, assembledLength=627, rootRelativeOffset=666, rootRelativeLength=627, rootRelativeStartLineNumber=30, rootRelativeEndLineNumber=52], inclusionLevel=-1, inclusionOrdinal=-1, properties=[conditionPaths=[[1,0],[2,0],[3,0]], LABEL_END_OFFSET=699, LABEL_START_OFFSET=666]]
  AstNode [type=Every, moduleId=1, location=AstNodeLocation [retracedOffset=-1, retracedLength=1, assembledOffset=-1, assembledLength=1, rootRelativeOffset=-1, rootRelativeLength=1, rootRelativeStartLineNumber=0, rootRelativeEndLineNumber=1], inclusionLevel=-1, inclusionOrdinal=-1]
  AstNode [type=Ref, moduleId=1, location=AstNodeLocation [retracedOffset=694, retracedLength=6, assembledOffset=694, assembledLength=6, rootRelativeOffset=694, rootRelativeLength=6, rootRelativeStartLineNumber=31, rootRelativeEndLineNumber=31], inclusionLevel=-1, inclusionOrdinal=-1]
   AstNode [type=Var, moduleId=1, location=AstNodeLocation [retracedOffset=694, retracedLength=6, assembledOffset=694, assembledLength=6, rootRelativeOffset=694, rootRelativeLength=6, rootRelativeStartLineNumber=31, rootRelativeEndLineNumber=31], inclusionLevel=-1, inclusionOrdinal=-1, properties=[unresolvedFieldName=#FIELD]]
  AstNode [type=ImpDecideOnClauseImpl, moduleId=1, location=AstNodeLocation [retracedOffset=704, retracedLength=49, assembledOffset=704, assembledLength=49, rootRelativeOffset=704, rootRelativeLength=49, rootRelativeStartLineNumber=32, rootRelativeEndLineNumber=33], inclusionLevel=-1, inclusionOrdinal=-1]
   AstNode [type=ValueRange, moduleId=1, location=AstNodeLocation [retracedOffset=710, retracedLength=5, assembledOffset=710, assembledLength=5, rootRelativeOffset=710, rootRelativeLength=5, rootRelativeStartLineNumber=32, rootRelativeEndLineNumber=32], inclusionLevel=-1, inclusionOrdinal=-1]
    AstNode [type=IntegerConstant, moduleId=1, location=AstNodeLocation [retracedOffset=710, retracedLength=1, assembledOffset=710, assembledLength=1, rootRelativeOffset=710, rootRelativeLength=1, rootRelativeStartLineNumber=32, rootRelativeEndLineNumber=32], inclusionLevel=-1, inclusionOrdinal=-1]
    AstNode [type=IntegerConstant, moduleId=1, location=AstNodeLocation [retracedOffset=714, retracedLength=1, assembledOffset=714, assembledLength=1, rootRelativeOffset=714, rootRelativeLength=1, rootRelativeStartLineNumber=32, rootRelativeEndLineNumber=32], inclusionLevel=-1, inclusionOrdinal=-1]
   AstNode [type=WriteStmt, moduleId=1, location=AstNodeLocation [retracedOffset=721, retracedLength=32, assembledOffset=721, assembledLength=32, rootRelativeOffset=721, rootRelativeLength=32, rootRelativeStartLineNumber=33, rootRelativeEndLineNumber=33], inclusionLevel=-1, inclusionOrdinal=-1, properties=[uiStmtType=WRITE]]
    AstNode [type=Line, moduleId=1, location=AstNodeLocation [retracedOffset=727, retracedLength=26, assembledOffset=727, assembledLength=26, rootRelativeOffset=727, rootRelativeLength=26, rootRelativeStartLineNumber=33, rootRelativeEndLineNumber=33], inclusionLevel=-1, inclusionOrdinal=-1]
     AstNode [type=InputText, moduleId=1, location=AstNodeLocation [retracedOffset=727, retracedLength=26, assembledOffset=727, assembledLength=26, rootRelativeOffset=727, rootRelativeLength=26, rootRelativeStartLineNumber=33, rootRelativeEndLineNumber=33], inclusionLevel=-1, inclusionOrdinal=-1]
      AstNode [type=StringConstant, moduleId=1, location=AstNodeLocation [retracedOffset=727, retracedLength=26, assembledOffset=727, assembledLength=26, rootRelativeOffset=727, rootRelativeLength=26, rootRelativeStartLineNumber=33, rootRelativeEndLineNumber=33], inclusionLevel=-1, inclusionOrdinal=-1]
  AstNode [type=ImpDecideOnClauseImpl, moduleId=1, location=AstNodeLocation [retracedOffset=757, retracedLength=49, assembledOffset=757, assembledLength=49, rootRelativeOffset=757, rootRelativeLength=49, rootRelativeStartLineNumber=34, rootRelativeEndLineNumber=35], inclusionLevel=-1, inclusionOrdinal=-1]
   AstNode [type=ValueRange, moduleId=1, location=AstNodeLocation [retracedOffset=763, retracedLength=5, assembledOffset=763, assembledLength=5, rootRelativeOffset=763, rootRelativeLength=5, rootRelativeStartLineNumber=34, rootRelativeEndLineNumber=34], inclusionLevel=-1, inclusionOrdinal=-1]
    AstNode [type=IntegerConstant, moduleId=1, location=AstNodeLocation [retracedOffset=763, retracedLength=1, assembledOffset=763, assembledLength=1, rootRelativeOffset=763, rootRelativeLength=1, rootRelativeStartLineNumber=34, rootRelativeEndLineNumber=34], inclusionLevel=-1, inclusionOrdinal=-1]
    AstNode [type=IntegerConstant, moduleId=1, location=AstNodeLocation [retracedOffset=767, retracedLength=1, assembledOffset=767, assembledLength=1, rootRelativeOffset=767, rootRelativeLength=1, rootRelativeStartLineNumber=34, rootRelativeEndLineNumber=34], inclusionLevel=-1, inclusionOrdinal=-1]
   AstNode [type=WriteStmt, moduleId=1, location=AstNodeLocation [retracedOffset=774, retracedLength=32, assembledOffset=774, assembledLength=32, rootRelativeOffset=774, rootRelativeLength=32, rootRelativeStartLineNumber=35, rootRelativeEndLineNumber=35], inclusionLevel=-1, inclusionOrdinal=-1, properties=[uiStmtType=WRITE]]
    AstNode [type=Line, moduleId=1, location=AstNodeLocation [retracedOffset=780, retracedLength=26, assembledOffset=780, assembledLength=26, rootRelativeOffset=780, rootRelativeLength=26, rootRelativeStartLineNumber=35, rootRelativeEndLineNumber=35], inclusionLevel=-1, inclusionOrdinal=-1]
     AstNode [type=InputText, moduleId=1, location=AstNodeLocation [retracedOffset=780, retracedLength=26, assembledOffset=780, assembledLength=26, rootRelativeOffset=780, rootRelativeLength=26, rootRelativeStartLineNumber=35, rootRelativeEndLineNumber=35], inclusionLevel=-1, inclusionOrdinal=-1]
      AstNode [type=StringConstant, moduleId=1, location=AstNodeLocation [retracedOffset=780, retracedLength=26, assembledOffset=780, assembledLength=26, rootRelativeOffset=780, rootRelativeLength=26, rootRelativeStartLineNumber=35, rootRelativeEndLineNumber=35], inclusionLevel=-1, inclusionOrdinal=-1]
  AstNode [type=ImpDecideOnClauseImpl, moduleId=1, location=AstNodeLocation [retracedOffset=810, retracedLength=47, assembledOffset=810, assembledLength=47, rootRelativeOffset=810, rootRelativeLength=47, rootRelativeStartLineNumber=36, rootRelativeEndLineNumber=37], inclusionLevel=-1, inclusionOrdinal=-1]
   AstNode [type=AnyValue, moduleId=1, location=AstNodeLocation [retracedOffset=-1, retracedLength=1, assembledOffset=-1, assembledLength=1, rootRelativeOffset=-1, rootRelativeLength=1, rootRelativeStartLineNumber=0, rootRelativeEndLineNumber=1], inclusionLevel=-1, inclusionOrdinal=-1]
   AstNode [type=WriteStmt, moduleId=1, location=AstNodeLocation [retracedOffset=825, retracedLength=32, assembledOffset=825, assembledLength=32, rootRelativeOffset=825, rootRelativeLength=32, rootRelativeStartLineNumber=37, rootRelativeEndLineNumber=37], inclusionLevel=-1, inclusionOrdinal=-1, properties=[uiStmtType=WRITE]]
    AstNode [type=Line, moduleId=1, location=AstNodeLocation [retracedOffset=831, retracedLength=26, assembledOffset=831, assembledLength=26, rootRelativeOffset=831, rootRelativeLength=26, rootRelativeStartLineNumber=37, rootRelativeEndLineNumber=37], inclusionLevel=-1, inclusionOrdinal=-1]
     AstNode [type=InputText, moduleId=1, location=AstNodeLocation [retracedOffset=831, retracedLength=26, assembledOffset=831, assembledLength=26, rootRelativeOffset=831, rootRelativeLength=26, rootRelativeStartLineNumber=37, rootRelativeEndLineNumber=37], inclusionLevel=-1, inclusionOrdinal=-1]
      AstNode [type=StringConstant, moduleId=1, location=AstNodeLocation [retracedOffset=831, retracedLength=26, assembledOffset=831, assembledLength=26, rootRelativeOffset=831, rootRelativeLength=26, rootRelativeStartLineNumber=37, rootRelativeEndLineNumber=37], inclusionLevel=-1, inclusionOrdinal=-1]
  AstNode [type=ImpDecideOnClauseImpl, moduleId=1, location=AstNodeLocation [retracedOffset=861, retracedLength=364, assembledOffset=861, assembledLength=364, rootRelativeOffset=861, rootRelativeLength=364, rootRelativeStartLineNumber=38, rootRelativeEndLineNumber=49], inclusionLevel=-1, inclusionOrdinal=-1]
   AstNode [type=AllValues, moduleId=1, location=AstNodeLocation [retracedOffset=-1, retracedLength=1, assembledOffset=-1, assembledLength=1, rootRelativeOffset=-1, rootRelativeLength=1, rootRelativeStartLineNumber=0, rootRelativeEndLineNumber=1], inclusionLevel=-1, inclusionOrdinal=-1]
   AstNode [type=WriteStmt, moduleId=1, location=AstNodeLocation [retracedOffset=876, retracedLength=32, assembledOffset=876, assembledLength=32, rootRelativeOffset=876, rootRelativeLength=32, rootRelativeStartLineNumber=39, rootRelativeEndLineNumber=39], inclusionLevel=-1, inclusionOrdinal=-1, properties=[uiStmtType=WRITE]]
    AstNode [type=Line, moduleId=1, location=AstNodeLocation [retracedOffset=882, retracedLength=26, assembledOffset=882, assembledLength=26, rootRelativeOffset=882, rootRelativeLength=26, rootRelativeStartLineNumber=39, rootRelativeEndLineNumber=39], inclusionLevel=-1, inclusionOrdinal=-1]
     AstNode [type=InputText, moduleId=1, location=AstNodeLocation [retracedOffset=882, retracedLength=26, assembledOffset=882, assembledLength=26, rootRelativeOffset=882, rootRelativeLength=26, rootRelativeStartLineNumber=39, rootRelativeEndLineNumber=39], inclusionLevel=-1, inclusionOrdinal=-1]
      AstNode [type=StringConstant, moduleId=1, location=AstNodeLocation [retracedOffset=882, retracedLength=26, assembledOffset=882, assembledLength=26, rootRelativeOffset=882, rootRelativeLength=26, rootRelativeStartLineNumber=39, rootRelativeEndLineNumber=39], inclusionLevel=-1, inclusionOrdinal=-1]
   AstNode [type=DecideOnStmt, moduleId=1, location=AstNodeLocation [retracedOffset=914, retracedLength=311, assembledOffset=914, assembledLength=311, rootRelativeOffset=914, rootRelativeLength=311, rootRelativeStartLineNumber=40, rootRelativeEndLineNumber=49], inclusionLevel=-1, inclusionOrdinal=-1, properties=[conditionPaths=[[1,0],[2,0],[3,0]], LABEL_END_OFFSET=940, LABEL_START_OFFSET=914]]
    AstNode [type=First, moduleId=1, location=AstNodeLocation [retracedOffset=-1, retracedLength=1, assembledOffset=-1, assembledLength=1, rootRelativeOffset=-1, rootRelativeLength=1, rootRelativeStartLineNumber=0, rootRelativeEndLineNumber=1], inclusionLevel=-1, inclusionOrdinal=-1]
    AstNode [type=Ref, moduleId=1, location=AstNodeLocation [retracedOffset=939, retracedLength=2, assembledOffset=939, assembledLength=2, rootRelativeOffset=939, rootRelativeLength=2, rootRelativeStartLineNumber=40, rootRelativeEndLineNumber=40], inclusionLevel=-1, inclusionOrdinal=-1]
     AstNode [type=Var, moduleId=1, location=AstNodeLocation [retracedOffset=939, retracedLength=2, assembledOffset=939, assembledLength=2, rootRelativeOffset=939, rootRelativeLength=2, rootRelativeStartLineNumber=40, rootRelativeEndLineNumber=40], inclusionLevel=-1, inclusionOrdinal=-1, relations={ REFERS [to=Variable[#A (A1)]], BINDING [to=Variable[#A (A1)], label=definedBy] }, properties=[unresolvedFieldName=#A]]
    AstNode [type=ImpDecideOnClauseImpl, moduleId=1, location=AstNodeLocation [retracedOffset=949, retracedLength=50, assembledOffset=949, assembledLength=50, rootRelativeOffset=949, rootRelativeLength=50, rootRelativeStartLineNumber=41, rootRelativeEndLineNumber=42], inclusionLevel=-1, inclusionOrdinal=-1]
     AstNode [type=Values, moduleId=1, location=AstNodeLocation [retracedOffset=955, retracedLength=6, assembledOffset=955, assembledLength=6, rootRelativeOffset=955, rootRelativeLength=6, rootRelativeStartLineNumber=41, rootRelativeEndLineNumber=41], inclusionLevel=-1, inclusionOrdinal=-1]
      AstNode [type=StringConstant, moduleId=1, location=AstNodeLocation [retracedOffset=955, retracedLength=6, assembledOffset=955, assembledLength=6, rootRelativeOffset=955, rootRelativeLength=6, rootRelativeStartLineNumber=41, rootRelativeEndLineNumber=41], inclusionLevel=-1, inclusionOrdinal=-1]
     AstNode [type=WriteStmt, moduleId=1, location=AstNodeLocation [retracedOffset=971, retracedLength=28, assembledOffset=971, assembledLength=28, rootRelativeOffset=971, rootRelativeLength=28, rootRelativeStartLineNumber=42, rootRelativeEndLineNumber=42], inclusionLevel=-1, inclusionOrdinal=-1, properties=[uiStmtType=WRITE]]
      AstNode [type=Line, moduleId=1, location=AstNodeLocation [retracedOffset=977, retracedLength=22, assembledOffset=977, assembledLength=22, rootRelativeOffset=977, rootRelativeLength=22, rootRelativeStartLineNumber=42, rootRelativeEndLineNumber=42], inclusionLevel=-1, inclusionOrdinal=-1]
       AstNode [type=InputText, moduleId=1, location=AstNodeLocation [retracedOffset=977, retracedLength=22, assembledOffset=977, assembledLength=22, rootRelativeOffset=977, rootRelativeLength=22, rootRelativeStartLineNumber=42, rootRelativeEndLineNumber=42], inclusionLevel=-1, inclusionOrdinal=-1]
        AstNode [type=StringConstant, moduleId=1, location=AstNodeLocation [retracedOffset=977, retracedLength=22, assembledOffset=977, assembledLength=22, rootRelativeOffset=977, rootRelativeLength=22, rootRelativeStartLineNumber=42, rootRelativeEndLineNumber=42], inclusionLevel=-1, inclusionOrdinal=-1]
    AstNode [type=ImpDecideOnClauseImpl, moduleId=1, location=AstNodeLocation [retracedOffset=1007, retracedLength=50, assembledOffset=1007, assembledLength=50, rootRelativeOffset=1007, rootRelativeLength=50, rootRelativeStartLineNumber=43, rootRelativeEndLineNumber=44], inclusionLevel=-1, inclusionOrdinal=-1]
     AstNode [type=Values, moduleId=1, location=AstNodeLocation [retracedOffset=1013, retracedLength=6, assembledOffset=1013, assembledLength=6, rootRelativeOffset=1013, rootRelativeLength=6, rootRelativeStartLineNumber=43, rootRelativeEndLineNumber=43], inclusionLevel=-1, inclusionOrdinal=-1]
      AstNode [type=StringConstant, moduleId=1, location=AstNodeLocation [retracedOffset=1013, retracedLength=6, assembledOffset=1013, assembledLength=6, rootRelativeOffset=1013, rootRelativeLength=6, rootRelativeStartLineNumber=43, rootRelativeEndLineNumber=43], inclusionLevel=-1, inclusionOrdinal=-1]
     AstNode [type=WriteStmt, moduleId=1, location=AstNodeLocation [retracedOffset=1029, retracedLength=28, assembledOffset=1029, assembledLength=28, rootRelativeOffset=1029, rootRelativeLength=28, rootRelativeStartLineNumber=44, rootRelativeEndLineNumber=44], inclusionLevel=-1, inclusionOrdinal=-1, properties=[uiStmtType=WRITE]]
      AstNode [type=Line, moduleId=1, location=AstNodeLocation [retracedOffset=1035, retracedLength=22, assembledOffset=1035, assembledLength=22, rootRelativeOffset=1035, rootRelativeLength=22, rootRelativeStartLineNumber=44, rootRelativeEndLineNumber=44], inclusionLevel=-1, inclusionOrdinal=-1]
       AstNode [type=InputText, moduleId=1, location=AstNodeLocation [retracedOffset=1035, retracedLength=22, assembledOffset=1035, assembledLength=22, rootRelativeOffset=1035, rootRelativeLength=22, rootRelativeStartLineNumber=44, rootRelativeEndLineNumber=44], inclusionLevel=-1, inclusionOrdinal=-1]
        AstNode [type=StringConstant, moduleId=1, location=AstNodeLocation [retracedOffset=1035, retracedLength=22, assembledOffset=1035, assembledLength=22, rootRelativeOffset=1035, rootRelativeLength=22, rootRelativeStartLineNumber=44, rootRelativeEndLineNumber=44], inclusionLevel=-1, inclusionOrdinal=-1]
    AstNode [type=ImpDecideOnClauseImpl, moduleId=1, location=AstNodeLocation [retracedOffset=1065, retracedLength=61, assembledOffset=1065, assembledLength=61, rootRelativeOffset=1065, rootRelativeLength=61, rootRelativeStartLineNumber=45, rootRelativeEndLineNumber=46], inclusionLevel=-1, inclusionOrdinal=-1]
     AstNode [type=AnyValue, moduleId=1, location=AstNodeLocation [retracedOffset=-1, retracedLength=1, assembledOffset=-1, assembledLength=1, rootRelativeOffset=-1, rootRelativeLength=1, rootRelativeStartLineNumber=0, rootRelativeEndLineNumber=1], inclusionLevel=-1, inclusionOrdinal=-1]
     AstNode [type=WriteStmt, moduleId=1, location=AstNodeLocation [retracedOffset=1090, retracedLength=36, assembledOffset=1090, assembledLength=36, rootRelativeOffset=1090, rootRelativeLength=36, rootRelativeStartLineNumber=46, rootRelativeEndLineNumber=46], inclusionLevel=-1, inclusionOrdinal=-1, properties=[uiStmtType=WRITE]]
      AstNode [type=Line, moduleId=1, location=AstNodeLocation [retracedOffset=1096, retracedLength=30, assembledOffset=1096, assembledLength=30, rootRelativeOffset=1096, rootRelativeLength=30, rootRelativeStartLineNumber=46, rootRelativeEndLineNumber=46], inclusionLevel=-1, inclusionOrdinal=-1]
       AstNode [type=InputText, moduleId=1, location=AstNodeLocation [retracedOffset=1096, retracedLength=30, assembledOffset=1096, assembledLength=30, rootRelativeOffset=1096, rootRelativeLength=30, rootRelativeStartLineNumber=46, rootRelativeEndLineNumber=46], inclusionLevel=-1, inclusionOrdinal=-1]
        AstNode [type=StringConstant, moduleId=1, location=AstNodeLocation [retracedOffset=1096, retracedLength=30, assembledOffset=1096, assembledLength=30, rootRelativeOffset=1096, rootRelativeLength=30, rootRelativeStartLineNumber=46, rootRelativeEndLineNumber=46], inclusionLevel=-1, inclusionOrdinal=-1]
    AstNode [type=ImpDecideOnClauseImpl, moduleId=1, location=AstNodeLocation [retracedOffset=1135, retracedLength=74, assembledOffset=1135, assembledLength=74, rootRelativeOffset=1135, rootRelativeLength=74, rootRelativeStartLineNumber=47, rootRelativeEndLineNumber=48], inclusionLevel=-1, inclusionOrdinal=-1]
     AstNode [type=NoValue, moduleId=1, location=AstNodeLocation [retracedOffset=-1, retracedLength=1, assembledOffset=-1, assembledLength=1, rootRelativeOffset=-1, rootRelativeLength=1, rootRelativeStartLineNumber=0, rootRelativeEndLineNumber=1], inclusionLevel=-1, inclusionOrdinal=-1]
     AstNode [type=WriteStmt, moduleId=1, location=AstNodeLocation [retracedOffset=1160, retracedLength=49, assembledOffset=1160, assembledLength=49, rootRelativeOffset=1160, rootRelativeLength=49, rootRelativeStartLineNumber=48, rootRelativeEndLineNumber=48], inclusionLevel=-1, inclusionOrdinal=-1, properties=[uiStmtType=WRITE]]
      AstNode [type=Line, moduleId=1, location=AstNodeLocation [retracedOffset=1166, retracedLength=43, assembledOffset=1166, assembledLength=43, rootRelativeOffset=1166, rootRelativeLength=43, rootRelativeStartLineNumber=48, rootRelativeEndLineNumber=48], inclusionLevel=-1, inclusionOrdinal=-1]
       AstNode [type=InputText, moduleId=1, location=AstNodeLocation [retracedOffset=1166, retracedLength=43, assembledOffset=1166, assembledLength=43, rootRelativeOffset=1166, rootRelativeLength=43, rootRelativeStartLineNumber=48, rootRelativeEndLineNumber=48], inclusionLevel=-1, inclusionOrdinal=-1]
        AstNode [type=StringConstant, moduleId=1, location=AstNodeLocation [retracedOffset=1166, retracedLength=43, assembledOffset=1166, assembledLength=43, rootRelativeOffset=1166, rootRelativeLength=43, rootRelativeStartLineNumber=48, rootRelativeEndLineNumber=48], inclusionLevel=-1, inclusionOrdinal=-1]
  AstNode [type=ImpDecideOnClauseImpl, moduleId=1, location=AstNodeLocation [retracedOffset=1229, retracedLength=52, assembledOffset=1229, assembledLength=52, rootRelativeOffset=1229, rootRelativeLength=52, rootRelativeStartLineNumber=50, rootRelativeEndLineNumber=51], inclusionLevel=-1, inclusionOrdinal=-1]
   AstNode [type=NoValue, moduleId=1, location=AstNodeLocation [retracedOffset=-1, retracedLength=1, assembledOffset=-1, assembledLength=1, rootRelativeOffset=-1, rootRelativeLength=1, rootRelativeStartLineNumber=0, rootRelativeEndLineNumber=1], inclusionLevel=-1, inclusionOrdinal=-1]
   AstNode [type=WriteStmt, moduleId=1, location=AstNodeLocation [retracedOffset=1245, retracedLength=36, assembledOffset=1245, assembledLength=36, rootRelativeOffset=1245, rootRelativeLength=36, rootRelativeStartLineNumber=51, rootRelativeEndLineNumber=51], inclusionLevel=-1, inclusionOrdinal=-1, properties=[uiStmtType=WRITE]]
    AstNode [type=Line, moduleId=1, location=AstNodeLocation [retracedOffset=1251, retracedLength=30, assembledOffset=1251, assembledLength=30, rootRelativeOffset=1251, rootRelativeLength=30, rootRelativeStartLineNumber=51, rootRelativeEndLineNumber=51], inclusionLevel=-1, inclusionOrdinal=-1]
     AstNode [type=InputText, moduleId=1, location=AstNodeLocation [retracedOffset=1251, retracedLength=30, assembledOffset=1251, assembledLength=30, rootRelativeOffset=1251, rootRelativeLength=30, rootRelativeStartLineNumber=51, rootRelativeEndLineNumber=51], inclusionLevel=-1, inclusionOrdinal=-1]
      AstNode [type=StringConstant, moduleId=1, location=AstNodeLocation [retracedOffset=1251, retracedLength=30, assembledOffset=1251, assembledLength=30, rootRelativeOffset=1251, rootRelativeLength=30, rootRelativeStartLineNumber=51, rootRelativeEndLineNumber=51], inclusionLevel=-1, inclusionOrdinal=-1]
 AstNode [type=EndStmt, moduleId=1, location=AstNodeLocation [retracedOffset=1297, retracedLength=3, assembledOffset=1297, assembledLength=3, rootRelativeOffset=1297, rootRelativeLength=3, rootRelativeStartLineNumber=54, rootRelativeEndLineNumber=54], inclusionLevel=-1, inclusionOrdinal=-1]
