AstNode [type=CobolProgram, moduleId=1, location=AstNodeLocation [retracedOffset=7, retracedLength=926, assembledOffset=7, assembledLength=926, rootRelativeOffset=7, rootRelativeLength=926, rootRelativeStartLineNumber=1, rootRelativeEndLineNumber=37], inclusionLevel=-1, inclusionOrdinal=-1, hasAstModuleId=1]
 AstNode [type=IdentificationDivision, moduleId=1, location=AstNodeLocation [retracedOffset=7, retracedLength=23, assembledOffset=7, assembledLength=23, rootRelativeOffset=7, rootRelativeLength=23, rootRelativeStartLineNumber=1, rootRelativeEndLineNumber=1], inclusionLevel=-1, inclusionOrdinal=-1]
 AstNode [type=EnvironmentDivision, moduleId=1, location=AstNodeLocation [retracedOffset=95, retracedLength=173, assembledOffset=95, assembledLength=173, rootRelativeOffset=95, rootRelativeLength=173, rootRelativeStartLineNumber=4, rootRelativeEndLineNumber=9], inclusionLevel=-1, inclusionOrdinal=-1]
  AstNode [type=ConfigurationSection, moduleId=1, location=AstNodeLocation [retracedOffset=124, retracedLength=22, assembledOffset=124, assembledLength=22, rootRelativeOffset=124, rootRelativeLength=22, rootRelativeStartLineNumber=5, rootRelativeEndLineNumber=5], inclusionLevel=-1, inclusionOrdinal=-1]
  AstNode [type=InputOutputSection, moduleId=1, location=AstNodeLocation [retracedOffset=154, retracedLength=114, assembledOffset=154, assembledLength=114, rootRelativeOffset=154, rootRelativeLength=114, rootRelativeStartLineNumber=6, rootRelativeEndLineNumber=9], inclusionLevel=-1, inclusionOrdinal=-1]
 AstNode [type=ProcedureDivision, moduleId=1, location=AstNodeLocation [retracedOffset=284, retracedLength=18, assembledOffset=284, assembledLength=18, rootRelativeOffset=284, rootRelativeLength=18, rootRelativeStartLineNumber=11, rootRelativeEndLineNumber=11], inclusionLevel=-1, inclusionOrdinal=-1]
  AstNode [type=CobolSection, moduleId=1, location=AstNodeLocation [retracedOffset=311, retracedLength=12, assembledOffset=311, assembledLength=12, rootRelativeOffset=311, rootRelativeLength=12, rootRelativeStartLineNumber=12, rootRelativeEndLineNumber=12], inclusionLevel=-1, inclusionOrdinal=-1, properties=[invocation name=MAIN-PROGRAM]]
   AstNode [type=CobolEvaluateStmt, moduleId=1, location=AstNodeLocation [retracedOffset=352, retracedLength=204, assembledOffset=352, assembledLength=204, rootRelativeOffset=352, rootRelativeLength=204, rootRelativeStartLineNumber=14, rootRelativeEndLineNumber=21], inclusionLevel=-1, inclusionOrdinal=-1, properties=[conditionPaths=[[0],[1,0],[2,0]]]]
    AstNode [type=CobolEvaluateCondition, moduleId=1, location=AstNodeLocation [retracedOffset=352, retracedLength=13, assembledOffset=352, assembledLength=13, rootRelativeOffset=352, rootRelativeLength=13, rootRelativeStartLineNumber=14, rootRelativeEndLineNumber=14], inclusionLevel=-1, inclusionOrdinal=-1]
    AstNode [type=CobolWhenStmt, moduleId=1, location=AstNodeLocation [retracedOffset=379, retracedLength=12, assembledOffset=379, assembledLength=12, rootRelativeOffset=379, rootRelativeLength=12, rootRelativeStartLineNumber=15, rootRelativeEndLineNumber=15], inclusionLevel=-1, inclusionOrdinal=-1, properties=[other=false]]
     AstNode [type=CobolAndExpression, moduleId=1, location=AstNodeLocation [retracedOffset=384, retracedLength=7, assembledOffset=384, assembledLength=7, rootRelativeOffset=384, rootRelativeLength=7, rootRelativeStartLineNumber=15, rootRelativeEndLineNumber=15], inclusionLevel=-1, inclusionOrdinal=-1]
      AstNode [type=CobolReferenceExpression, moduleId=1, location=AstNodeLocation [retracedOffset=384, retracedLength=1, assembledOffset=384, assembledLength=1, rootRelativeOffset=384, rootRelativeLength=1, rootRelativeStartLineNumber=15, rootRelativeEndLineNumber=15], inclusionLevel=-1, inclusionOrdinal=-1]
       AstNode [type=CobolFieldReference, moduleId=1, location=AstNodeLocation [retracedOffset=384, retracedLength=1, assembledOffset=384, assembledLength=1, rootRelativeOffset=384, rootRelativeLength=1, rootRelativeStartLineNumber=15, rootRelativeEndLineNumber=15], inclusionLevel=-1, inclusionOrdinal=-1, properties=[all=false, colonPrefix=false, dynamic=false, external=false, isIndex=false, negativ=false, renderIsTrueForL88Item=true, unresolvedFieldName=A, usedAsCondition=true]]
      AstNode [type=CobolReferenceExpression, moduleId=1, location=AstNodeLocation [retracedOffset=390, retracedLength=1, assembledOffset=390, assembledLength=1, rootRelativeOffset=390, rootRelativeLength=1, rootRelativeStartLineNumber=15, rootRelativeEndLineNumber=15], inclusionLevel=-1, inclusionOrdinal=-1]
       AstNode [type=CobolFieldReference, moduleId=1, location=AstNodeLocation [retracedOffset=390, retracedLength=1, assembledOffset=390, assembledLength=1, rootRelativeOffset=390, rootRelativeLength=1, rootRelativeStartLineNumber=15, rootRelativeEndLineNumber=15], inclusionLevel=-1, inclusionOrdinal=-1, properties=[all=false, colonPrefix=false, dynamic=false, external=false, isIndex=false, negativ=false, renderIsTrueForL88Item=true, unresolvedFieldName=B, usedAsCondition=true]]
     AstNode [type=CobolDisplayStmt, moduleId=1, location=AstNodeLocation [retracedOffset=408, retracedLength=13, assembledOffset=408, assembledLength=13, rootRelativeOffset=408, rootRelativeLength=13, rootRelativeStartLineNumber=16, rootRelativeEndLineNumber=16], inclusionLevel=-1, inclusionOrdinal=-1]
      AstNode [type=CobolReferenceExpression, moduleId=1, location=AstNodeLocation [retracedOffset=416, retracedLength=5, assembledOffset=416, assembledLength=5, rootRelativeOffset=416, rootRelativeLength=5, rootRelativeStartLineNumber=16, rootRelativeEndLineNumber=16], inclusionLevel=-1, inclusionOrdinal=-1]
       AstNode [type=CobolConstantReference, moduleId=1, location=AstNodeLocation [retracedOffset=416, retracedLength=5, assembledOffset=416, assembledLength=5, rootRelativeOffset=416, rootRelativeLength=5, rootRelativeStartLineNumber=16, rootRelativeEndLineNumber=16], inclusionLevel=-1, inclusionOrdinal=-1, properties=[all=false, colonPrefix=false, dynamic=false, external=false, level=0, negativ=false, value='A&B']]
    AstNode [type=CobolWhenStmt, moduleId=1, location=AstNodeLocation [retracedOffset=435, retracedLength=11, assembledOffset=435, assembledLength=11, rootRelativeOffset=435, rootRelativeLength=11, rootRelativeStartLineNumber=17, rootRelativeEndLineNumber=17], inclusionLevel=-1, inclusionOrdinal=-1, properties=[other=false]]
     AstNode [type=CobolOrExpression, moduleId=1, location=AstNodeLocation [retracedOffset=440, retracedLength=6, assembledOffset=440, assembledLength=6, rootRelativeOffset=440, rootRelativeLength=6, rootRelativeStartLineNumber=17, rootRelativeEndLineNumber=17], inclusionLevel=-1, inclusionOrdinal=-1]
      AstNode [type=CobolReferenceExpression, moduleId=1, location=AstNodeLocation [retracedOffset=440, retracedLength=1, assembledOffset=440, assembledLength=1, rootRelativeOffset=440, rootRelativeLength=1, rootRelativeStartLineNumber=17, rootRelativeEndLineNumber=17], inclusionLevel=-1, inclusionOrdinal=-1]
       AstNode [type=CobolFieldReference, moduleId=1, location=AstNodeLocation [retracedOffset=440, retracedLength=1, assembledOffset=440, assembledLength=1, rootRelativeOffset=440, rootRelativeLength=1, rootRelativeStartLineNumber=17, rootRelativeEndLineNumber=17], inclusionLevel=-1, inclusionOrdinal=-1, properties=[all=false, colonPrefix=false, dynamic=false, external=false, isIndex=false, negativ=false, renderIsTrueForL88Item=true, unresolvedFieldName=A, usedAsCondition=true]]
      AstNode [type=CobolReferenceExpression, moduleId=1, location=AstNodeLocation [retracedOffset=445, retracedLength=1, assembledOffset=445, assembledLength=1, rootRelativeOffset=445, rootRelativeLength=1, rootRelativeStartLineNumber=17, rootRelativeEndLineNumber=17], inclusionLevel=-1, inclusionOrdinal=-1]
       AstNode [type=CobolFieldReference, moduleId=1, location=AstNodeLocation [retracedOffset=445, retracedLength=1, assembledOffset=445, assembledLength=1, rootRelativeOffset=445, rootRelativeLength=1, rootRelativeStartLineNumber=17, rootRelativeEndLineNumber=17], inclusionLevel=-1, inclusionOrdinal=-1, properties=[all=false, colonPrefix=false, dynamic=false, external=false, isIndex=false, negativ=false, renderIsTrueForL88Item=true, unresolvedFieldName=B, usedAsCondition=true]]
     AstNode [type=CobolDisplayStmt, moduleId=1, location=AstNodeLocation [retracedOffset=463, retracedLength=13, assembledOffset=463, assembledLength=13, rootRelativeOffset=463, rootRelativeLength=13, rootRelativeStartLineNumber=18, rootRelativeEndLineNumber=18], inclusionLevel=-1, inclusionOrdinal=-1]
      AstNode [type=CobolReferenceExpression, moduleId=1, location=AstNodeLocation [retracedOffset=471, retracedLength=5, assembledOffset=471, assembledLength=5, rootRelativeOffset=471, rootRelativeLength=5, rootRelativeStartLineNumber=18, rootRelativeEndLineNumber=18], inclusionLevel=-1, inclusionOrdinal=-1]
       AstNode [type=CobolConstantReference, moduleId=1, location=AstNodeLocation [retracedOffset=471, retracedLength=5, assembledOffset=471, assembledLength=5, rootRelativeOffset=471, rootRelativeLength=5, rootRelativeStartLineNumber=18, rootRelativeEndLineNumber=18], inclusionLevel=-1, inclusionOrdinal=-1, properties=[all=false, colonPrefix=false, dynamic=false, external=false, level=0, negativ=false, value='A|B']]
    AstNode [type=CobolWhenStmt, moduleId=1, location=AstNodeLocation [retracedOffset=490, retracedLength=10, assembledOffset=490, assembledLength=10, rootRelativeOffset=490, rootRelativeLength=10, rootRelativeStartLineNumber=19, rootRelativeEndLineNumber=19], inclusionLevel=-1, inclusionOrdinal=-1, properties=[other=true]]
     AstNode [type=CobolDisplayStmt, moduleId=1, location=AstNodeLocation [retracedOffset=517, retracedLength=15, assembledOffset=517, assembledLength=15, rootRelativeOffset=517, rootRelativeLength=15, rootRelativeStartLineNumber=20, rootRelativeEndLineNumber=20], inclusionLevel=-1, inclusionOrdinal=-1]
      AstNode [type=CobolReferenceExpression, moduleId=1, location=AstNodeLocation [retracedOffset=525, retracedLength=7, assembledOffset=525, assembledLength=7, rootRelativeOffset=525, rootRelativeLength=7, rootRelativeStartLineNumber=20, rootRelativeEndLineNumber=20], inclusionLevel=-1, inclusionOrdinal=-1]
       AstNode [type=CobolConstantReference, moduleId=1, location=AstNodeLocation [retracedOffset=525, retracedLength=7, assembledOffset=525, assembledLength=7, rootRelativeOffset=525, rootRelativeLength=7, rootRelativeStartLineNumber=20, rootRelativeEndLineNumber=20], inclusionLevel=-1, inclusionOrdinal=-1, properties=[all=false, colonPrefix=false, dynamic=false, external=false, level=0, negativ=false, value='OTHER']]
   AstNode [type=CobolEvaluateStmt, moduleId=1, location=AstNodeLocation [retracedOffset=583, retracedLength=130, assembledOffset=583, assembledLength=130, rootRelativeOffset=583, rootRelativeLength=130, rootRelativeStartLineNumber=23, rootRelativeEndLineNumber=28], inclusionLevel=-1, inclusionOrdinal=-1, properties=[conditionPaths=[[0],[1,0],[2,0]]]]
    AstNode [type=CobolEvaluateCondition, moduleId=1, location=AstNodeLocation [retracedOffset=583, retracedLength=10, assembledOffset=583, assembledLength=10, rootRelativeOffset=583, rootRelativeLength=10, rootRelativeStartLineNumber=23, rootRelativeEndLineNumber=23], inclusionLevel=-1, inclusionOrdinal=-1]
     AstNode [type=CobolReferenceExpression, moduleId=1, location=AstNodeLocation [retracedOffset=592, retracedLength=1, assembledOffset=592, assembledLength=1, rootRelativeOffset=592, rootRelativeLength=1, rootRelativeStartLineNumber=23, rootRelativeEndLineNumber=23], inclusionLevel=-1, inclusionOrdinal=-1]
      AstNode [type=CobolFieldReference, moduleId=1, location=AstNodeLocation [retracedOffset=592, retracedLength=1, assembledOffset=592, assembledLength=1, rootRelativeOffset=592, rootRelativeLength=1, rootRelativeStartLineNumber=23, rootRelativeEndLineNumber=23], inclusionLevel=-1, inclusionOrdinal=-1, properties=[all=false, colonPrefix=false, dynamic=false, external=false, isIndex=false, negativ=false, renderIsTrueForL88Item=true, unresolvedFieldName=A, usedAsCondition=false]]
    AstNode [type=CobolWhenStmt, moduleId=1, location=AstNodeLocation [retracedOffset=607, retracedLength=6, assembledOffset=607, assembledLength=6, rootRelativeOffset=607, rootRelativeLength=6, rootRelativeStartLineNumber=24, rootRelativeEndLineNumber=24], inclusionLevel=-1, inclusionOrdinal=-1, properties=[other=false]]
     AstNode [type=CobolComparisonExpression, moduleId=1, location=AstNodeLocation [retracedOffset=629, retracedLength=-16, assembledOffset=629, assembledLength=-16, rootRelativeOffset=629, rootRelativeLength=-16, rootRelativeStartLineNumber=25, rootRelativeEndLineNumber=24], inclusionLevel=-1, inclusionOrdinal=-1]
      AstNode [type=CobolEvaluationReference, moduleId=1, location=AstNodeLocation [retracedOffset=629, retracedLength=-16, assembledOffset=629, assembledLength=-16, rootRelativeOffset=629, rootRelativeLength=-16, rootRelativeStartLineNumber=25, rootRelativeEndLineNumber=24], inclusionLevel=-1, inclusionOrdinal=-1]
      AstNode [type=CobolReferenceExpression, moduleId=1, location=AstNodeLocation [retracedOffset=612, retracedLength=1, assembledOffset=612, assembledLength=1, rootRelativeOffset=612, rootRelativeLength=1, rootRelativeStartLineNumber=24, rootRelativeEndLineNumber=24], inclusionLevel=-1, inclusionOrdinal=-1]
       AstNode [type=CobolNumericConstantReference, moduleId=1, location=AstNodeLocation [retracedOffset=612, retracedLength=1, assembledOffset=612, assembledLength=1, rootRelativeOffset=612, rootRelativeLength=1, rootRelativeStartLineNumber=24, rootRelativeEndLineNumber=24], inclusionLevel=-1, inclusionOrdinal=-1, properties=[all=false, colonPrefix=false, dynamic=false, external=false, level=0, negativ=false, value=5]]
     AstNode [type=CobolDisplayStmt, moduleId=1, location=AstNodeLocation [retracedOffset=629, retracedLength=11, assembledOffset=629, assembledLength=11, rootRelativeOffset=629, rootRelativeLength=11, rootRelativeStartLineNumber=25, rootRelativeEndLineNumber=25], inclusionLevel=-1, inclusionOrdinal=-1]
      AstNode [type=CobolReferenceExpression, moduleId=1, location=AstNodeLocation [retracedOffset=637, retracedLength=3, assembledOffset=637, assembledLength=3, rootRelativeOffset=637, rootRelativeLength=3, rootRelativeStartLineNumber=25, rootRelativeEndLineNumber=25], inclusionLevel=-1, inclusionOrdinal=-1]
       AstNode [type=CobolConstantReference, moduleId=1, location=AstNodeLocation [retracedOffset=637, retracedLength=3, assembledOffset=637, assembledLength=3, rootRelativeOffset=637, rootRelativeLength=3, rootRelativeStartLineNumber=25, rootRelativeEndLineNumber=25], inclusionLevel=-1, inclusionOrdinal=-1, properties=[all=false, colonPrefix=false, dynamic=false, external=false, level=0, negativ=false, value='5']]
    AstNode [type=CobolWhenStmt, moduleId=1, location=AstNodeLocation [retracedOffset=654, retracedLength=7, assembledOffset=654, assembledLength=7, rootRelativeOffset=654, rootRelativeLength=7, rootRelativeStartLineNumber=26, rootRelativeEndLineNumber=26], inclusionLevel=-1, inclusionOrdinal=-1, properties=[other=false]]
     AstNode [type=CobolComparisonExpression, moduleId=1, location=AstNodeLocation [retracedOffset=677, retracedLength=-16, assembledOffset=677, assembledLength=-16, rootRelativeOffset=677, rootRelativeLength=-16, rootRelativeStartLineNumber=27, rootRelativeEndLineNumber=26], inclusionLevel=-1, inclusionOrdinal=-1]
      AstNode [type=CobolEvaluationReference, moduleId=1, location=AstNodeLocation [retracedOffset=677, retracedLength=-16, assembledOffset=677, assembledLength=-16, rootRelativeOffset=677, rootRelativeLength=-16, rootRelativeStartLineNumber=27, rootRelativeEndLineNumber=26], inclusionLevel=-1, inclusionOrdinal=-1]
      AstNode [type=CobolReferenceExpression, moduleId=1, location=AstNodeLocation [retracedOffset=659, retracedLength=2, assembledOffset=659, assembledLength=2, rootRelativeOffset=659, rootRelativeLength=2, rootRelativeStartLineNumber=26, rootRelativeEndLineNumber=26], inclusionLevel=-1, inclusionOrdinal=-1]
       AstNode [type=CobolNumericConstantReference, moduleId=1, location=AstNodeLocation [retracedOffset=659, retracedLength=2, assembledOffset=659, assembledLength=2, rootRelativeOffset=659, rootRelativeLength=2, rootRelativeStartLineNumber=26, rootRelativeEndLineNumber=26], inclusionLevel=-1, inclusionOrdinal=-1, properties=[all=false, colonPrefix=false, dynamic=false, external=false, level=0, negativ=false, value=42]]
     AstNode [type=CobolDisplayStmt, moduleId=1, location=AstNodeLocation [retracedOffset=677, retracedLength=12, assembledOffset=677, assembledLength=12, rootRelativeOffset=677, rootRelativeLength=12, rootRelativeStartLineNumber=27, rootRelativeEndLineNumber=27], inclusionLevel=-1, inclusionOrdinal=-1]
      AstNode [type=CobolReferenceExpression, moduleId=1, location=AstNodeLocation [retracedOffset=685, retracedLength=4, assembledOffset=685, assembledLength=4, rootRelativeOffset=685, rootRelativeLength=4, rootRelativeStartLineNumber=27, rootRelativeEndLineNumber=27], inclusionLevel=-1, inclusionOrdinal=-1]
       AstNode [type=CobolConstantReference, moduleId=1, location=AstNodeLocation [retracedOffset=685, retracedLength=4, assembledOffset=685, assembledLength=4, rootRelativeOffset=685, rootRelativeLength=4, rootRelativeStartLineNumber=27, rootRelativeEndLineNumber=27], inclusionLevel=-1, inclusionOrdinal=-1, properties=[all=false, colonPrefix=false, dynamic=false, external=false, level=0, negativ=false, value='42']]
   AstNode [type=CobolEvaluateStmt, moduleId=1, location=AstNodeLocation [retracedOffset=738, retracedLength=174, assembledOffset=738, assembledLength=174, rootRelativeOffset=738, rootRelativeLength=174, rootRelativeStartLineNumber=30, rootRelativeEndLineNumber=35], inclusionLevel=-1, inclusionOrdinal=-1, properties=[conditionPaths=[[0],[1],[2,0],[2,1],[3,0],[3,1]]]]
    AstNode [type=CobolEvaluateCondition, moduleId=1, location=AstNodeLocation [retracedOffset=738, retracedLength=13, assembledOffset=738, assembledLength=13, rootRelativeOffset=738, rootRelativeLength=13, rootRelativeStartLineNumber=30, rootRelativeEndLineNumber=30], inclusionLevel=-1, inclusionOrdinal=-1]
    AstNode [type=CobolEvaluateCondition, moduleId=1, location=AstNodeLocation [retracedOffset=752, retracedLength=6, assembledOffset=752, assembledLength=6, rootRelativeOffset=752, rootRelativeLength=6, rootRelativeStartLineNumber=30, rootRelativeEndLineNumber=30], inclusionLevel=-1, inclusionOrdinal=-1]
     AstNode [type=CobolReferenceExpression, moduleId=1, location=AstNodeLocation [retracedOffset=757, retracedLength=1, assembledOffset=757, assembledLength=1, rootRelativeOffset=757, rootRelativeLength=1, rootRelativeStartLineNumber=30, rootRelativeEndLineNumber=30], inclusionLevel=-1, inclusionOrdinal=-1]
      AstNode [type=CobolFieldReference, moduleId=1, location=AstNodeLocation [retracedOffset=757, retracedLength=1, assembledOffset=757, assembledLength=1, rootRelativeOffset=757, rootRelativeLength=1, rootRelativeStartLineNumber=30, rootRelativeEndLineNumber=30], inclusionLevel=-1, inclusionOrdinal=-1, properties=[all=false, colonPrefix=false, dynamic=false, external=false, isIndex=false, negativ=false, renderIsTrueForL88Item=true, unresolvedFieldName=A, usedAsCondition=false]]
    AstNode [type=CobolWhenStmt, moduleId=1, location=AstNodeLocation [retracedOffset=772, retracedLength=17, assembledOffset=772, assembledLength=17, rootRelativeOffset=772, rootRelativeLength=17, rootRelativeStartLineNumber=31, rootRelativeEndLineNumber=31], inclusionLevel=-1, inclusionOrdinal=-1, properties=[other=false]]
     AstNode [type=CobolComparisonExpression, moduleId=1, location=AstNodeLocation [retracedOffset=777, retracedLength=5, assembledOffset=777, assembledLength=5, rootRelativeOffset=777, rootRelativeLength=5, rootRelativeStartLineNumber=31, rootRelativeEndLineNumber=31], inclusionLevel=-1, inclusionOrdinal=-1]
      AstNode [type=CobolReferenceExpression, moduleId=1, location=AstNodeLocation [retracedOffset=777, retracedLength=1, assembledOffset=777, assembledLength=1, rootRelativeOffset=777, rootRelativeLength=1, rootRelativeStartLineNumber=31, rootRelativeEndLineNumber=31], inclusionLevel=-1, inclusionOrdinal=-1]
       AstNode [type=CobolFieldReference, moduleId=1, location=AstNodeLocation [retracedOffset=777, retracedLength=1, assembledOffset=777, assembledLength=1, rootRelativeOffset=777, rootRelativeLength=1, rootRelativeStartLineNumber=31, rootRelativeEndLineNumber=31], inclusionLevel=-1, inclusionOrdinal=-1, properties=[all=false, colonPrefix=false, dynamic=false, external=false, isIndex=false, negativ=false, renderIsTrueForL88Item=true, unresolvedFieldName=B, usedAsCondition=false]]
      AstNode [type=CobolReferenceExpression, moduleId=1, location=AstNodeLocation [retracedOffset=781, retracedLength=1, assembledOffset=781, assembledLength=1, rootRelativeOffset=781, rootRelativeLength=1, rootRelativeStartLineNumber=31, rootRelativeEndLineNumber=31], inclusionLevel=-1, inclusionOrdinal=-1]
       AstNode [type=CobolNumericConstantReference, moduleId=1, location=AstNodeLocation [retracedOffset=781, retracedLength=1, assembledOffset=781, assembledLength=1, rootRelativeOffset=781, rootRelativeLength=1, rootRelativeStartLineNumber=31, rootRelativeEndLineNumber=31], inclusionLevel=-1, inclusionOrdinal=-1, properties=[all=false, colonPrefix=false, dynamic=false, external=false, level=0, negativ=false, value=4]]
     AstNode [type=CobolComparisonExpression, moduleId=1, location=AstNodeLocation [retracedOffset=806, retracedLength=-17, assembledOffset=806, assembledLength=-17, rootRelativeOffset=806, rootRelativeLength=-17, rootRelativeStartLineNumber=32, rootRelativeEndLineNumber=31], inclusionLevel=-1, inclusionOrdinal=-1]
      AstNode [type=CobolEvaluationReference, moduleId=1, location=AstNodeLocation [retracedOffset=806, retracedLength=-17, assembledOffset=806, assembledLength=-17, rootRelativeOffset=806, rootRelativeLength=-17, rootRelativeStartLineNumber=32, rootRelativeEndLineNumber=31], inclusionLevel=-1, inclusionOrdinal=-1]
      AstNode [type=CobolReferenceExpression, moduleId=1, location=AstNodeLocation [retracedOffset=788, retracedLength=1, assembledOffset=788, assembledLength=1, rootRelativeOffset=788, rootRelativeLength=1, rootRelativeStartLineNumber=31, rootRelativeEndLineNumber=31], inclusionLevel=-1, inclusionOrdinal=-1]
       AstNode [type=CobolNumericConstantReference, moduleId=1, location=AstNodeLocation [retracedOffset=788, retracedLength=1, assembledOffset=788, assembledLength=1, rootRelativeOffset=788, rootRelativeLength=1, rootRelativeStartLineNumber=31, rootRelativeEndLineNumber=31], inclusionLevel=-1, inclusionOrdinal=-1, properties=[all=false, colonPrefix=false, dynamic=false, external=false, level=0, negativ=false, value=2]]
     AstNode [type=CobolDisplayStmt, moduleId=1, location=AstNodeLocation [retracedOffset=806, retracedLength=14, assembledOffset=806, assembledLength=14, rootRelativeOffset=806, rootRelativeLength=14, rootRelativeStartLineNumber=32, rootRelativeEndLineNumber=32], inclusionLevel=-1, inclusionOrdinal=-1]
      AstNode [type=CobolReferenceExpression, moduleId=1, location=AstNodeLocation [retracedOffset=814, retracedLength=6, assembledOffset=814, assembledLength=6, rootRelativeOffset=814, rootRelativeLength=6, rootRelativeStartLineNumber=32, rootRelativeEndLineNumber=32], inclusionLevel=-1, inclusionOrdinal=-1]
       AstNode [type=CobolConstantReference, moduleId=1, location=AstNodeLocation [retracedOffset=814, retracedLength=6, assembledOffset=814, assembledLength=6, rootRelativeOffset=814, rootRelativeLength=6, rootRelativeStartLineNumber=32, rootRelativeEndLineNumber=32], inclusionLevel=-1, inclusionOrdinal=-1, properties=[all=false, colonPrefix=false, dynamic=false, external=false, level=0, negativ=false, value='WHAT']]
    AstNode [type=CobolWhenStmt, moduleId=1, location=AstNodeLocation [retracedOffset=834, retracedLength=20, assembledOffset=834, assembledLength=20, rootRelativeOffset=834, rootRelativeLength=20, rootRelativeStartLineNumber=33, rootRelativeEndLineNumber=33], inclusionLevel=-1, inclusionOrdinal=-1, properties=[other=false]]
     AstNode [type=CobolAndExpression, moduleId=1, location=AstNodeLocation [retracedOffset=839, retracedLength=7, assembledOffset=839, assembledLength=7, rootRelativeOffset=839, rootRelativeLength=7, rootRelativeStartLineNumber=33, rootRelativeEndLineNumber=33], inclusionLevel=-1, inclusionOrdinal=-1]
      AstNode [type=CobolReferenceExpression, moduleId=1, location=AstNodeLocation [retracedOffset=839, retracedLength=1, assembledOffset=839, assembledLength=1, rootRelativeOffset=839, rootRelativeLength=1, rootRelativeStartLineNumber=33, rootRelativeEndLineNumber=33], inclusionLevel=-1, inclusionOrdinal=-1]
       AstNode [type=CobolFieldReference, moduleId=1, location=AstNodeLocation [retracedOffset=839, retracedLength=1, assembledOffset=839, assembledLength=1, rootRelativeOffset=839, rootRelativeLength=1, rootRelativeStartLineNumber=33, rootRelativeEndLineNumber=33], inclusionLevel=-1, inclusionOrdinal=-1, properties=[all=false, colonPrefix=false, dynamic=false, external=false, isIndex=false, negativ=false, renderIsTrueForL88Item=true, unresolvedFieldName=A, usedAsCondition=true]]
      AstNode [type=CobolReferenceExpression, moduleId=1, location=AstNodeLocation [retracedOffset=845, retracedLength=1, assembledOffset=845, assembledLength=1, rootRelativeOffset=845, rootRelativeLength=1, rootRelativeStartLineNumber=33, rootRelativeEndLineNumber=33], inclusionLevel=-1, inclusionOrdinal=-1]
       AstNode [type=CobolFieldReference, moduleId=1, location=AstNodeLocation [retracedOffset=845, retracedLength=1, assembledOffset=845, assembledLength=1, rootRelativeOffset=845, rootRelativeLength=1, rootRelativeStartLineNumber=33, rootRelativeEndLineNumber=33], inclusionLevel=-1, inclusionOrdinal=-1, properties=[all=false, colonPrefix=false, dynamic=false, external=false, isIndex=false, negativ=false, renderIsTrueForL88Item=true, unresolvedFieldName=B, usedAsCondition=true]]
     AstNode [type=CobolComparisonExpression, moduleId=1, location=AstNodeLocation [retracedOffset=871, retracedLength=-17, assembledOffset=871, assembledLength=-17, rootRelativeOffset=871, rootRelativeLength=-17, rootRelativeStartLineNumber=34, rootRelativeEndLineNumber=33], inclusionLevel=-1, inclusionOrdinal=-1]
      AstNode [type=CobolEvaluationReference, moduleId=1, location=AstNodeLocation [retracedOffset=871, retracedLength=-17, assembledOffset=871, assembledLength=-17, rootRelativeOffset=871, rootRelativeLength=-17, rootRelativeStartLineNumber=34, rootRelativeEndLineNumber=33], inclusionLevel=-1, inclusionOrdinal=-1]
      AstNode [type=CobolReferenceExpression, moduleId=1, location=AstNodeLocation [retracedOffset=852, retracedLength=2, assembledOffset=852, assembledLength=2, rootRelativeOffset=852, rootRelativeLength=2, rootRelativeStartLineNumber=33, rootRelativeEndLineNumber=33], inclusionLevel=-1, inclusionOrdinal=-1]
       AstNode [type=CobolNumericConstantReference, moduleId=1, location=AstNodeLocation [retracedOffset=852, retracedLength=2, assembledOffset=852, assembledLength=2, rootRelativeOffset=852, rootRelativeLength=2, rootRelativeStartLineNumber=33, rootRelativeEndLineNumber=33], inclusionLevel=-1, inclusionOrdinal=-1, properties=[all=false, colonPrefix=false, dynamic=false, external=false, level=0, negativ=false, value=42]]
     AstNode [type=CobolDisplayStmt, moduleId=1, location=AstNodeLocation [retracedOffset=871, retracedLength=17, assembledOffset=871, assembledLength=17, rootRelativeOffset=871, rootRelativeLength=17, rootRelativeStartLineNumber=34, rootRelativeEndLineNumber=34], inclusionLevel=-1, inclusionOrdinal=-1]
      AstNode [type=CobolReferenceExpression, moduleId=1, location=AstNodeLocation [retracedOffset=879, retracedLength=9, assembledOffset=879, assembledLength=9, rootRelativeOffset=879, rootRelativeLength=9, rootRelativeStartLineNumber=34, rootRelativeEndLineNumber=34], inclusionLevel=-1, inclusionOrdinal=-1]
       AstNode [type=CobolConstantReference, moduleId=1, location=AstNodeLocation [retracedOffset=879, retracedLength=9, assembledOffset=879, assembledLength=9, rootRelativeOffset=879, rootRelativeLength=9, rootRelativeStartLineNumber=34, rootRelativeEndLineNumber=34], inclusionLevel=-1, inclusionOrdinal=-1, properties=[all=false, colonPrefix=false, dynamic=false, external=false, level=0, negativ=false, value='IS THIS']]
   AstNode [type=CobolGoBackStmt, moduleId=1, location=AstNodeLocation [retracedOffset=926, retracedLength=6, assembledOffset=926, assembledLength=6, rootRelativeOffset=926, rootRelativeLength=6, rootRelativeStartLineNumber=37, rootRelativeEndLineNumber=37], inclusionLevel=-1, inclusionOrdinal=-1]
