AstNode [type=CobolProgram, moduleId=1, location=AstNodeLocation [retracedOffset=7, retracedLength=1436, assembledOffset=7, assembledLength=1436, rootRelativeOffset=7, rootRelativeLength=1436, rootRelativeStartLineNumber=1, rootRelativeEndLineNumber=64], inclusionLevel=-1, inclusionOrdinal=-1, hasAstModuleId=1]
 AstNode [type=IdentificationDivision, moduleId=1, location=AstNodeLocation [retracedOffset=7, retracedLength=23, assembledOffset=7, assembledLength=23, rootRelativeOffset=7, rootRelativeLength=23, rootRelativeStartLineNumber=1, rootRelativeEndLineNumber=1], inclusionLevel=-1, inclusionOrdinal=-1]
 AstNode [type=EnvironmentDivision, moduleId=1, location=AstNodeLocation [retracedOffset=95, retracedLength=173, assembledOffset=95, assembledLength=173, rootRelativeOffset=95, rootRelativeLength=173, rootRelativeStartLineNumber=4, rootRelativeEndLineNumber=9], inclusionLevel=-1, inclusionOrdinal=-1]
  AstNode [type=ConfigurationSection, moduleId=1, location=AstNodeLocation [retracedOffset=124, retracedLength=22, assembledOffset=124, assembledLength=22, rootRelativeOffset=124, rootRelativeLength=22, rootRelativeStartLineNumber=5, rootRelativeEndLineNumber=5], inclusionLevel=-1, inclusionOrdinal=-1]
  AstNode [type=InputOutputSection, moduleId=1, location=AstNodeLocation [retracedOffset=154, retracedLength=114, assembledOffset=154, assembledLength=114, rootRelativeOffset=154, rootRelativeLength=114, rootRelativeStartLineNumber=6, rootRelativeEndLineNumber=9], inclusionLevel=-1, inclusionOrdinal=-1]
 AstNode [type=ProcedureDivision, moduleId=1, location=AstNodeLocation [retracedOffset=284, retracedLength=18, assembledOffset=284, assembledLength=18, rootRelativeOffset=284, rootRelativeLength=18, rootRelativeStartLineNumber=11, rootRelativeEndLineNumber=11], inclusionLevel=-1, inclusionOrdinal=-1]
  AstNode [type=CobolSection, moduleId=1, location=AstNodeLocation [retracedOffset=311, retracedLength=12, assembledOffset=311, assembledLength=12, rootRelativeOffset=311, rootRelativeLength=12, rootRelativeStartLineNumber=12, rootRelativeEndLineNumber=12], inclusionLevel=-1, inclusionOrdinal=-1, properties=[invocation name=MAIN-PROGRAM]]
   AstNode [type=CobolEvaluateStmt, moduleId=1, location=AstNodeLocation [retracedOffset=352, retracedLength=350, assembledOffset=352, assembledLength=350, rootRelativeOffset=352, rootRelativeLength=350, rootRelativeStartLineNumber=14, rootRelativeEndLineNumber=29], inclusionLevel=-1, inclusionOrdinal=-1, properties=[conditionPaths=[[0],[2,0],[3,0]]]]
    AstNode [type=CobolEvaluateCondition, moduleId=1, location=AstNodeLocation [retracedOffset=352, retracedLength=51, assembledOffset=352, assembledLength=51, rootRelativeOffset=352, rootRelativeLength=51, rootRelativeStartLineNumber=14, rootRelativeEndLineNumber=16], inclusionLevel=-1, inclusionOrdinal=-1]
    AstNode [type=CobolComment, moduleId=1, location=AstNodeLocation [retracedOffset=367, retracedLength=11, assembledOffset=367, assembledLength=11, rootRelativeOffset=367, rootRelativeLength=11, rootRelativeStartLineNumber=15, rootRelativeEndLineNumber=15], inclusionLevel=-1, inclusionOrdinal=-1]
    AstNode [type=CobolWhenStmt, moduleId=1, location=AstNodeLocation [retracedOffset=417, retracedLength=48, assembledOffset=417, assembledLength=48, rootRelativeOffset=417, rootRelativeLength=48, rootRelativeStartLineNumber=17, rootRelativeEndLineNumber=19], inclusionLevel=-1, inclusionOrdinal=-1, properties=[other=false]]
     AstNode [type=CobolAndExpression, moduleId=1, location=AstNodeLocation [retracedOffset=458, retracedLength=7, assembledOffset=458, assembledLength=7, rootRelativeOffset=458, rootRelativeLength=7, rootRelativeStartLineNumber=19, rootRelativeEndLineNumber=19], inclusionLevel=-1, inclusionOrdinal=-1]
      AstNode [type=CobolReferenceExpression, moduleId=1, location=AstNodeLocation [retracedOffset=458, retracedLength=1, assembledOffset=458, assembledLength=1, rootRelativeOffset=458, rootRelativeLength=1, rootRelativeStartLineNumber=19, rootRelativeEndLineNumber=19], inclusionLevel=-1, inclusionOrdinal=-1]
       AstNode [type=CobolFieldReference, moduleId=1, location=AstNodeLocation [retracedOffset=458, retracedLength=1, assembledOffset=458, assembledLength=1, rootRelativeOffset=458, rootRelativeLength=1, rootRelativeStartLineNumber=19, rootRelativeEndLineNumber=19], inclusionLevel=-1, inclusionOrdinal=-1, properties=[all=false, colonPrefix=false, dynamic=false, external=false, isIndex=false, negativ=false, renderIsTrueForL88Item=true, unresolvedFieldName=A, usedAsCondition=true]]
      AstNode [type=CobolReferenceExpression, moduleId=1, location=AstNodeLocation [retracedOffset=464, retracedLength=1, assembledOffset=464, assembledLength=1, rootRelativeOffset=464, rootRelativeLength=1, rootRelativeStartLineNumber=19, rootRelativeEndLineNumber=19], inclusionLevel=-1, inclusionOrdinal=-1]
       AstNode [type=CobolFieldReference, moduleId=1, location=AstNodeLocation [retracedOffset=464, retracedLength=1, assembledOffset=464, assembledLength=1, rootRelativeOffset=464, rootRelativeLength=1, rootRelativeStartLineNumber=19, rootRelativeEndLineNumber=19], inclusionLevel=-1, inclusionOrdinal=-1, properties=[all=false, colonPrefix=false, dynamic=false, external=false, isIndex=false, negativ=false, renderIsTrueForL88Item=true, unresolvedFieldName=B, usedAsCondition=true]]
     AstNode [type=CobolComment, moduleId=1, location=AstNodeLocation [retracedOffset=428, retracedLength=11, assembledOffset=428, assembledLength=11, rootRelativeOffset=428, rootRelativeLength=11, rootRelativeStartLineNumber=18, rootRelativeEndLineNumber=18], inclusionLevel=-1, inclusionOrdinal=-1]
     AstNode [type=CobolDisplayStmt, moduleId=1, location=AstNodeLocation [retracedOffset=482, retracedLength=13, assembledOffset=482, assembledLength=13, rootRelativeOffset=482, rootRelativeLength=13, rootRelativeStartLineNumber=20, rootRelativeEndLineNumber=20], inclusionLevel=-1, inclusionOrdinal=-1]
      AstNode [type=CobolReferenceExpression, moduleId=1, location=AstNodeLocation [retracedOffset=490, retracedLength=5, assembledOffset=490, assembledLength=5, rootRelativeOffset=490, rootRelativeLength=5, rootRelativeStartLineNumber=20, rootRelativeEndLineNumber=20], inclusionLevel=-1, inclusionOrdinal=-1]
       AstNode [type=CobolConstantReference, moduleId=1, location=AstNodeLocation [retracedOffset=490, retracedLength=5, assembledOffset=490, assembledLength=5, rootRelativeOffset=490, rootRelativeLength=5, rootRelativeStartLineNumber=20, rootRelativeEndLineNumber=20], inclusionLevel=-1, inclusionOrdinal=-1, properties=[all=false, colonPrefix=false, dynamic=false, external=false, level=0, negativ=false, value='A&B']]
    AstNode [type=CobolWhenStmt, moduleId=1, location=AstNodeLocation [retracedOffset=509, retracedLength=47, assembledOffset=509, assembledLength=47, rootRelativeOffset=509, rootRelativeLength=47, rootRelativeStartLineNumber=21, rootRelativeEndLineNumber=23], inclusionLevel=-1, inclusionOrdinal=-1, properties=[other=false]]
     AstNode [type=CobolOrExpression, moduleId=1, location=AstNodeLocation [retracedOffset=550, retracedLength=6, assembledOffset=550, assembledLength=6, rootRelativeOffset=550, rootRelativeLength=6, rootRelativeStartLineNumber=23, rootRelativeEndLineNumber=23], inclusionLevel=-1, inclusionOrdinal=-1]
      AstNode [type=CobolReferenceExpression, moduleId=1, location=AstNodeLocation [retracedOffset=550, retracedLength=1, assembledOffset=550, assembledLength=1, rootRelativeOffset=550, rootRelativeLength=1, rootRelativeStartLineNumber=23, rootRelativeEndLineNumber=23], inclusionLevel=-1, inclusionOrdinal=-1]
       AstNode [type=CobolFieldReference, moduleId=1, location=AstNodeLocation [retracedOffset=550, retracedLength=1, assembledOffset=550, assembledLength=1, rootRelativeOffset=550, rootRelativeLength=1, rootRelativeStartLineNumber=23, rootRelativeEndLineNumber=23], inclusionLevel=-1, inclusionOrdinal=-1, properties=[all=false, colonPrefix=false, dynamic=false, external=false, isIndex=false, negativ=false, renderIsTrueForL88Item=true, unresolvedFieldName=A, usedAsCondition=true]]
      AstNode [type=CobolReferenceExpression, moduleId=1, location=AstNodeLocation [retracedOffset=555, retracedLength=1, assembledOffset=555, assembledLength=1, rootRelativeOffset=555, rootRelativeLength=1, rootRelativeStartLineNumber=23, rootRelativeEndLineNumber=23], inclusionLevel=-1, inclusionOrdinal=-1]
       AstNode [type=CobolFieldReference, moduleId=1, location=AstNodeLocation [retracedOffset=555, retracedLength=1, assembledOffset=555, assembledLength=1, rootRelativeOffset=555, rootRelativeLength=1, rootRelativeStartLineNumber=23, rootRelativeEndLineNumber=23], inclusionLevel=-1, inclusionOrdinal=-1, properties=[all=false, colonPrefix=false, dynamic=false, external=false, isIndex=false, negativ=false, renderIsTrueForL88Item=true, unresolvedFieldName=B, usedAsCondition=true]]
     AstNode [type=CobolComment, moduleId=1, location=AstNodeLocation [retracedOffset=520, retracedLength=11, assembledOffset=520, assembledLength=11, rootRelativeOffset=520, rootRelativeLength=11, rootRelativeStartLineNumber=22, rootRelativeEndLineNumber=22], inclusionLevel=-1, inclusionOrdinal=-1]
     AstNode [type=CobolDisplayStmt, moduleId=1, location=AstNodeLocation [retracedOffset=573, retracedLength=13, assembledOffset=573, assembledLength=13, rootRelativeOffset=573, rootRelativeLength=13, rootRelativeStartLineNumber=24, rootRelativeEndLineNumber=24], inclusionLevel=-1, inclusionOrdinal=-1]
      AstNode [type=CobolReferenceExpression, moduleId=1, location=AstNodeLocation [retracedOffset=581, retracedLength=5, assembledOffset=581, assembledLength=5, rootRelativeOffset=581, rootRelativeLength=5, rootRelativeStartLineNumber=24, rootRelativeEndLineNumber=24], inclusionLevel=-1, inclusionOrdinal=-1]
       AstNode [type=CobolConstantReference, moduleId=1, location=AstNodeLocation [retracedOffset=581, retracedLength=5, assembledOffset=581, assembledLength=5, rootRelativeOffset=581, rootRelativeLength=5, rootRelativeStartLineNumber=24, rootRelativeEndLineNumber=24], inclusionLevel=-1, inclusionOrdinal=-1, properties=[all=false, colonPrefix=false, dynamic=false, external=false, level=0, negativ=false, value='A|B']]
    AstNode [type=CobolWhenStmt, moduleId=1, location=AstNodeLocation [retracedOffset=600, retracedLength=46, assembledOffset=600, assembledLength=46, rootRelativeOffset=600, rootRelativeLength=46, rootRelativeStartLineNumber=25, rootRelativeEndLineNumber=27], inclusionLevel=-1, inclusionOrdinal=-1, properties=[other=true]]
     AstNode [type=CobolComment, moduleId=1, location=AstNodeLocation [retracedOffset=611, retracedLength=11, assembledOffset=611, assembledLength=11, rootRelativeOffset=611, rootRelativeLength=11, rootRelativeStartLineNumber=26, rootRelativeEndLineNumber=26], inclusionLevel=-1, inclusionOrdinal=-1]
     AstNode [type=CobolDisplayStmt, moduleId=1, location=AstNodeLocation [retracedOffset=663, retracedLength=15, assembledOffset=663, assembledLength=15, rootRelativeOffset=663, rootRelativeLength=15, rootRelativeStartLineNumber=28, rootRelativeEndLineNumber=28], inclusionLevel=-1, inclusionOrdinal=-1]
      AstNode [type=CobolReferenceExpression, moduleId=1, location=AstNodeLocation [retracedOffset=671, retracedLength=7, assembledOffset=671, assembledLength=7, rootRelativeOffset=671, rootRelativeLength=7, rootRelativeStartLineNumber=28, rootRelativeEndLineNumber=28], inclusionLevel=-1, inclusionOrdinal=-1]
       AstNode [type=CobolConstantReference, moduleId=1, location=AstNodeLocation [retracedOffset=671, retracedLength=7, assembledOffset=671, assembledLength=7, rootRelativeOffset=671, rootRelativeLength=7, rootRelativeStartLineNumber=28, rootRelativeEndLineNumber=28], inclusionLevel=-1, inclusionOrdinal=-1, properties=[all=false, colonPrefix=false, dynamic=false, external=false, level=0, negativ=false, value='OTHER']]
   AstNode [type=CobolEvaluateStmt, moduleId=1, location=AstNodeLocation [retracedOffset=716, retracedLength=258, assembledOffset=716, assembledLength=258, rootRelativeOffset=716, rootRelativeLength=258, rootRelativeStartLineNumber=31, rootRelativeEndLineNumber=43], inclusionLevel=-1, inclusionOrdinal=-1, properties=[conditionPaths=[[0],[3,0],[4,0]]]]
    AstNode [type=CobolEvaluateCondition, moduleId=1, location=AstNodeLocation [retracedOffset=716, retracedLength=48, assembledOffset=716, assembledLength=48, rootRelativeOffset=716, rootRelativeLength=48, rootRelativeStartLineNumber=31, rootRelativeEndLineNumber=33], inclusionLevel=-1, inclusionOrdinal=-1]
     AstNode [type=CobolReferenceExpression, moduleId=1, location=AstNodeLocation [retracedOffset=763, retracedLength=1, assembledOffset=763, assembledLength=1, rootRelativeOffset=763, rootRelativeLength=1, rootRelativeStartLineNumber=33, rootRelativeEndLineNumber=33], inclusionLevel=-1, inclusionOrdinal=-1]
      AstNode [type=CobolFieldReference, moduleId=1, location=AstNodeLocation [retracedOffset=763, retracedLength=1, assembledOffset=763, assembledLength=1, rootRelativeOffset=763, rootRelativeLength=1, rootRelativeStartLineNumber=33, rootRelativeEndLineNumber=33], inclusionLevel=-1, inclusionOrdinal=-1, properties=[all=false, colonPrefix=false, dynamic=false, external=false, isIndex=false, negativ=false, renderIsTrueForL88Item=true, unresolvedFieldName=A, usedAsCondition=false]]
    AstNode [type=CobolComment, moduleId=1, location=AstNodeLocation [retracedOffset=731, retracedLength=11, assembledOffset=731, assembledLength=11, rootRelativeOffset=731, rootRelativeLength=11, rootRelativeStartLineNumber=32, rootRelativeEndLineNumber=32], inclusionLevel=-1, inclusionOrdinal=-1]
    AstNode [type=CobolComment, moduleId=1, location=AstNodeLocation [retracedOffset=771, retracedLength=11, assembledOffset=771, assembledLength=11, rootRelativeOffset=771, rootRelativeLength=11, rootRelativeStartLineNumber=34, rootRelativeEndLineNumber=34], inclusionLevel=-1, inclusionOrdinal=-1]
    AstNode [type=CobolWhenStmt, moduleId=1, location=AstNodeLocation [retracedOffset=796, retracedLength=42, assembledOffset=796, assembledLength=42, rootRelativeOffset=796, rootRelativeLength=42, rootRelativeStartLineNumber=35, rootRelativeEndLineNumber=37], inclusionLevel=-1, inclusionOrdinal=-1, properties=[other=false]]
     AstNode [type=CobolComparisonExpression, moduleId=1, location=AstNodeLocation [retracedOffset=854, retracedLength=-16, assembledOffset=854, assembledLength=-16, rootRelativeOffset=854, rootRelativeLength=-16, rootRelativeStartLineNumber=38, rootRelativeEndLineNumber=37], inclusionLevel=-1, inclusionOrdinal=-1]
      AstNode [type=CobolEvaluationReference, moduleId=1, location=AstNodeLocation [retracedOffset=854, retracedLength=-16, assembledOffset=854, assembledLength=-16, rootRelativeOffset=854, rootRelativeLength=-16, rootRelativeStartLineNumber=38, rootRelativeEndLineNumber=37], inclusionLevel=-1, inclusionOrdinal=-1]
      AstNode [type=CobolReferenceExpression, moduleId=1, location=AstNodeLocation [retracedOffset=837, retracedLength=1, assembledOffset=837, assembledLength=1, rootRelativeOffset=837, rootRelativeLength=1, rootRelativeStartLineNumber=37, rootRelativeEndLineNumber=37], inclusionLevel=-1, inclusionOrdinal=-1]
       AstNode [type=CobolNumericConstantReference, moduleId=1, location=AstNodeLocation [retracedOffset=837, retracedLength=1, assembledOffset=837, assembledLength=1, rootRelativeOffset=837, rootRelativeLength=1, rootRelativeStartLineNumber=37, rootRelativeEndLineNumber=37], inclusionLevel=-1, inclusionOrdinal=-1, properties=[all=false, colonPrefix=false, dynamic=false, external=false, level=0, negativ=false, value=5]]
     AstNode [type=CobolComment, moduleId=1, location=AstNodeLocation [retracedOffset=807, retracedLength=11, assembledOffset=807, assembledLength=11, rootRelativeOffset=807, rootRelativeLength=11, rootRelativeStartLineNumber=36, rootRelativeEndLineNumber=36], inclusionLevel=-1, inclusionOrdinal=-1]
     AstNode [type=CobolDisplayStmt, moduleId=1, location=AstNodeLocation [retracedOffset=854, retracedLength=11, assembledOffset=854, assembledLength=11, rootRelativeOffset=854, rootRelativeLength=11, rootRelativeStartLineNumber=38, rootRelativeEndLineNumber=38], inclusionLevel=-1, inclusionOrdinal=-1]
      AstNode [type=CobolReferenceExpression, moduleId=1, location=AstNodeLocation [retracedOffset=862, retracedLength=3, assembledOffset=862, assembledLength=3, rootRelativeOffset=862, rootRelativeLength=3, rootRelativeStartLineNumber=38, rootRelativeEndLineNumber=38], inclusionLevel=-1, inclusionOrdinal=-1]
       AstNode [type=CobolConstantReference, moduleId=1, location=AstNodeLocation [retracedOffset=862, retracedLength=3, assembledOffset=862, assembledLength=3, rootRelativeOffset=862, rootRelativeLength=3, rootRelativeStartLineNumber=38, rootRelativeEndLineNumber=38], inclusionLevel=-1, inclusionOrdinal=-1, properties=[all=false, colonPrefix=false, dynamic=false, external=false, level=0, negativ=false, value='5']]
    AstNode [type=CobolWhenStmt, moduleId=1, location=AstNodeLocation [retracedOffset=879, retracedLength=43, assembledOffset=879, assembledLength=43, rootRelativeOffset=879, rootRelativeLength=43, rootRelativeStartLineNumber=39, rootRelativeEndLineNumber=41], inclusionLevel=-1, inclusionOrdinal=-1, properties=[other=false]]
     AstNode [type=CobolComparisonExpression, moduleId=1, location=AstNodeLocation [retracedOffset=938, retracedLength=-16, assembledOffset=938, assembledLength=-16, rootRelativeOffset=938, rootRelativeLength=-16, rootRelativeStartLineNumber=42, rootRelativeEndLineNumber=41], inclusionLevel=-1, inclusionOrdinal=-1]
      AstNode [type=CobolEvaluationReference, moduleId=1, location=AstNodeLocation [retracedOffset=938, retracedLength=-16, assembledOffset=938, assembledLength=-16, rootRelativeOffset=938, rootRelativeLength=-16, rootRelativeStartLineNumber=42, rootRelativeEndLineNumber=41], inclusionLevel=-1, inclusionOrdinal=-1]
      AstNode [type=CobolReferenceExpression, moduleId=1, location=AstNodeLocation [retracedOffset=920, retracedLength=2, assembledOffset=920, assembledLength=2, rootRelativeOffset=920, rootRelativeLength=2, rootRelativeStartLineNumber=41, rootRelativeEndLineNumber=41], inclusionLevel=-1, inclusionOrdinal=-1]
       AstNode [type=CobolNumericConstantReference, moduleId=1, location=AstNodeLocation [retracedOffset=920, retracedLength=2, assembledOffset=920, assembledLength=2, rootRelativeOffset=920, rootRelativeLength=2, rootRelativeStartLineNumber=41, rootRelativeEndLineNumber=41], inclusionLevel=-1, inclusionOrdinal=-1, properties=[all=false, colonPrefix=false, dynamic=false, external=false, level=0, negativ=false, value=42]]
     AstNode [type=CobolComment, moduleId=1, location=AstNodeLocation [retracedOffset=890, retracedLength=11, assembledOffset=890, assembledLength=11, rootRelativeOffset=890, rootRelativeLength=11, rootRelativeStartLineNumber=40, rootRelativeEndLineNumber=40], inclusionLevel=-1, inclusionOrdinal=-1]
     AstNode [type=CobolDisplayStmt, moduleId=1, location=AstNodeLocation [retracedOffset=938, retracedLength=12, assembledOffset=938, assembledLength=12, rootRelativeOffset=938, rootRelativeLength=12, rootRelativeStartLineNumber=42, rootRelativeEndLineNumber=42], inclusionLevel=-1, inclusionOrdinal=-1]
      AstNode [type=CobolReferenceExpression, moduleId=1, location=AstNodeLocation [retracedOffset=946, retracedLength=4, assembledOffset=946, assembledLength=4, rootRelativeOffset=946, rootRelativeLength=4, rootRelativeStartLineNumber=42, rootRelativeEndLineNumber=42], inclusionLevel=-1, inclusionOrdinal=-1]
       AstNode [type=CobolConstantReference, moduleId=1, location=AstNodeLocation [retracedOffset=946, retracedLength=4, assembledOffset=946, assembledLength=4, rootRelativeOffset=946, rootRelativeLength=4, rootRelativeStartLineNumber=42, rootRelativeEndLineNumber=42], inclusionLevel=-1, inclusionOrdinal=-1, properties=[all=false, colonPrefix=false, dynamic=false, external=false, level=0, negativ=false, value='42']]
   AstNode [type=CobolEvaluateStmt, moduleId=1, location=AstNodeLocation [retracedOffset=999, retracedLength=423, assembledOffset=999, assembledLength=423, rootRelativeOffset=999, rootRelativeLength=423, rootRelativeStartLineNumber=45, rootRelativeEndLineNumber=62], inclusionLevel=-1, inclusionOrdinal=-1, properties=[conditionPaths=[[0],[1],[5,0],[5,1],[6,0],[6,1]]]]
    AstNode [type=CobolEvaluateCondition, moduleId=1, location=AstNodeLocation [retracedOffset=999, retracedLength=51, assembledOffset=999, assembledLength=51, rootRelativeOffset=999, rootRelativeLength=51, rootRelativeStartLineNumber=45, rootRelativeEndLineNumber=47], inclusionLevel=-1, inclusionOrdinal=-1]
    AstNode [type=CobolEvaluateCondition, moduleId=1, location=AstNodeLocation [retracedOffset=1095, retracedLength=55, assembledOffset=1095, assembledLength=55, rootRelativeOffset=1095, rootRelativeLength=55, rootRelativeStartLineNumber=49, rootRelativeEndLineNumber=51], inclusionLevel=-1, inclusionOrdinal=-1]
     AstNode [type=CobolReferenceExpression, moduleId=1, location=AstNodeLocation [retracedOffset=1149, retracedLength=1, assembledOffset=1149, assembledLength=1, rootRelativeOffset=1149, rootRelativeLength=1, rootRelativeStartLineNumber=51, rootRelativeEndLineNumber=51], inclusionLevel=-1, inclusionOrdinal=-1]
      AstNode [type=CobolFieldReference, moduleId=1, location=AstNodeLocation [retracedOffset=1149, retracedLength=1, assembledOffset=1149, assembledLength=1, rootRelativeOffset=1149, rootRelativeLength=1, rootRelativeStartLineNumber=51, rootRelativeEndLineNumber=51], inclusionLevel=-1, inclusionOrdinal=-1, properties=[all=false, colonPrefix=false, dynamic=false, external=false, isIndex=false, negativ=false, renderIsTrueForL88Item=true, unresolvedFieldName=A, usedAsCondition=false]]
    AstNode [type=CobolComment, moduleId=1, location=AstNodeLocation [retracedOffset=1014, retracedLength=11, assembledOffset=1014, assembledLength=11, rootRelativeOffset=1014, rootRelativeLength=11, rootRelativeStartLineNumber=46, rootRelativeEndLineNumber=46], inclusionLevel=-1, inclusionOrdinal=-1]
    AstNode [type=CobolComment, moduleId=1, location=AstNodeLocation [retracedOffset=1057, retracedLength=12, assembledOffset=1057, assembledLength=12, rootRelativeOffset=1057, rootRelativeLength=12, rootRelativeStartLineNumber=48, rootRelativeEndLineNumber=48], inclusionLevel=-1, inclusionOrdinal=-1]
    AstNode [type=CobolComment, moduleId=1, location=AstNodeLocation [retracedOffset=1106, retracedLength=12, assembledOffset=1106, assembledLength=12, rootRelativeOffset=1106, rootRelativeLength=12, rootRelativeStartLineNumber=50, rootRelativeEndLineNumber=50], inclusionLevel=-1, inclusionOrdinal=-1]
    AstNode [type=CobolWhenStmt, moduleId=1, location=AstNodeLocation [retracedOffset=1164, retracedLength=97, assembledOffset=1164, assembledLength=97, rootRelativeOffset=1164, rootRelativeLength=97, rootRelativeStartLineNumber=52, rootRelativeEndLineNumber=56], inclusionLevel=-1, inclusionOrdinal=-1, properties=[other=false]]
     AstNode [type=CobolComparisonExpression, moduleId=1, location=AstNodeLocation [retracedOffset=1206, retracedLength=5, assembledOffset=1206, assembledLength=5, rootRelativeOffset=1206, rootRelativeLength=5, rootRelativeStartLineNumber=54, rootRelativeEndLineNumber=54], inclusionLevel=-1, inclusionOrdinal=-1]
      AstNode [type=CobolReferenceExpression, moduleId=1, location=AstNodeLocation [retracedOffset=1206, retracedLength=1, assembledOffset=1206, assembledLength=1, rootRelativeOffset=1206, rootRelativeLength=1, rootRelativeStartLineNumber=54, rootRelativeEndLineNumber=54], inclusionLevel=-1, inclusionOrdinal=-1]
       AstNode [type=CobolFieldReference, moduleId=1, location=AstNodeLocation [retracedOffset=1206, retracedLength=1, assembledOffset=1206, assembledLength=1, rootRelativeOffset=1206, rootRelativeLength=1, rootRelativeStartLineNumber=54, rootRelativeEndLineNumber=54], inclusionLevel=-1, inclusionOrdinal=-1, properties=[all=false, colonPrefix=false, dynamic=false, external=false, isIndex=false, negativ=false, renderIsTrueForL88Item=true, unresolvedFieldName=B, usedAsCondition=false]]
      AstNode [type=CobolReferenceExpression, moduleId=1, location=AstNodeLocation [retracedOffset=1210, retracedLength=1, assembledOffset=1210, assembledLength=1, rootRelativeOffset=1210, rootRelativeLength=1, rootRelativeStartLineNumber=54, rootRelativeEndLineNumber=54], inclusionLevel=-1, inclusionOrdinal=-1]
       AstNode [type=CobolNumericConstantReference, moduleId=1, location=AstNodeLocation [retracedOffset=1210, retracedLength=1, assembledOffset=1210, assembledLength=1, rootRelativeOffset=1210, rootRelativeLength=1, rootRelativeStartLineNumber=54, rootRelativeEndLineNumber=54], inclusionLevel=-1, inclusionOrdinal=-1, properties=[all=false, colonPrefix=false, dynamic=false, external=false, level=0, negativ=false, value=4]]
     AstNode [type=CobolComparisonExpression, moduleId=1, location=AstNodeLocation [retracedOffset=1278, retracedLength=-17, assembledOffset=1278, assembledLength=-17, rootRelativeOffset=1278, rootRelativeLength=-17, rootRelativeStartLineNumber=57, rootRelativeEndLineNumber=56], inclusionLevel=-1, inclusionOrdinal=-1]
      AstNode [type=CobolEvaluationReference, moduleId=1, location=AstNodeLocation [retracedOffset=1278, retracedLength=-17, assembledOffset=1278, assembledLength=-17, rootRelativeOffset=1278, rootRelativeLength=-17, rootRelativeStartLineNumber=57, rootRelativeEndLineNumber=56], inclusionLevel=-1, inclusionOrdinal=-1]
      AstNode [type=CobolReferenceExpression, moduleId=1, location=AstNodeLocation [retracedOffset=1260, retracedLength=1, assembledOffset=1260, assembledLength=1, rootRelativeOffset=1260, rootRelativeLength=1, rootRelativeStartLineNumber=56, rootRelativeEndLineNumber=56], inclusionLevel=-1, inclusionOrdinal=-1]
       AstNode [type=CobolNumericConstantReference, moduleId=1, location=AstNodeLocation [retracedOffset=1260, retracedLength=1, assembledOffset=1260, assembledLength=1, rootRelativeOffset=1260, rootRelativeLength=1, rootRelativeStartLineNumber=56, rootRelativeEndLineNumber=56], inclusionLevel=-1, inclusionOrdinal=-1, properties=[all=false, colonPrefix=false, dynamic=false, external=false, level=0, negativ=false, value=2]]
     AstNode [type=CobolComment, moduleId=1, location=AstNodeLocation [retracedOffset=1175, retracedLength=12, assembledOffset=1175, assembledLength=12, rootRelativeOffset=1175, rootRelativeLength=12, rootRelativeStartLineNumber=53, rootRelativeEndLineNumber=53], inclusionLevel=-1, inclusionOrdinal=-1]
     AstNode [type=CobolComment, moduleId=1, location=AstNodeLocation [retracedOffset=1218, retracedLength=12, assembledOffset=1218, assembledLength=12, rootRelativeOffset=1218, rootRelativeLength=12, rootRelativeStartLineNumber=55, rootRelativeEndLineNumber=55], inclusionLevel=-1, inclusionOrdinal=-1]
     AstNode [type=CobolDisplayStmt, moduleId=1, location=AstNodeLocation [retracedOffset=1278, retracedLength=14, assembledOffset=1278, assembledLength=14, rootRelativeOffset=1278, rootRelativeLength=14, rootRelativeStartLineNumber=57, rootRelativeEndLineNumber=57], inclusionLevel=-1, inclusionOrdinal=-1]
      AstNode [type=CobolReferenceExpression, moduleId=1, location=AstNodeLocation [retracedOffset=1286, retracedLength=6, assembledOffset=1286, assembledLength=6, rootRelativeOffset=1286, rootRelativeLength=6, rootRelativeStartLineNumber=57, rootRelativeEndLineNumber=57], inclusionLevel=-1, inclusionOrdinal=-1]
       AstNode [type=CobolConstantReference, moduleId=1, location=AstNodeLocation [retracedOffset=1286, retracedLength=6, assembledOffset=1286, assembledLength=6, rootRelativeOffset=1286, rootRelativeLength=6, rootRelativeStartLineNumber=57, rootRelativeEndLineNumber=57], inclusionLevel=-1, inclusionOrdinal=-1, properties=[all=false, colonPrefix=false, dynamic=false, external=false, level=0, negativ=false, value='WHAT']]
    AstNode [type=CobolWhenStmt, moduleId=1, location=AstNodeLocation [retracedOffset=1306, retracedLength=58, assembledOffset=1306, assembledLength=58, rootRelativeOffset=1306, rootRelativeLength=58, rootRelativeStartLineNumber=58, rootRelativeEndLineNumber=60], inclusionLevel=-1, inclusionOrdinal=-1, properties=[other=false]]
     AstNode [type=CobolAndExpression, moduleId=1, location=AstNodeLocation [retracedOffset=1349, retracedLength=7, assembledOffset=1349, assembledLength=7, rootRelativeOffset=1349, rootRelativeLength=7, rootRelativeStartLineNumber=60, rootRelativeEndLineNumber=60], inclusionLevel=-1, inclusionOrdinal=-1]
      AstNode [type=CobolReferenceExpression, moduleId=1, location=AstNodeLocation [retracedOffset=1349, retracedLength=1, assembledOffset=1349, assembledLength=1, rootRelativeOffset=1349, rootRelativeLength=1, rootRelativeStartLineNumber=60, rootRelativeEndLineNumber=60], inclusionLevel=-1, inclusionOrdinal=-1]
       AstNode [type=CobolFieldReference, moduleId=1, location=AstNodeLocation [retracedOffset=1349, retracedLength=1, assembledOffset=1349, assembledLength=1, rootRelativeOffset=1349, rootRelativeLength=1, rootRelativeStartLineNumber=60, rootRelativeEndLineNumber=60], inclusionLevel=-1, inclusionOrdinal=-1, properties=[all=false, colonPrefix=false, dynamic=false, external=false, isIndex=false, negativ=false, renderIsTrueForL88Item=true, unresolvedFieldName=A, usedAsCondition=true]]
      AstNode [type=CobolReferenceExpression, moduleId=1, location=AstNodeLocation [retracedOffset=1355, retracedLength=1, assembledOffset=1355, assembledLength=1, rootRelativeOffset=1355, rootRelativeLength=1, rootRelativeStartLineNumber=60, rootRelativeEndLineNumber=60], inclusionLevel=-1, inclusionOrdinal=-1]
       AstNode [type=CobolFieldReference, moduleId=1, location=AstNodeLocation [retracedOffset=1355, retracedLength=1, assembledOffset=1355, assembledLength=1, rootRelativeOffset=1355, rootRelativeLength=1, rootRelativeStartLineNumber=60, rootRelativeEndLineNumber=60], inclusionLevel=-1, inclusionOrdinal=-1, properties=[all=false, colonPrefix=false, dynamic=false, external=false, isIndex=false, negativ=false, renderIsTrueForL88Item=true, unresolvedFieldName=B, usedAsCondition=true]]
     AstNode [type=CobolComparisonExpression, moduleId=1, location=AstNodeLocation [retracedOffset=1381, retracedLength=-17, assembledOffset=1381, assembledLength=-17, rootRelativeOffset=1381, rootRelativeLength=-17, rootRelativeStartLineNumber=61, rootRelativeEndLineNumber=60], inclusionLevel=-1, inclusionOrdinal=-1]
      AstNode [type=CobolEvaluationReference, moduleId=1, location=AstNodeLocation [retracedOffset=1381, retracedLength=-17, assembledOffset=1381, assembledLength=-17, rootRelativeOffset=1381, rootRelativeLength=-17, rootRelativeStartLineNumber=61, rootRelativeEndLineNumber=60], inclusionLevel=-1, inclusionOrdinal=-1]
      AstNode [type=CobolReferenceExpression, moduleId=1, location=AstNodeLocation [retracedOffset=1362, retracedLength=2, assembledOffset=1362, assembledLength=2, rootRelativeOffset=1362, rootRelativeLength=2, rootRelativeStartLineNumber=60, rootRelativeEndLineNumber=60], inclusionLevel=-1, inclusionOrdinal=-1]
       AstNode [type=CobolNumericConstantReference, moduleId=1, location=AstNodeLocation [retracedOffset=1362, retracedLength=2, assembledOffset=1362, assembledLength=2, rootRelativeOffset=1362, rootRelativeLength=2, rootRelativeStartLineNumber=60, rootRelativeEndLineNumber=60], inclusionLevel=-1, inclusionOrdinal=-1, properties=[all=false, colonPrefix=false, dynamic=false, external=false, level=0, negativ=false, value=42]]
     AstNode [type=CobolComment, moduleId=1, location=AstNodeLocation [retracedOffset=1318, retracedLength=12, assembledOffset=1318, assembledLength=12, rootRelativeOffset=1318, rootRelativeLength=12, rootRelativeStartLineNumber=59, rootRelativeEndLineNumber=59], inclusionLevel=-1, inclusionOrdinal=-1]
     AstNode [type=CobolDisplayStmt, moduleId=1, location=AstNodeLocation [retracedOffset=1381, retracedLength=17, assembledOffset=1381, assembledLength=17, rootRelativeOffset=1381, rootRelativeLength=17, rootRelativeStartLineNumber=61, rootRelativeEndLineNumber=61], inclusionLevel=-1, inclusionOrdinal=-1]
      AstNode [type=CobolReferenceExpression, moduleId=1, location=AstNodeLocation [retracedOffset=1389, retracedLength=9, assembledOffset=1389, assembledLength=9, rootRelativeOffset=1389, rootRelativeLength=9, rootRelativeStartLineNumber=61, rootRelativeEndLineNumber=61], inclusionLevel=-1, inclusionOrdinal=-1]
       AstNode [type=CobolConstantReference, moduleId=1, location=AstNodeLocation [retracedOffset=1389, retracedLength=9, assembledOffset=1389, assembledLength=9, rootRelativeOffset=1389, rootRelativeLength=9, rootRelativeStartLineNumber=61, rootRelativeEndLineNumber=61], inclusionLevel=-1, inclusionOrdinal=-1, properties=[all=false, colonPrefix=false, dynamic=false, external=false, level=0, negativ=false, value='IS THIS']]
   AstNode [type=CobolGoBackStmt, moduleId=1, location=AstNodeLocation [retracedOffset=1436, retracedLength=6, assembledOffset=1436, assembledLength=6, rootRelativeOffset=1436, rootRelativeLength=6, rootRelativeStartLineNumber=64, rootRelativeEndLineNumber=64], inclusionLevel=-1, inclusionOrdinal=-1]
