AstNode [type=CobolProgram, moduleId=1, location=AstNodeLocation [retracedOffset=7, retracedLength=1582, assembledOffset=7, assembledLength=1582, rootRelativeOffset=7, rootRelativeLength=1582, rootRelativeStartLineNumber=1, rootRelativeEndLineNumber=56], inclusionLevel=-1, inclusionOrdinal=-1, hasAstModuleId=1]
 AstNode [type=IdentificationDivision, moduleId=1, location=AstNodeLocation [retracedOffset=7, retracedLength=23, assembledOffset=7, assembledLength=23, rootRelativeOffset=7, rootRelativeLength=23, rootRelativeStartLineNumber=1, rootRelativeEndLineNumber=1], inclusionLevel=-1, inclusionOrdinal=-1]
 AstNode [type=EnvironmentDivision, moduleId=1, location=AstNodeLocation [retracedOffset=95, retracedLength=173, assembledOffset=95, assembledLength=173, rootRelativeOffset=95, rootRelativeLength=173, rootRelativeStartLineNumber=4, rootRelativeEndLineNumber=9], inclusionLevel=-1, inclusionOrdinal=-1]
  AstNode [type=ConfigurationSection, moduleId=1, location=AstNodeLocation [retracedOffset=124, retracedLength=22, assembledOffset=124, assembledLength=22, rootRelativeOffset=124, rootRelativeLength=22, rootRelativeStartLineNumber=5, rootRelativeEndLineNumber=5], inclusionLevel=-1, inclusionOrdinal=-1]
  AstNode [type=InputOutputSection, moduleId=1, location=AstNodeLocation [retracedOffset=154, retracedLength=114, assembledOffset=154, assembledLength=114, rootRelativeOffset=154, rootRelativeLength=114, rootRelativeStartLineNumber=6, rootRelativeEndLineNumber=9], inclusionLevel=-1, inclusionOrdinal=-1]
 AstNode [type=ProcedureDivision, moduleId=1, location=AstNodeLocation [retracedOffset=284, retracedLength=18, assembledOffset=284, assembledLength=18, rootRelativeOffset=284, rootRelativeLength=18, rootRelativeStartLineNumber=11, rootRelativeEndLineNumber=11], inclusionLevel=-1, inclusionOrdinal=-1]
  AstNode [type=CobolSection, moduleId=1, location=AstNodeLocation [retracedOffset=311, retracedLength=12, assembledOffset=311, assembledLength=12, rootRelativeOffset=311, rootRelativeLength=12, rootRelativeStartLineNumber=12, rootRelativeEndLineNumber=12], inclusionLevel=-1, inclusionOrdinal=-1, properties=[invocation name=MAIN-PROGRAM]]
   AstNode [type=CobolEvaluateStmt, moduleId=1, location=AstNodeLocation [retracedOffset=352, retracedLength=398, assembledOffset=352, assembledLength=398, rootRelativeOffset=352, rootRelativeLength=398, rootRelativeStartLineNumber=14, rootRelativeEndLineNumber=26], inclusionLevel=-1, inclusionOrdinal=-1, properties=[conditionPaths=[[0],[1,0],[2,0]]]]
    AstNode [type=CobolEvaluateCondition, moduleId=1, location=AstNodeLocation [retracedOffset=352, retracedLength=13, assembledOffset=352, assembledLength=13, rootRelativeOffset=352, rootRelativeLength=13, rootRelativeStartLineNumber=14, rootRelativeEndLineNumber=14], inclusionLevel=-1, inclusionOrdinal=-1]
    AstNode [type=CobolWhenStmt, moduleId=1, location=AstNodeLocation [retracedOffset=379, retracedLength=12, assembledOffset=379, assembledLength=12, rootRelativeOffset=379, rootRelativeLength=12, rootRelativeStartLineNumber=15, rootRelativeEndLineNumber=15], inclusionLevel=-1, inclusionOrdinal=-1, properties=[other=false]]
     AstNode [type=CobolAndExpression, moduleId=1, location=AstNodeLocation [retracedOffset=384, retracedLength=7, assembledOffset=384, assembledLength=7, rootRelativeOffset=384, rootRelativeLength=7, rootRelativeStartLineNumber=15, rootRelativeEndLineNumber=15], inclusionLevel=-1, inclusionOrdinal=-1]
      AstNode [type=CobolReferenceExpression, moduleId=1, location=AstNodeLocation [retracedOffset=384, retracedLength=1, assembledOffset=384, assembledLength=1, rootRelativeOffset=384, rootRelativeLength=1, rootRelativeStartLineNumber=15, rootRelativeEndLineNumber=15], inclusionLevel=-1, inclusionOrdinal=-1]
       AstNode [type=CobolFieldReference, moduleId=1, location=AstNodeLocation [retracedOffset=384, retracedLength=1, assembledOffset=384, assembledLength=1, rootRelativeOffset=384, rootRelativeLength=1, rootRelativeStartLineNumber=15, rootRelativeEndLineNumber=15], inclusionLevel=-1, inclusionOrdinal=-1, properties=[all=false, colonPrefix=false, dynamic=false, external=false, isIndex=false, negativ=false, renderIsTrueForL88Item=true, unresolvedFieldName=A, usedAsCondition=true]]
      AstNode [type=CobolReferenceExpression, moduleId=1, location=AstNodeLocation [retracedOffset=390, retracedLength=1, assembledOffset=390, assembledLength=1, rootRelativeOffset=390, rootRelativeLength=1, rootRelativeStartLineNumber=15, rootRelativeEndLineNumber=15], inclusionLevel=-1, inclusionOrdinal=-1]
       AstNode [type=CobolFieldReference, moduleId=1, location=AstNodeLocation [retracedOffset=390, retracedLength=1, assembledOffset=390, assembledLength=1, rootRelativeOffset=390, rootRelativeLength=1, rootRelativeStartLineNumber=15, rootRelativeEndLineNumber=15], inclusionLevel=-1, inclusionOrdinal=-1, properties=[all=false, colonPrefix=false, dynamic=false, external=false, isIndex=false, negativ=false, renderIsTrueForL88Item=true, unresolvedFieldName=B, usedAsCondition=true]]
     AstNode [type=CobolDisplayStmt, moduleId=1, location=AstNodeLocation [retracedOffset=408, retracedLength=13, assembledOffset=408, assembledLength=13, rootRelativeOffset=408, rootRelativeLength=13, rootRelativeStartLineNumber=16, rootRelativeEndLineNumber=16], inclusionLevel=-1, inclusionOrdinal=-1]
      AstNode [type=CobolReferenceExpression, moduleId=1, location=AstNodeLocation [retracedOffset=416, retracedLength=5, assembledOffset=416, assembledLength=5, rootRelativeOffset=416, rootRelativeLength=5, rootRelativeStartLineNumber=16, rootRelativeEndLineNumber=16], inclusionLevel=-1, inclusionOrdinal=-1]
       AstNode [type=CobolConstantReference, moduleId=1, location=AstNodeLocation [retracedOffset=416, retracedLength=5, assembledOffset=416, assembledLength=5, rootRelativeOffset=416, rootRelativeLength=5, rootRelativeStartLineNumber=16, rootRelativeEndLineNumber=16], inclusionLevel=-1, inclusionOrdinal=-1, properties=[all=false, colonPrefix=false, dynamic=false, external=false, level=0, negativ=false, value='A&B']]
    AstNode [type=CobolWhenStmt, moduleId=1, location=AstNodeLocation [retracedOffset=435, retracedLength=11, assembledOffset=435, assembledLength=11, rootRelativeOffset=435, rootRelativeLength=11, rootRelativeStartLineNumber=17, rootRelativeEndLineNumber=17], inclusionLevel=-1, inclusionOrdinal=-1, properties=[other=false]]
     AstNode [type=CobolOrExpression, moduleId=1, location=AstNodeLocation [retracedOffset=440, retracedLength=6, assembledOffset=440, assembledLength=6, rootRelativeOffset=440, rootRelativeLength=6, rootRelativeStartLineNumber=17, rootRelativeEndLineNumber=17], inclusionLevel=-1, inclusionOrdinal=-1]
      AstNode [type=CobolReferenceExpression, moduleId=1, location=AstNodeLocation [retracedOffset=440, retracedLength=1, assembledOffset=440, assembledLength=1, rootRelativeOffset=440, rootRelativeLength=1, rootRelativeStartLineNumber=17, rootRelativeEndLineNumber=17], inclusionLevel=-1, inclusionOrdinal=-1]
       AstNode [type=CobolFieldReference, moduleId=1, location=AstNodeLocation [retracedOffset=440, retracedLength=1, assembledOffset=440, assembledLength=1, rootRelativeOffset=440, rootRelativeLength=1, rootRelativeStartLineNumber=17, rootRelativeEndLineNumber=17], inclusionLevel=-1, inclusionOrdinal=-1, properties=[all=false, colonPrefix=false, dynamic=false, external=false, isIndex=false, negativ=false, renderIsTrueForL88Item=true, unresolvedFieldName=A, usedAsCondition=true]]
      AstNode [type=CobolReferenceExpression, moduleId=1, location=AstNodeLocation [retracedOffset=445, retracedLength=1, assembledOffset=445, assembledLength=1, rootRelativeOffset=445, rootRelativeLength=1, rootRelativeStartLineNumber=17, rootRelativeEndLineNumber=17], inclusionLevel=-1, inclusionOrdinal=-1]
       AstNode [type=CobolFieldReference, moduleId=1, location=AstNodeLocation [retracedOffset=445, retracedLength=1, assembledOffset=445, assembledLength=1, rootRelativeOffset=445, rootRelativeLength=1, rootRelativeStartLineNumber=17, rootRelativeEndLineNumber=17], inclusionLevel=-1, inclusionOrdinal=-1, properties=[all=false, colonPrefix=false, dynamic=false, external=false, isIndex=false, negativ=false, renderIsTrueForL88Item=true, unresolvedFieldName=B, usedAsCondition=true]]
     AstNode [type=CobolDisplayStmt, moduleId=1, location=AstNodeLocation [retracedOffset=463, retracedLength=13, assembledOffset=463, assembledLength=13, rootRelativeOffset=463, rootRelativeLength=13, rootRelativeStartLineNumber=18, rootRelativeEndLineNumber=18], inclusionLevel=-1, inclusionOrdinal=-1]
      AstNode [type=CobolReferenceExpression, moduleId=1, location=AstNodeLocation [retracedOffset=471, retracedLength=5, assembledOffset=471, assembledLength=5, rootRelativeOffset=471, rootRelativeLength=5, rootRelativeStartLineNumber=18, rootRelativeEndLineNumber=18], inclusionLevel=-1, inclusionOrdinal=-1]
       AstNode [type=CobolConstantReference, moduleId=1, location=AstNodeLocation [retracedOffset=471, retracedLength=5, assembledOffset=471, assembledLength=5, rootRelativeOffset=471, rootRelativeLength=5, rootRelativeStartLineNumber=18, rootRelativeEndLineNumber=18], inclusionLevel=-1, inclusionOrdinal=-1, properties=[all=false, colonPrefix=false, dynamic=false, external=false, level=0, negativ=false, value='A|B']]
     AstNode [type=CobolEvaluateStmt, moduleId=1, location=AstNodeLocation [retracedOffset=493, retracedLength=257, assembledOffset=493, assembledLength=257, rootRelativeOffset=493, rootRelativeLength=257, rootRelativeStartLineNumber=19, rootRelativeEndLineNumber=26], inclusionLevel=-1, inclusionOrdinal=-1, properties=[conditionPaths=[[0],[1,0],[2,0]]]]
      AstNode [type=CobolEvaluateCondition, moduleId=1, location=AstNodeLocation [retracedOffset=493, retracedLength=13, assembledOffset=493, assembledLength=13, rootRelativeOffset=493, rootRelativeLength=13, rootRelativeStartLineNumber=19, rootRelativeEndLineNumber=19], inclusionLevel=-1, inclusionOrdinal=-1]
      AstNode [type=CobolWhenStmt, moduleId=1, location=AstNodeLocation [retracedOffset=525, retracedLength=12, assembledOffset=525, assembledLength=12, rootRelativeOffset=525, rootRelativeLength=12, rootRelativeStartLineNumber=20, rootRelativeEndLineNumber=20], inclusionLevel=-1, inclusionOrdinal=-1, properties=[other=false]]
       AstNode [type=CobolAndExpression, moduleId=1, location=AstNodeLocation [retracedOffset=530, retracedLength=7, assembledOffset=530, assembledLength=7, rootRelativeOffset=530, rootRelativeLength=7, rootRelativeStartLineNumber=20, rootRelativeEndLineNumber=20], inclusionLevel=-1, inclusionOrdinal=-1]
        AstNode [type=CobolReferenceExpression, moduleId=1, location=AstNodeLocation [retracedOffset=530, retracedLength=1, assembledOffset=530, assembledLength=1, rootRelativeOffset=530, rootRelativeLength=1, rootRelativeStartLineNumber=20, rootRelativeEndLineNumber=20], inclusionLevel=-1, inclusionOrdinal=-1]
         AstNode [type=CobolFieldReference, moduleId=1, location=AstNodeLocation [retracedOffset=530, retracedLength=1, assembledOffset=530, assembledLength=1, rootRelativeOffset=530, rootRelativeLength=1, rootRelativeStartLineNumber=20, rootRelativeEndLineNumber=20], inclusionLevel=-1, inclusionOrdinal=-1, properties=[all=false, colonPrefix=false, dynamic=false, external=false, isIndex=false, negativ=false, renderIsTrueForL88Item=true, unresolvedFieldName=A, usedAsCondition=true]]
        AstNode [type=CobolReferenceExpression, moduleId=1, location=AstNodeLocation [retracedOffset=536, retracedLength=1, assembledOffset=536, assembledLength=1, rootRelativeOffset=536, rootRelativeLength=1, rootRelativeStartLineNumber=20, rootRelativeEndLineNumber=20], inclusionLevel=-1, inclusionOrdinal=-1]
         AstNode [type=CobolFieldReference, moduleId=1, location=AstNodeLocation [retracedOffset=536, retracedLength=1, assembledOffset=536, assembledLength=1, rootRelativeOffset=536, rootRelativeLength=1, rootRelativeStartLineNumber=20, rootRelativeEndLineNumber=20], inclusionLevel=-1, inclusionOrdinal=-1, properties=[all=false, colonPrefix=false, dynamic=false, external=false, isIndex=false, negativ=false, renderIsTrueForL88Item=true, unresolvedFieldName=B, usedAsCondition=true]]
       AstNode [type=CobolDisplayStmt, moduleId=1, location=AstNodeLocation [retracedOffset=558, retracedLength=20, assembledOffset=558, assembledLength=20, rootRelativeOffset=558, rootRelativeLength=20, rootRelativeStartLineNumber=21, rootRelativeEndLineNumber=21], inclusionLevel=-1, inclusionOrdinal=-1]
        AstNode [type=CobolReferenceExpression, moduleId=1, location=AstNodeLocation [retracedOffset=566, retracedLength=12, assembledOffset=566, assembledLength=12, rootRelativeOffset=566, rootRelativeLength=12, rootRelativeStartLineNumber=21, rootRelativeEndLineNumber=21], inclusionLevel=-1, inclusionOrdinal=-1]
         AstNode [type=CobolConstantReference, moduleId=1, location=AstNodeLocation [retracedOffset=566, retracedLength=12, assembledOffset=566, assembledLength=12, rootRelativeOffset=566, rootRelativeLength=12, rootRelativeStartLineNumber=21, rootRelativeEndLineNumber=21], inclusionLevel=-1, inclusionOrdinal=-1, properties=[all=false, colonPrefix=false, dynamic=false, external=false, level=0, negativ=false, value='Nested A&B']]
      AstNode [type=CobolWhenStmt, moduleId=1, location=AstNodeLocation [retracedOffset=597, retracedLength=11, assembledOffset=597, assembledLength=11, rootRelativeOffset=597, rootRelativeLength=11, rootRelativeStartLineNumber=22, rootRelativeEndLineNumber=22], inclusionLevel=-1, inclusionOrdinal=-1, properties=[other=false]]
       AstNode [type=CobolOrExpression, moduleId=1, location=AstNodeLocation [retracedOffset=602, retracedLength=6, assembledOffset=602, assembledLength=6, rootRelativeOffset=602, rootRelativeLength=6, rootRelativeStartLineNumber=22, rootRelativeEndLineNumber=22], inclusionLevel=-1, inclusionOrdinal=-1]
        AstNode [type=CobolReferenceExpression, moduleId=1, location=AstNodeLocation [retracedOffset=602, retracedLength=1, assembledOffset=602, assembledLength=1, rootRelativeOffset=602, rootRelativeLength=1, rootRelativeStartLineNumber=22, rootRelativeEndLineNumber=22], inclusionLevel=-1, inclusionOrdinal=-1]
         AstNode [type=CobolFieldReference, moduleId=1, location=AstNodeLocation [retracedOffset=602, retracedLength=1, assembledOffset=602, assembledLength=1, rootRelativeOffset=602, rootRelativeLength=1, rootRelativeStartLineNumber=22, rootRelativeEndLineNumber=22], inclusionLevel=-1, inclusionOrdinal=-1, properties=[all=false, colonPrefix=false, dynamic=false, external=false, isIndex=false, negativ=false, renderIsTrueForL88Item=true, unresolvedFieldName=A, usedAsCondition=true]]
        AstNode [type=CobolReferenceExpression, moduleId=1, location=AstNodeLocation [retracedOffset=607, retracedLength=1, assembledOffset=607, assembledLength=1, rootRelativeOffset=607, rootRelativeLength=1, rootRelativeStartLineNumber=22, rootRelativeEndLineNumber=22], inclusionLevel=-1, inclusionOrdinal=-1]
         AstNode [type=CobolFieldReference, moduleId=1, location=AstNodeLocation [retracedOffset=607, retracedLength=1, assembledOffset=607, assembledLength=1, rootRelativeOffset=607, rootRelativeLength=1, rootRelativeStartLineNumber=22, rootRelativeEndLineNumber=22], inclusionLevel=-1, inclusionOrdinal=-1, properties=[all=false, colonPrefix=false, dynamic=false, external=false, isIndex=false, negativ=false, renderIsTrueForL88Item=true, unresolvedFieldName=B, usedAsCondition=true]]
       AstNode [type=CobolDisplayStmt, moduleId=1, location=AstNodeLocation [retracedOffset=629, retracedLength=20, assembledOffset=629, assembledLength=20, rootRelativeOffset=629, rootRelativeLength=20, rootRelativeStartLineNumber=23, rootRelativeEndLineNumber=23], inclusionLevel=-1, inclusionOrdinal=-1]
        AstNode [type=CobolReferenceExpression, moduleId=1, location=AstNodeLocation [retracedOffset=637, retracedLength=12, assembledOffset=637, assembledLength=12, rootRelativeOffset=637, rootRelativeLength=12, rootRelativeStartLineNumber=23, rootRelativeEndLineNumber=23], inclusionLevel=-1, inclusionOrdinal=-1]
         AstNode [type=CobolConstantReference, moduleId=1, location=AstNodeLocation [retracedOffset=637, retracedLength=12, assembledOffset=637, assembledLength=12, rootRelativeOffset=637, rootRelativeLength=12, rootRelativeStartLineNumber=23, rootRelativeEndLineNumber=23], inclusionLevel=-1, inclusionOrdinal=-1, properties=[all=false, colonPrefix=false, dynamic=false, external=false, level=0, negativ=false, value='Nested A|B']]
      AstNode [type=CobolWhenStmt, moduleId=1, location=AstNodeLocation [retracedOffset=668, retracedLength=10, assembledOffset=668, assembledLength=10, rootRelativeOffset=668, rootRelativeLength=10, rootRelativeStartLineNumber=24, rootRelativeEndLineNumber=24], inclusionLevel=-1, inclusionOrdinal=-1, properties=[other=true]]
       AstNode [type=CobolDisplayStmt, moduleId=1, location=AstNodeLocation [retracedOffset=699, retracedLength=22, assembledOffset=699, assembledLength=22, rootRelativeOffset=699, rootRelativeLength=22, rootRelativeStartLineNumber=25, rootRelativeEndLineNumber=25], inclusionLevel=-1, inclusionOrdinal=-1]
        AstNode [type=CobolReferenceExpression, moduleId=1, location=AstNodeLocation [retracedOffset=707, retracedLength=14, assembledOffset=707, assembledLength=14, rootRelativeOffset=707, rootRelativeLength=14, rootRelativeStartLineNumber=25, rootRelativeEndLineNumber=25], inclusionLevel=-1, inclusionOrdinal=-1]
         AstNode [type=CobolConstantReference, moduleId=1, location=AstNodeLocation [retracedOffset=707, retracedLength=14, assembledOffset=707, assembledLength=14, rootRelativeOffset=707, rootRelativeLength=14, rootRelativeStartLineNumber=25, rootRelativeEndLineNumber=25], inclusionLevel=-1, inclusionOrdinal=-1, properties=[all=false, colonPrefix=false, dynamic=false, external=false, level=0, negativ=false, value='Nested OTHER']]
 AstNode [type=CobolWhenStmt, moduleId=1, location=AstNodeLocation [retracedOffset=765, retracedLength=10, assembledOffset=765, assembledLength=10, rootRelativeOffset=765, rootRelativeLength=10, rootRelativeStartLineNumber=27, rootRelativeEndLineNumber=27], inclusionLevel=-1, inclusionOrdinal=-1, properties=[other=true]]
  AstNode [type=CobolDisplayStmt, moduleId=1, location=AstNodeLocation [retracedOffset=792, retracedLength=15, assembledOffset=792, assembledLength=15, rootRelativeOffset=792, rootRelativeLength=15, rootRelativeStartLineNumber=28, rootRelativeEndLineNumber=28], inclusionLevel=-1, inclusionOrdinal=-1]
   AstNode [type=CobolReferenceExpression, moduleId=1, location=AstNodeLocation [retracedOffset=800, retracedLength=7, assembledOffset=800, assembledLength=7, rootRelativeOffset=800, rootRelativeLength=7, rootRelativeStartLineNumber=28, rootRelativeEndLineNumber=28], inclusionLevel=-1, inclusionOrdinal=-1]
    AstNode [type=CobolConstantReference, moduleId=1, location=AstNodeLocation [retracedOffset=800, retracedLength=7, assembledOffset=800, assembledLength=7, rootRelativeOffset=800, rootRelativeLength=7, rootRelativeStartLineNumber=28, rootRelativeEndLineNumber=28], inclusionLevel=-1, inclusionOrdinal=-1, properties=[all=false, colonPrefix=false, dynamic=false, external=false, level=0, negativ=false, value='OTHER']]
  AstNode [type=CobolEvaluateStmt, moduleId=1, location=AstNodeLocation [retracedOffset=858, retracedLength=309, assembledOffset=858, assembledLength=309, rootRelativeOffset=858, rootRelativeLength=309, rootRelativeStartLineNumber=31, rootRelativeEndLineNumber=42], inclusionLevel=-1, inclusionOrdinal=-1, properties=[conditionPaths=[[0],[1,0],[2,0]]]]
   AstNode [type=CobolEvaluateCondition, moduleId=1, location=AstNodeLocation [retracedOffset=858, retracedLength=10, assembledOffset=858, assembledLength=10, rootRelativeOffset=858, rootRelativeLength=10, rootRelativeStartLineNumber=31, rootRelativeEndLineNumber=31], inclusionLevel=-1, inclusionOrdinal=-1]
    AstNode [type=CobolReferenceExpression, moduleId=1, location=AstNodeLocation [retracedOffset=867, retracedLength=1, assembledOffset=867, assembledLength=1, rootRelativeOffset=867, rootRelativeLength=1, rootRelativeStartLineNumber=31, rootRelativeEndLineNumber=31], inclusionLevel=-1, inclusionOrdinal=-1]
     AstNode [type=CobolFieldReference, moduleId=1, location=AstNodeLocation [retracedOffset=867, retracedLength=1, assembledOffset=867, assembledLength=1, rootRelativeOffset=867, rootRelativeLength=1, rootRelativeStartLineNumber=31, rootRelativeEndLineNumber=31], inclusionLevel=-1, inclusionOrdinal=-1, properties=[all=false, colonPrefix=false, dynamic=false, external=false, isIndex=false, negativ=false, renderIsTrueForL88Item=true, unresolvedFieldName=A, usedAsCondition=false]]
   AstNode [type=CobolWhenStmt, moduleId=1, location=AstNodeLocation [retracedOffset=882, retracedLength=6, assembledOffset=882, assembledLength=6, rootRelativeOffset=882, rootRelativeLength=6, rootRelativeStartLineNumber=32, rootRelativeEndLineNumber=32], inclusionLevel=-1, inclusionOrdinal=-1, properties=[other=false]]
    AstNode [type=CobolComparisonExpression, moduleId=1, location=AstNodeLocation [retracedOffset=904, retracedLength=-16, assembledOffset=904, assembledLength=-16, rootRelativeOffset=904, rootRelativeLength=-16, rootRelativeStartLineNumber=33, rootRelativeEndLineNumber=32], inclusionLevel=-1, inclusionOrdinal=-1]
     AstNode [type=CobolEvaluationReference, moduleId=1, location=AstNodeLocation [retracedOffset=904, retracedLength=-16, assembledOffset=904, assembledLength=-16, rootRelativeOffset=904, rootRelativeLength=-16, rootRelativeStartLineNumber=33, rootRelativeEndLineNumber=32], inclusionLevel=-1, inclusionOrdinal=-1]
     AstNode [type=CobolReferenceExpression, moduleId=1, location=AstNodeLocation [retracedOffset=887, retracedLength=1, assembledOffset=887, assembledLength=1, rootRelativeOffset=887, rootRelativeLength=1, rootRelativeStartLineNumber=32, rootRelativeEndLineNumber=32], inclusionLevel=-1, inclusionOrdinal=-1]
      AstNode [type=CobolNumericConstantReference, moduleId=1, location=AstNodeLocation [retracedOffset=887, retracedLength=1, assembledOffset=887, assembledLength=1, rootRelativeOffset=887, rootRelativeLength=1, rootRelativeStartLineNumber=32, rootRelativeEndLineNumber=32], inclusionLevel=-1, inclusionOrdinal=-1, properties=[all=false, colonPrefix=false, dynamic=false, external=false, level=0, negativ=false, value=5]]
    AstNode [type=CobolDisplayStmt, moduleId=1, location=AstNodeLocation [retracedOffset=904, retracedLength=11, assembledOffset=904, assembledLength=11, rootRelativeOffset=904, rootRelativeLength=11, rootRelativeStartLineNumber=33, rootRelativeEndLineNumber=33], inclusionLevel=-1, inclusionOrdinal=-1]
     AstNode [type=CobolReferenceExpression, moduleId=1, location=AstNodeLocation [retracedOffset=912, retracedLength=3, assembledOffset=912, assembledLength=3, rootRelativeOffset=912, rootRelativeLength=3, rootRelativeStartLineNumber=33, rootRelativeEndLineNumber=33], inclusionLevel=-1, inclusionOrdinal=-1]
      AstNode [type=CobolConstantReference, moduleId=1, location=AstNodeLocation [retracedOffset=912, retracedLength=3, assembledOffset=912, assembledLength=3, rootRelativeOffset=912, rootRelativeLength=3, rootRelativeStartLineNumber=33, rootRelativeEndLineNumber=33], inclusionLevel=-1, inclusionOrdinal=-1, properties=[all=false, colonPrefix=false, dynamic=false, external=false, level=0, negativ=false, value='5']]
    AstNode [type=CobolEvaluateStmt, moduleId=1, location=AstNodeLocation [retracedOffset=931, retracedLength=162, assembledOffset=931, assembledLength=162, rootRelativeOffset=931, rootRelativeLength=162, rootRelativeStartLineNumber=34, rootRelativeEndLineNumber=39], inclusionLevel=-1, inclusionOrdinal=-1, properties=[conditionPaths=[[0],[1,0],[2,0]]]]
     AstNode [type=CobolEvaluateCondition, moduleId=1, location=AstNodeLocation [retracedOffset=931, retracedLength=10, assembledOffset=931, assembledLength=10, rootRelativeOffset=931, rootRelativeLength=10, rootRelativeStartLineNumber=34, rootRelativeEndLineNumber=34], inclusionLevel=-1, inclusionOrdinal=-1]
      AstNode [type=CobolReferenceExpression, moduleId=1, location=AstNodeLocation [retracedOffset=940, retracedLength=1, assembledOffset=940, assembledLength=1, rootRelativeOffset=940, rootRelativeLength=1, rootRelativeStartLineNumber=34, rootRelativeEndLineNumber=34], inclusionLevel=-1, inclusionOrdinal=-1]
       AstNode [type=CobolFieldReference, moduleId=1, location=AstNodeLocation [retracedOffset=940, retracedLength=1, assembledOffset=940, assembledLength=1, rootRelativeOffset=940, rootRelativeLength=1, rootRelativeStartLineNumber=34, rootRelativeEndLineNumber=34], inclusionLevel=-1, inclusionOrdinal=-1, properties=[all=false, colonPrefix=false, dynamic=false, external=false, isIndex=false, negativ=false, renderIsTrueForL88Item=true, unresolvedFieldName=B, usedAsCondition=false]]
     AstNode [type=CobolWhenStmt, moduleId=1, location=AstNodeLocation [retracedOffset=959, retracedLength=6, assembledOffset=959, assembledLength=6, rootRelativeOffset=959, rootRelativeLength=6, rootRelativeStartLineNumber=35, rootRelativeEndLineNumber=35], inclusionLevel=-1, inclusionOrdinal=-1, properties=[other=false]]
      AstNode [type=CobolComparisonExpression, moduleId=1, location=AstNodeLocation [retracedOffset=985, retracedLength=-20, assembledOffset=985, assembledLength=-20, rootRelativeOffset=985, rootRelativeLength=-20, rootRelativeStartLineNumber=36, rootRelativeEndLineNumber=35], inclusionLevel=-1, inclusionOrdinal=-1]
       AstNode [type=CobolEvaluationReference, moduleId=1, location=AstNodeLocation [retracedOffset=985, retracedLength=-20, assembledOffset=985, assembledLength=-20, rootRelativeOffset=985, rootRelativeLength=-20, rootRelativeStartLineNumber=36, rootRelativeEndLineNumber=35], inclusionLevel=-1, inclusionOrdinal=-1]
       AstNode [type=CobolReferenceExpression, moduleId=1, location=AstNodeLocation [retracedOffset=964, retracedLength=1, assembledOffset=964, assembledLength=1, rootRelativeOffset=964, rootRelativeLength=1, rootRelativeStartLineNumber=35, rootRelativeEndLineNumber=35], inclusionLevel=-1, inclusionOrdinal=-1]
        AstNode [type=CobolNumericConstantReference, moduleId=1, location=AstNodeLocation [retracedOffset=964, retracedLength=1, assembledOffset=964, assembledLength=1, rootRelativeOffset=964, rootRelativeLength=1, rootRelativeStartLineNumber=35, rootRelativeEndLineNumber=35], inclusionLevel=-1, inclusionOrdinal=-1, properties=[all=false, colonPrefix=false, dynamic=false, external=false, level=0, negativ=false, value=1]]
      AstNode [type=CobolDisplayStmt, moduleId=1, location=AstNodeLocation [retracedOffset=985, retracedLength=18, assembledOffset=985, assembledLength=18, rootRelativeOffset=985, rootRelativeLength=18, rootRelativeStartLineNumber=36, rootRelativeEndLineNumber=36], inclusionLevel=-1, inclusionOrdinal=-1]
       AstNode [type=CobolReferenceExpression, moduleId=1, location=AstNodeLocation [retracedOffset=993, retracedLength=10, assembledOffset=993, assembledLength=10, rootRelativeOffset=993, rootRelativeLength=10, rootRelativeStartLineNumber=36, rootRelativeEndLineNumber=36], inclusionLevel=-1, inclusionOrdinal=-1]
        AstNode [type=CobolConstantReference, moduleId=1, location=AstNodeLocation [retracedOffset=993, retracedLength=10, assembledOffset=993, assembledLength=10, rootRelativeOffset=993, rootRelativeLength=10, rootRelativeStartLineNumber=36, rootRelativeEndLineNumber=36], inclusionLevel=-1, inclusionOrdinal=-1, properties=[all=false, colonPrefix=false, dynamic=false, external=false, level=0, negativ=false, value='Nested 1']]
     AstNode [type=CobolWhenStmt, moduleId=1, location=AstNodeLocation [retracedOffset=1021, retracedLength=6, assembledOffset=1021, assembledLength=6, rootRelativeOffset=1021, rootRelativeLength=6, rootRelativeStartLineNumber=37, rootRelativeEndLineNumber=37], inclusionLevel=-1, inclusionOrdinal=-1, properties=[other=false]]
      AstNode [type=CobolComparisonExpression, moduleId=1, location=AstNodeLocation [retracedOffset=1047, retracedLength=-20, assembledOffset=1047, assembledLength=-20, rootRelativeOffset=1047, rootRelativeLength=-20, rootRelativeStartLineNumber=38, rootRelativeEndLineNumber=37], inclusionLevel=-1, inclusionOrdinal=-1]
       AstNode [type=CobolEvaluationReference, moduleId=1, location=AstNodeLocation [retracedOffset=1047, retracedLength=-20, assembledOffset=1047, assembledLength=-20, rootRelativeOffset=1047, rootRelativeLength=-20, rootRelativeStartLineNumber=38, rootRelativeEndLineNumber=37], inclusionLevel=-1, inclusionOrdinal=-1]
       AstNode [type=CobolReferenceExpression, moduleId=1, location=AstNodeLocation [retracedOffset=1026, retracedLength=1, assembledOffset=1026, assembledLength=1, rootRelativeOffset=1026, rootRelativeLength=1, rootRelativeStartLineNumber=37, rootRelativeEndLineNumber=37], inclusionLevel=-1, inclusionOrdinal=-1]
        AstNode [type=CobolNumericConstantReference, moduleId=1, location=AstNodeLocation [retracedOffset=1026, retracedLength=1, assembledOffset=1026, assembledLength=1, rootRelativeOffset=1026, rootRelativeLength=1, rootRelativeStartLineNumber=37, rootRelativeEndLineNumber=37], inclusionLevel=-1, inclusionOrdinal=-1, properties=[all=false, colonPrefix=false, dynamic=false, external=false, level=0, negativ=false, value=3]]
      AstNode [type=CobolDisplayStmt, moduleId=1, location=AstNodeLocation [retracedOffset=1047, retracedLength=18, assembledOffset=1047, assembledLength=18, rootRelativeOffset=1047, rootRelativeLength=18, rootRelativeStartLineNumber=38, rootRelativeEndLineNumber=38], inclusionLevel=-1, inclusionOrdinal=-1]
       AstNode [type=CobolReferenceExpression, moduleId=1, location=AstNodeLocation [retracedOffset=1055, retracedLength=10, assembledOffset=1055, assembledLength=10, rootRelativeOffset=1055, rootRelativeLength=10, rootRelativeStartLineNumber=38, rootRelativeEndLineNumber=38], inclusionLevel=-1, inclusionOrdinal=-1]
        AstNode [type=CobolConstantReference, moduleId=1, location=AstNodeLocation [retracedOffset=1055, retracedLength=10, assembledOffset=1055, assembledLength=10, rootRelativeOffset=1055, rootRelativeLength=10, rootRelativeStartLineNumber=38, rootRelativeEndLineNumber=38], inclusionLevel=-1, inclusionOrdinal=-1, properties=[all=false, colonPrefix=false, dynamic=false, external=false, level=0, negativ=false, value='Nested 3']]
   AstNode [type=CobolWhenStmt, moduleId=1, location=AstNodeLocation [retracedOffset=1108, retracedLength=7, assembledOffset=1108, assembledLength=7, rootRelativeOffset=1108, rootRelativeLength=7, rootRelativeStartLineNumber=40, rootRelativeEndLineNumber=40], inclusionLevel=-1, inclusionOrdinal=-1, properties=[other=false]]
    AstNode [type=CobolComparisonExpression, moduleId=1, location=AstNodeLocation [retracedOffset=1131, retracedLength=-16, assembledOffset=1131, assembledLength=-16, rootRelativeOffset=1131, rootRelativeLength=-16, rootRelativeStartLineNumber=41, rootRelativeEndLineNumber=40], inclusionLevel=-1, inclusionOrdinal=-1]
     AstNode [type=CobolEvaluationReference, moduleId=1, location=AstNodeLocation [retracedOffset=1131, retracedLength=-16, assembledOffset=1131, assembledLength=-16, rootRelativeOffset=1131, rootRelativeLength=-16, rootRelativeStartLineNumber=41, rootRelativeEndLineNumber=40], inclusionLevel=-1, inclusionOrdinal=-1]
     AstNode [type=CobolReferenceExpression, moduleId=1, location=AstNodeLocation [retracedOffset=1113, retracedLength=2, assembledOffset=1113, assembledLength=2, rootRelativeOffset=1113, rootRelativeLength=2, rootRelativeStartLineNumber=40, rootRelativeEndLineNumber=40], inclusionLevel=-1, inclusionOrdinal=-1]
      AstNode [type=CobolNumericConstantReference, moduleId=1, location=AstNodeLocation [retracedOffset=1113, retracedLength=2, assembledOffset=1113, assembledLength=2, rootRelativeOffset=1113, rootRelativeLength=2, rootRelativeStartLineNumber=40, rootRelativeEndLineNumber=40], inclusionLevel=-1, inclusionOrdinal=-1, properties=[all=false, colonPrefix=false, dynamic=false, external=false, level=0, negativ=false, value=42]]
    AstNode [type=CobolDisplayStmt, moduleId=1, location=AstNodeLocation [retracedOffset=1131, retracedLength=12, assembledOffset=1131, assembledLength=12, rootRelativeOffset=1131, rootRelativeLength=12, rootRelativeStartLineNumber=41, rootRelativeEndLineNumber=41], inclusionLevel=-1, inclusionOrdinal=-1]
     AstNode [type=CobolReferenceExpression, moduleId=1, location=AstNodeLocation [retracedOffset=1139, retracedLength=4, assembledOffset=1139, assembledLength=4, rootRelativeOffset=1139, rootRelativeLength=4, rootRelativeStartLineNumber=41, rootRelativeEndLineNumber=41], inclusionLevel=-1, inclusionOrdinal=-1]
      AstNode [type=CobolConstantReference, moduleId=1, location=AstNodeLocation [retracedOffset=1139, retracedLength=4, assembledOffset=1139, assembledLength=4, rootRelativeOffset=1139, rootRelativeLength=4, rootRelativeStartLineNumber=41, rootRelativeEndLineNumber=41], inclusionLevel=-1, inclusionOrdinal=-1, properties=[all=false, colonPrefix=false, dynamic=false, external=false, level=0, negativ=false, value='42']]
  AstNode [type=CobolEvaluateStmt, moduleId=1, location=AstNodeLocation [retracedOffset=1192, retracedLength=351, assembledOffset=1192, assembledLength=351, rootRelativeOffset=1192, rootRelativeLength=351, rootRelativeStartLineNumber=44, rootRelativeEndLineNumber=53], inclusionLevel=-1, inclusionOrdinal=-1, properties=[conditionPaths=[[0],[1],[2,0],[2,1],[3,0],[3,1],[4,0],[4,1],[5,0],[5,1]]]]
   AstNode [type=CobolEvaluateCondition, moduleId=1, location=AstNodeLocation [retracedOffset=1192, retracedLength=13, assembledOffset=1192, assembledLength=13, rootRelativeOffset=1192, rootRelativeLength=13, rootRelativeStartLineNumber=44, rootRelativeEndLineNumber=44], inclusionLevel=-1, inclusionOrdinal=-1]
   AstNode [type=CobolEvaluateCondition, moduleId=1, location=AstNodeLocation [retracedOffset=1206, retracedLength=6, assembledOffset=1206, assembledLength=6, rootRelativeOffset=1206, rootRelativeLength=6, rootRelativeStartLineNumber=44, rootRelativeEndLineNumber=44], inclusionLevel=-1, inclusionOrdinal=-1]
    AstNode [type=CobolReferenceExpression, moduleId=1, location=AstNodeLocation [retracedOffset=1211, retracedLength=1, assembledOffset=1211, assembledLength=1, rootRelativeOffset=1211, rootRelativeLength=1, rootRelativeStartLineNumber=44, rootRelativeEndLineNumber=44], inclusionLevel=-1, inclusionOrdinal=-1]
     AstNode [type=CobolFieldReference, moduleId=1, location=AstNodeLocation [retracedOffset=1211, retracedLength=1, assembledOffset=1211, assembledLength=1, rootRelativeOffset=1211, rootRelativeLength=1, rootRelativeStartLineNumber=44, rootRelativeEndLineNumber=44], inclusionLevel=-1, inclusionOrdinal=-1, properties=[all=false, colonPrefix=false, dynamic=false, external=false, isIndex=false, negativ=false, renderIsTrueForL88Item=true, unresolvedFieldName=A, usedAsCondition=false]]
   AstNode [type=CobolWhenStmt, moduleId=1, location=AstNodeLocation [retracedOffset=1226, retracedLength=17, assembledOffset=1226, assembledLength=17, rootRelativeOffset=1226, rootRelativeLength=17, rootRelativeStartLineNumber=45, rootRelativeEndLineNumber=45], inclusionLevel=-1, inclusionOrdinal=-1, properties=[other=false]]
    AstNode [type=CobolComparisonExpression, moduleId=1, location=AstNodeLocation [retracedOffset=1231, retracedLength=5, assembledOffset=1231, assembledLength=5, rootRelativeOffset=1231, rootRelativeLength=5, rootRelativeStartLineNumber=45, rootRelativeEndLineNumber=45], inclusionLevel=-1, inclusionOrdinal=-1]
     AstNode [type=CobolReferenceExpression, moduleId=1, location=AstNodeLocation [retracedOffset=1231, retracedLength=1, assembledOffset=1231, assembledLength=1, rootRelativeOffset=1231, rootRelativeLength=1, rootRelativeStartLineNumber=45, rootRelativeEndLineNumber=45], inclusionLevel=-1, inclusionOrdinal=-1]
      AstNode [type=CobolFieldReference, moduleId=1, location=AstNodeLocation [retracedOffset=1231, retracedLength=1, assembledOffset=1231, assembledLength=1, rootRelativeOffset=1231, rootRelativeLength=1, rootRelativeStartLineNumber=45, rootRelativeEndLineNumber=45], inclusionLevel=-1, inclusionOrdinal=-1, properties=[all=false, colonPrefix=false, dynamic=false, external=false, isIndex=false, negativ=false, renderIsTrueForL88Item=true, unresolvedFieldName=B, usedAsCondition=false]]
     AstNode [type=CobolReferenceExpression, moduleId=1, location=AstNodeLocation [retracedOffset=1235, retracedLength=1, assembledOffset=1235, assembledLength=1, rootRelativeOffset=1235, rootRelativeLength=1, rootRelativeStartLineNumber=45, rootRelativeEndLineNumber=45], inclusionLevel=-1, inclusionOrdinal=-1]
      AstNode [type=CobolNumericConstantReference, moduleId=1, location=AstNodeLocation [retracedOffset=1235, retracedLength=1, assembledOffset=1235, assembledLength=1, rootRelativeOffset=1235, rootRelativeLength=1, rootRelativeStartLineNumber=45, rootRelativeEndLineNumber=45], inclusionLevel=-1, inclusionOrdinal=-1, properties=[all=false, colonPrefix=false, dynamic=false, external=false, level=0, negativ=false, value=4]]
    AstNode [type=CobolComparisonExpression, moduleId=1, location=AstNodeLocation [retracedOffset=1260, retracedLength=-17, assembledOffset=1260, assembledLength=-17, rootRelativeOffset=1260, rootRelativeLength=-17, rootRelativeStartLineNumber=46, rootRelativeEndLineNumber=45], inclusionLevel=-1, inclusionOrdinal=-1]
     AstNode [type=CobolEvaluationReference, moduleId=1, location=AstNodeLocation [retracedOffset=1260, retracedLength=-17, assembledOffset=1260, assembledLength=-17, rootRelativeOffset=1260, rootRelativeLength=-17, rootRelativeStartLineNumber=46, rootRelativeEndLineNumber=45], inclusionLevel=-1, inclusionOrdinal=-1]
     AstNode [type=CobolReferenceExpression, moduleId=1, location=AstNodeLocation [retracedOffset=1242, retracedLength=1, assembledOffset=1242, assembledLength=1, rootRelativeOffset=1242, rootRelativeLength=1, rootRelativeStartLineNumber=45, rootRelativeEndLineNumber=45], inclusionLevel=-1, inclusionOrdinal=-1]
      AstNode [type=CobolNumericConstantReference, moduleId=1, location=AstNodeLocation [retracedOffset=1242, retracedLength=1, assembledOffset=1242, assembledLength=1, rootRelativeOffset=1242, rootRelativeLength=1, rootRelativeStartLineNumber=45, rootRelativeEndLineNumber=45], inclusionLevel=-1, inclusionOrdinal=-1, properties=[all=false, colonPrefix=false, dynamic=false, external=false, level=0, negativ=false, value=2]]
    AstNode [type=CobolDisplayStmt, moduleId=1, location=AstNodeLocation [retracedOffset=1260, retracedLength=14, assembledOffset=1260, assembledLength=14, rootRelativeOffset=1260, rootRelativeLength=14, rootRelativeStartLineNumber=46, rootRelativeEndLineNumber=46], inclusionLevel=-1, inclusionOrdinal=-1]
     AstNode [type=CobolReferenceExpression, moduleId=1, location=AstNodeLocation [retracedOffset=1268, retracedLength=6, assembledOffset=1268, assembledLength=6, rootRelativeOffset=1268, rootRelativeLength=6, rootRelativeStartLineNumber=46, rootRelativeEndLineNumber=46], inclusionLevel=-1, inclusionOrdinal=-1]
      AstNode [type=CobolConstantReference, moduleId=1, location=AstNodeLocation [retracedOffset=1268, retracedLength=6, assembledOffset=1268, assembledLength=6, rootRelativeOffset=1268, rootRelativeLength=6, rootRelativeStartLineNumber=46, rootRelativeEndLineNumber=46], inclusionLevel=-1, inclusionOrdinal=-1, properties=[all=false, colonPrefix=false, dynamic=false, external=false, level=0, negativ=false, value='WHAT']]
   AstNode [type=CobolWhenStmt, moduleId=1, location=AstNodeLocation [retracedOffset=1291, retracedLength=20, assembledOffset=1291, assembledLength=20, rootRelativeOffset=1291, rootRelativeLength=20, rootRelativeStartLineNumber=47, rootRelativeEndLineNumber=47], inclusionLevel=-1, inclusionOrdinal=-1, properties=[other=false]]
    AstNode [type=CobolAndExpression, moduleId=1, location=AstNodeLocation [retracedOffset=1296, retracedLength=7, assembledOffset=1296, assembledLength=7, rootRelativeOffset=1296, rootRelativeLength=7, rootRelativeStartLineNumber=47, rootRelativeEndLineNumber=47], inclusionLevel=-1, inclusionOrdinal=-1]
     AstNode [type=CobolReferenceExpression, moduleId=1, location=AstNodeLocation [retracedOffset=1296, retracedLength=1, assembledOffset=1296, assembledLength=1, rootRelativeOffset=1296, rootRelativeLength=1, rootRelativeStartLineNumber=47, rootRelativeEndLineNumber=47], inclusionLevel=-1, inclusionOrdinal=-1]
      AstNode [type=CobolFieldReference, moduleId=1, location=AstNodeLocation [retracedOffset=1296, retracedLength=1, assembledOffset=1296, assembledLength=1, rootRelativeOffset=1296, rootRelativeLength=1, rootRelativeStartLineNumber=47, rootRelativeEndLineNumber=47], inclusionLevel=-1, inclusionOrdinal=-1, properties=[all=false, colonPrefix=false, dynamic=false, external=false, isIndex=false, negativ=false, renderIsTrueForL88Item=true, unresolvedFieldName=A, usedAsCondition=true]]
     AstNode [type=CobolReferenceExpression, moduleId=1, location=AstNodeLocation [retracedOffset=1302, retracedLength=1, assembledOffset=1302, assembledLength=1, rootRelativeOffset=1302, rootRelativeLength=1, rootRelativeStartLineNumber=47, rootRelativeEndLineNumber=47], inclusionLevel=-1, inclusionOrdinal=-1]
      AstNode [type=CobolFieldReference, moduleId=1, location=AstNodeLocation [retracedOffset=1302, retracedLength=1, assembledOffset=1302, assembledLength=1, rootRelativeOffset=1302, rootRelativeLength=1, rootRelativeStartLineNumber=47, rootRelativeEndLineNumber=47], inclusionLevel=-1, inclusionOrdinal=-1, properties=[all=false, colonPrefix=false, dynamic=false, external=false, isIndex=false, negativ=false, renderIsTrueForL88Item=true, unresolvedFieldName=B, usedAsCondition=true]]
    AstNode [type=CobolComparisonExpression, moduleId=1, location=AstNodeLocation [retracedOffset=1332, retracedLength=-21, assembledOffset=1332, assembledLength=-21, rootRelativeOffset=1332, rootRelativeLength=-21, rootRelativeStartLineNumber=48, rootRelativeEndLineNumber=47], inclusionLevel=-1, inclusionOrdinal=-1]
     AstNode [type=CobolEvaluationReference, moduleId=1, location=AstNodeLocation [retracedOffset=1332, retracedLength=-21, assembledOffset=1332, assembledLength=-21, rootRelativeOffset=1332, rootRelativeLength=-21, rootRelativeStartLineNumber=48, rootRelativeEndLineNumber=47], inclusionLevel=-1, inclusionOrdinal=-1]
     AstNode [type=CobolReferenceExpression, moduleId=1, location=AstNodeLocation [retracedOffset=1309, retracedLength=2, assembledOffset=1309, assembledLength=2, rootRelativeOffset=1309, rootRelativeLength=2, rootRelativeStartLineNumber=47, rootRelativeEndLineNumber=47], inclusionLevel=-1, inclusionOrdinal=-1]
      AstNode [type=CobolNumericConstantReference, moduleId=1, location=AstNodeLocation [retracedOffset=1309, retracedLength=2, assembledOffset=1309, assembledLength=2, rootRelativeOffset=1309, rootRelativeLength=2, rootRelativeStartLineNumber=47, rootRelativeEndLineNumber=47], inclusionLevel=-1, inclusionOrdinal=-1, properties=[all=false, colonPrefix=false, dynamic=false, external=false, level=0, negativ=false, value=42]]
    AstNode [type=CobolDisplayStmt, moduleId=1, location=AstNodeLocation [retracedOffset=1332, retracedLength=24, assembledOffset=1332, assembledLength=24, rootRelativeOffset=1332, rootRelativeLength=24, rootRelativeStartLineNumber=48, rootRelativeEndLineNumber=48], inclusionLevel=-1, inclusionOrdinal=-1]
     AstNode [type=CobolReferenceExpression, moduleId=1, location=AstNodeLocation [retracedOffset=1340, retracedLength=16, assembledOffset=1340, assembledLength=16, rootRelativeOffset=1340, rootRelativeLength=16, rootRelativeStartLineNumber=48, rootRelativeEndLineNumber=48], inclusionLevel=-1, inclusionOrdinal=-1]
      AstNode [type=CobolConstantReference, moduleId=1, location=AstNodeLocation [retracedOffset=1340, retracedLength=16, assembledOffset=1340, assembledLength=16, rootRelativeOffset=1340, rootRelativeLength=16, rootRelativeStartLineNumber=48, rootRelativeEndLineNumber=48], inclusionLevel=-1, inclusionOrdinal=-1, properties=[all=false, colonPrefix=false, dynamic=false, external=false, level=0, negativ=false, value='Nested IS THIS']]
   AstNode [type=CobolWhenStmt, moduleId=1, location=AstNodeLocation [retracedOffset=1373, retracedLength=17, assembledOffset=1373, assembledLength=17, rootRelativeOffset=1373, rootRelativeLength=17, rootRelativeStartLineNumber=49, rootRelativeEndLineNumber=49], inclusionLevel=-1, inclusionOrdinal=-1, properties=[other=false]]
    AstNode [type=CobolComparisonExpression, moduleId=1, location=AstNodeLocation [retracedOffset=1378, retracedLength=5, assembledOffset=1378, assembledLength=5, rootRelativeOffset=1378, rootRelativeLength=5, rootRelativeStartLineNumber=49, rootRelativeEndLineNumber=49], inclusionLevel=-1, inclusionOrdinal=-1]
     AstNode [type=CobolReferenceExpression, moduleId=1, location=AstNodeLocation [retracedOffset=1378, retracedLength=1, assembledOffset=1378, assembledLength=1, rootRelativeOffset=1378, rootRelativeLength=1, rootRelativeStartLineNumber=49, rootRelativeEndLineNumber=49], inclusionLevel=-1, inclusionOrdinal=-1]
      AstNode [type=CobolFieldReference, moduleId=1, location=AstNodeLocation [retracedOffset=1378, retracedLength=1, assembledOffset=1378, assembledLength=1, rootRelativeOffset=1378, rootRelativeLength=1, rootRelativeStartLineNumber=49, rootRelativeEndLineNumber=49], inclusionLevel=-1, inclusionOrdinal=-1, properties=[all=false, colonPrefix=false, dynamic=false, external=false, isIndex=false, negativ=false, renderIsTrueForL88Item=true, unresolvedFieldName=B, usedAsCondition=false]]
     AstNode [type=CobolReferenceExpression, moduleId=1, location=AstNodeLocation [retracedOffset=1382, retracedLength=1, assembledOffset=1382, assembledLength=1, rootRelativeOffset=1382, rootRelativeLength=1, rootRelativeStartLineNumber=49, rootRelativeEndLineNumber=49], inclusionLevel=-1, inclusionOrdinal=-1]
      AstNode [type=CobolNumericConstantReference, moduleId=1, location=AstNodeLocation [retracedOffset=1382, retracedLength=1, assembledOffset=1382, assembledLength=1, rootRelativeOffset=1382, rootRelativeLength=1, rootRelativeStartLineNumber=49, rootRelativeEndLineNumber=49], inclusionLevel=-1, inclusionOrdinal=-1, properties=[all=false, colonPrefix=false, dynamic=false, external=false, level=0, negativ=false, value=4]]
    AstNode [type=CobolComparisonExpression, moduleId=1, location=AstNodeLocation [retracedOffset=1411, retracedLength=-21, assembledOffset=1411, assembledLength=-21, rootRelativeOffset=1411, rootRelativeLength=-21, rootRelativeStartLineNumber=50, rootRelativeEndLineNumber=49], inclusionLevel=-1, inclusionOrdinal=-1]
     AstNode [type=CobolEvaluationReference, moduleId=1, location=AstNodeLocation [retracedOffset=1411, retracedLength=-21, assembledOffset=1411, assembledLength=-21, rootRelativeOffset=1411, rootRelativeLength=-21, rootRelativeStartLineNumber=50, rootRelativeEndLineNumber=49], inclusionLevel=-1, inclusionOrdinal=-1]
     AstNode [type=CobolReferenceExpression, moduleId=1, location=AstNodeLocation [retracedOffset=1389, retracedLength=1, assembledOffset=1389, assembledLength=1, rootRelativeOffset=1389, rootRelativeLength=1, rootRelativeStartLineNumber=49, rootRelativeEndLineNumber=49], inclusionLevel=-1, inclusionOrdinal=-1]
      AstNode [type=CobolNumericConstantReference, moduleId=1, location=AstNodeLocation [retracedOffset=1389, retracedLength=1, assembledOffset=1389, assembledLength=1, rootRelativeOffset=1389, rootRelativeLength=1, rootRelativeStartLineNumber=49, rootRelativeEndLineNumber=49], inclusionLevel=-1, inclusionOrdinal=-1, properties=[all=false, colonPrefix=false, dynamic=false, external=false, level=0, negativ=false, value=2]]
    AstNode [type=CobolDisplayStmt, moduleId=1, location=AstNodeLocation [retracedOffset=1411, retracedLength=21, assembledOffset=1411, assembledLength=21, rootRelativeOffset=1411, rootRelativeLength=21, rootRelativeStartLineNumber=50, rootRelativeEndLineNumber=50], inclusionLevel=-1, inclusionOrdinal=-1]
     AstNode [type=CobolReferenceExpression, moduleId=1, location=AstNodeLocation [retracedOffset=1419, retracedLength=13, assembledOffset=1419, assembledLength=13, rootRelativeOffset=1419, rootRelativeLength=13, rootRelativeStartLineNumber=50, rootRelativeEndLineNumber=50], inclusionLevel=-1, inclusionOrdinal=-1]
      AstNode [type=CobolConstantReference, moduleId=1, location=AstNodeLocation [retracedOffset=1419, retracedLength=13, assembledOffset=1419, assembledLength=13, rootRelativeOffset=1419, rootRelativeLength=13, rootRelativeStartLineNumber=50, rootRelativeEndLineNumber=50], inclusionLevel=-1, inclusionOrdinal=-1, properties=[all=false, colonPrefix=false, dynamic=false, external=false, level=0, negativ=false, value='Nested WHAT']]
   AstNode [type=CobolWhenStmt, moduleId=1, location=AstNodeLocation [retracedOffset=1449, retracedLength=20, assembledOffset=1449, assembledLength=20, rootRelativeOffset=1449, rootRelativeLength=20, rootRelativeStartLineNumber=51, rootRelativeEndLineNumber=51], inclusionLevel=-1, inclusionOrdinal=-1, properties=[other=false]]
    AstNode [type=CobolAndExpression, moduleId=1, location=AstNodeLocation [retracedOffset=1454, retracedLength=7, assembledOffset=1454, assembledLength=7, rootRelativeOffset=1454, rootRelativeLength=7, rootRelativeStartLineNumber=51, rootRelativeEndLineNumber=51], inclusionLevel=-1, inclusionOrdinal=-1]
     AstNode [type=CobolReferenceExpression, moduleId=1, location=AstNodeLocation [retracedOffset=1454, retracedLength=1, assembledOffset=1454, assembledLength=1, rootRelativeOffset=1454, rootRelativeLength=1, rootRelativeStartLineNumber=51, rootRelativeEndLineNumber=51], inclusionLevel=-1, inclusionOrdinal=-1]
      AstNode [type=CobolFieldReference, moduleId=1, location=AstNodeLocation [retracedOffset=1454, retracedLength=1, assembledOffset=1454, assembledLength=1, rootRelativeOffset=1454, rootRelativeLength=1, rootRelativeStartLineNumber=51, rootRelativeEndLineNumber=51], inclusionLevel=-1, inclusionOrdinal=-1, properties=[all=false, colonPrefix=false, dynamic=false, external=false, isIndex=false, negativ=false, renderIsTrueForL88Item=true, unresolvedFieldName=A, usedAsCondition=true]]
     AstNode [type=CobolReferenceExpression, moduleId=1, location=AstNodeLocation [retracedOffset=1460, retracedLength=1, assembledOffset=1460, assembledLength=1, rootRelativeOffset=1460, rootRelativeLength=1, rootRelativeStartLineNumber=51, rootRelativeEndLineNumber=51], inclusionLevel=-1, inclusionOrdinal=-1]
      AstNode [type=CobolFieldReference, moduleId=1, location=AstNodeLocation [retracedOffset=1460, retracedLength=1, assembledOffset=1460, assembledLength=1, rootRelativeOffset=1460, rootRelativeLength=1, rootRelativeStartLineNumber=51, rootRelativeEndLineNumber=51], inclusionLevel=-1, inclusionOrdinal=-1, properties=[all=false, colonPrefix=false, dynamic=false, external=false, isIndex=false, negativ=false, renderIsTrueForL88Item=true, unresolvedFieldName=B, usedAsCondition=true]]
    AstNode [type=CobolComparisonExpression, moduleId=1, location=AstNodeLocation [retracedOffset=1490, retracedLength=-21, assembledOffset=1490, assembledLength=-21, rootRelativeOffset=1490, rootRelativeLength=-21, rootRelativeStartLineNumber=52, rootRelativeEndLineNumber=51], inclusionLevel=-1, inclusionOrdinal=-1]
     AstNode [type=CobolEvaluationReference, moduleId=1, location=AstNodeLocation [retracedOffset=1490, retracedLength=-21, assembledOffset=1490, assembledLength=-21, rootRelativeOffset=1490, rootRelativeLength=-21, rootRelativeStartLineNumber=52, rootRelativeEndLineNumber=51], inclusionLevel=-1, inclusionOrdinal=-1]
     AstNode [type=CobolReferenceExpression, moduleId=1, location=AstNodeLocation [retracedOffset=1467, retracedLength=2, assembledOffset=1467, assembledLength=2, rootRelativeOffset=1467, rootRelativeLength=2, rootRelativeStartLineNumber=51, rootRelativeEndLineNumber=51], inclusionLevel=-1, inclusionOrdinal=-1]
      AstNode [type=CobolNumericConstantReference, moduleId=1, location=AstNodeLocation [retracedOffset=1467, retracedLength=2, assembledOffset=1467, assembledLength=2, rootRelativeOffset=1467, rootRelativeLength=2, rootRelativeStartLineNumber=51, rootRelativeEndLineNumber=51], inclusionLevel=-1, inclusionOrdinal=-1, properties=[all=false, colonPrefix=false, dynamic=false, external=false, level=0, negativ=false, value=42]]
    AstNode [type=CobolDisplayStmt, moduleId=1, location=AstNodeLocation [retracedOffset=1490, retracedLength=24, assembledOffset=1490, assembledLength=24, rootRelativeOffset=1490, rootRelativeLength=24, rootRelativeStartLineNumber=52, rootRelativeEndLineNumber=52], inclusionLevel=-1, inclusionOrdinal=-1]
     AstNode [type=CobolReferenceExpression, moduleId=1, location=AstNodeLocation [retracedOffset=1498, retracedLength=16, assembledOffset=1498, assembledLength=16, rootRelativeOffset=1498, rootRelativeLength=16, rootRelativeStartLineNumber=52, rootRelativeEndLineNumber=52], inclusionLevel=-1, inclusionOrdinal=-1]
      AstNode [type=CobolConstantReference, moduleId=1, location=AstNodeLocation [retracedOffset=1498, retracedLength=16, assembledOffset=1498, assembledLength=16, rootRelativeOffset=1498, rootRelativeLength=16, rootRelativeStartLineNumber=52, rootRelativeEndLineNumber=52], inclusionLevel=-1, inclusionOrdinal=-1, properties=[all=false, colonPrefix=false, dynamic=false, external=false, level=0, negativ=false, value='Nested IS THIS']]
  AstNode [type=CobolGoBackStmt, moduleId=1, location=AstNodeLocation [retracedOffset=1582, retracedLength=6, assembledOffset=1582, assembledLength=6, rootRelativeOffset=1582, rootRelativeLength=6, rootRelativeStartLineNumber=56, rootRelativeEndLineNumber=56], inclusionLevel=-1, inclusionOrdinal=-1]
