AstNode [type=CobolProgram, moduleId=1, location=AstNodeLocation [retracedOffset=7, retracedLength=485, assembledOffset=7, assembledLength=485, rootRelativeOffset=7, rootRelativeLength=485, rootRelativeStartLineNumber=1, rootRelativeEndLineNumber=23], inclusionLevel=-1, inclusionOrdinal=-1, hasAstModuleId=1]
 AstNode [type=IdentificationDivision, moduleId=1, location=AstNodeLocation [retracedOffset=7, retracedLength=24, assembledOffset=7, assembledLength=24, rootRelativeOffset=7, rootRelativeLength=24, rootRelativeStartLineNumber=1, rootRelativeEndLineNumber=1], inclusionLevel=-1, inclusionOrdinal=-1]
 AstNode [type=DataDivision, moduleId=1, location=AstNodeLocation [retracedOffset=67, retracedLength=120, assembledOffset=67, assembledLength=120, rootRelativeOffset=67, rootRelativeLength=120, rootRelativeStartLineNumber=3, rootRelativeEndLineNumber=6], inclusionLevel=-1, inclusionOrdinal=-1]
  AstNode [type=WorkingStorageSection, moduleId=1, location=AstNodeLocation [retracedOffset=100, retracedLength=87, assembledOffset=100, assembledLength=87, rootRelativeOffset=100, rootRelativeLength=87, rootRelativeStartLineNumber=4, rootRelativeEndLineNumber=6], inclusionLevel=-1, inclusionOrdinal=-1]
   AstNode [type=CobolDataField, moduleId=1, location=AstNodeLocation [retracedOffset=132, retracedLength=23, assembledOffset=132, assembledLength=23, rootRelativeOffset=132, rootRelativeLength=23, rootRelativeStartLineNumber=5, rootRelativeEndLineNumber=5], inclusionLevel=-1, inclusionOrdinal=-1, properties=[blankWhenZero=false, byteLength=9, c$field=false, containsDuplicateFields=false, controlBlock=false, external=false, filler=false, global=false, groupOfPointers=false, isAdabas=false, isPrefixedOrSuffixed=false, isVaryingField=false, justifiedRight=false, languageType=PIC9, level=1, name=A, nameLength=1, nameOffset=3, pic=9(9), picType=9, pointer=false, provideDdmFieldName=false, sync=false, syncLeft=false, syncRight=false, syntheticIndex=false, view=false]]
    AstNode [type=CobolNumericConstantReference, moduleId=1, location=AstNodeLocation [retracedOffset=153, retracedLength=1, assembledOffset=153, assembledLength=1, rootRelativeOffset=153, rootRelativeLength=1, rootRelativeStartLineNumber=5, rootRelativeEndLineNumber=5], inclusionLevel=-1, inclusionOrdinal=-1, properties=[all=false, colonPrefix=false, dynamic=false, external=false, level=0, negativ=false, value=5]]
   AstNode [type=CobolDataField, moduleId=1, location=AstNodeLocation [retracedOffset=163, retracedLength=24, assembledOffset=163, assembledLength=24, rootRelativeOffset=163, rootRelativeLength=24, rootRelativeStartLineNumber=6, rootRelativeEndLineNumber=6], inclusionLevel=-1, inclusionOrdinal=-1, properties=[blankWhenZero=false, byteLength=9, c$field=false, containsDuplicateFields=false, controlBlock=false, external=false, filler=false, global=false, groupOfPointers=false, isAdabas=false, isPrefixedOrSuffixed=false, isVaryingField=false, justifiedRight=false, languageType=PIC9, level=1, name=B, nameLength=1, nameOffset=3, pic=9(9), picType=9, pointer=false, provideDdmFieldName=false, sync=false, syncLeft=false, syncRight=false, syntheticIndex=false, view=false]]
    AstNode [type=CobolNumericConstantReference, moduleId=1, location=AstNodeLocation [retracedOffset=184, retracedLength=2, assembledOffset=184, assembledLength=2, rootRelativeOffset=184, rootRelativeLength=2, rootRelativeStartLineNumber=6, rootRelativeEndLineNumber=6], inclusionLevel=-1, inclusionOrdinal=-1, properties=[all=false, colonPrefix=false, dynamic=false, external=false, level=0, negativ=false, value=42]]
 AstNode [type=ProcedureDivision, moduleId=1, location=AstNodeLocation [retracedOffset=196, retracedLength=18, assembledOffset=196, assembledLength=18, rootRelativeOffset=196, rootRelativeLength=18, rootRelativeStartLineNumber=8, rootRelativeEndLineNumber=8], inclusionLevel=-1, inclusionOrdinal=-1]
  AstNode [type=CobolDisplayStmt, moduleId=1, location=AstNodeLocation [retracedOffset=228, retracedLength=11, assembledOffset=228, assembledLength=11, rootRelativeOffset=228, rootRelativeLength=11, rootRelativeStartLineNumber=10, rootRelativeEndLineNumber=10], inclusionLevel=-1, inclusionOrdinal=-1]
   AstNode [type=CobolReferenceExpression, moduleId=1, location=AstNodeLocation [retracedOffset=236, retracedLength=3, assembledOffset=236, assembledLength=3, rootRelativeOffset=236, rootRelativeLength=3, rootRelativeStartLineNumber=10, rootRelativeEndLineNumber=10], inclusionLevel=-1, inclusionOrdinal=-1]
    AstNode [type=CobolConstantReference, moduleId=1, location=AstNodeLocation [retracedOffset=236, retracedLength=3, assembledOffset=236, assembledLength=3, rootRelativeOffset=236, rootRelativeLength=3, rootRelativeStartLineNumber=10, rootRelativeEndLineNumber=10], inclusionLevel=-1, inclusionOrdinal=-1, properties=[all=false, colonPrefix=false, dynamic=false, external=false, level=0, negativ=false, value='1']]
  AstNode [type=CobolGoBackStmt, moduleId=1, location=AstNodeLocation [retracedOffset=252, retracedLength=6, assembledOffset=252, assembledLength=6, rootRelativeOffset=252, rootRelativeLength=6, rootRelativeStartLineNumber=11, rootRelativeEndLineNumber=11], inclusionLevel=-1, inclusionOrdinal=-1]
  AstNode [type=CobolLabelStmt, moduleId=1, location=AstNodeLocation [retracedOffset=268, retracedLength=13, assembledOffset=268, assembledLength=13, rootRelativeOffset=268, rootRelativeLength=13, rootRelativeStartLineNumber=13, rootRelativeEndLineNumber=13], inclusionLevel=-1, inclusionOrdinal=-1, properties=[invocation name=DISPLAY-MEMO]]
   AstNode [type=CobolIfStmt, moduleId=1, location=AstNodeLocation [retracedOffset=293, retracedLength=59, assembledOffset=293, assembledLength=59, rootRelativeOffset=293, rootRelativeLength=59, rootRelativeStartLineNumber=14, rootRelativeEndLineNumber=16], inclusionLevel=-1, inclusionOrdinal=-1, properties=[conditionPaths=[[0]]]]
    AstNode [type=CobolComparisonExpression, moduleId=1, location=AstNodeLocation [retracedOffset=296, retracedLength=5, assembledOffset=296, assembledLength=5, rootRelativeOffset=296, rootRelativeLength=5, rootRelativeStartLineNumber=14, rootRelativeEndLineNumber=14], inclusionLevel=-1, inclusionOrdinal=-1]
     AstNode [type=CobolReferenceExpression, moduleId=1, location=AstNodeLocation [retracedOffset=296, retracedLength=1, assembledOffset=296, assembledLength=1, rootRelativeOffset=296, rootRelativeLength=1, rootRelativeStartLineNumber=14, rootRelativeEndLineNumber=14], inclusionLevel=-1, inclusionOrdinal=-1]
      AstNode [type=CobolFieldReference, moduleId=1, location=AstNodeLocation [retracedOffset=296, retracedLength=1, assembledOffset=296, assembledLength=1, rootRelativeOffset=296, rootRelativeLength=1, rootRelativeStartLineNumber=14, rootRelativeEndLineNumber=14], inclusionLevel=-1, inclusionOrdinal=-1, relations={ REFERS [to=CobolDataField[01 A PIC 9(9) VALUES 5.]], BINDING [to=CobolDataField[01 A PIC 9(9) VALUES 5.], label=definedBy] }, properties=[all=false, colonPrefix=false, dynamic=false, external=false, isIndex=false, negativ=false, renderIsTrueForL88Item=true, unresolvedFieldName=A, usedAsCondition=false]]
     AstNode [type=CobolReferenceExpression, moduleId=1, location=AstNodeLocation [retracedOffset=300, retracedLength=1, assembledOffset=300, assembledLength=1, rootRelativeOffset=300, rootRelativeLength=1, rootRelativeStartLineNumber=14, rootRelativeEndLineNumber=14], inclusionLevel=-1, inclusionOrdinal=-1]
      AstNode [type=CobolFieldReference, moduleId=1, location=AstNodeLocation [retracedOffset=300, retracedLength=1, assembledOffset=300, assembledLength=1, rootRelativeOffset=300, rootRelativeLength=1, rootRelativeStartLineNumber=14, rootRelativeEndLineNumber=14], inclusionLevel=-1, inclusionOrdinal=-1, relations={ REFERS [to=CobolDataField[01 B PIC 9(9) VALUES 42.]], BINDING [to=CobolDataField[01 B PIC 9(9) VALUES 42.], label=definedBy] }, properties=[all=false, colonPrefix=false, dynamic=false, external=false, isIndex=false, negativ=false, renderIsTrueForL88Item=true, unresolvedFieldName=B, usedAsCondition=false]]
    AstNode [type=CobolThenBlock, moduleId=1, location=AstNodeLocation [retracedOffset=302, retracedLength=50, assembledOffset=302, assembledLength=50, rootRelativeOffset=302, rootRelativeLength=50, rootRelativeStartLineNumber=14, rootRelativeEndLineNumber=16], inclusionLevel=-1, inclusionOrdinal=-1]
     AstNode [type=CobolDisplayStmt, moduleId=1, location=AstNodeLocation [retracedOffset=320, retracedLength=14, assembledOffset=320, assembledLength=14, rootRelativeOffset=320, rootRelativeLength=14, rootRelativeStartLineNumber=15, rootRelativeEndLineNumber=15], inclusionLevel=-1, inclusionOrdinal=-1]
      AstNode [type=CobolReferenceExpression, moduleId=1, location=AstNodeLocation [retracedOffset=328, retracedLength=6, assembledOffset=328, assembledLength=6, rootRelativeOffset=328, rootRelativeLength=6, rootRelativeStartLineNumber=15, rootRelativeEndLineNumber=15], inclusionLevel=-1, inclusionOrdinal=-1]
       AstNode [type=CobolConstantReference, moduleId=1, location=AstNodeLocation [retracedOffset=328, retracedLength=6, assembledOffset=328, assembledLength=6, rootRelativeOffset=328, rootRelativeLength=6, rootRelativeStartLineNumber=15, rootRelativeEndLineNumber=15], inclusionLevel=-1, inclusionOrdinal=-1, properties=[all=false, colonPrefix=false, dynamic=false, external=false, level=0, negativ=false, value='if 1']]
  AstNode [type=CobolLabelStmt, moduleId=1, location=AstNodeLocation [retracedOffset=361, retracedLength=18, assembledOffset=361, assembledLength=18, rootRelativeOffset=361, rootRelativeLength=18, rootRelativeStartLineNumber=17, rootRelativeEndLineNumber=17], inclusionLevel=-1, inclusionOrdinal=-1, properties=[invocation name=DISPLAY-MEMO-EXIT]]
