AstNode [type=ImpProgramObjectImpl, moduleId=1, location=AstNodeLocation [retracedOffset=0, retracedLength=442, assembledOffset=0, assembledLength=442, rootRelativeOffset=0, rootRelativeLength=442, rootRelativeStartLineNumber=1, rootRelativeEndLineNumber=26], inclusionLevel=-1, inclusionOrdinal=-1, hasAstModuleId=1]
 AstNode [type=DefineDataStmt, moduleId=1, location=AstNodeLocation [retracedOffset=0, retracedLength=55, assembledOffset=0, assembledLength=55, rootRelativeOffset=0, rootRelativeLength=55, rootRelativeStartLineNumber=1, rootRelativeEndLineNumber=4], inclusionLevel=-1, inclusionOrdinal=-1]
  AstNode [type=NaturalDataAreaNode, moduleId=1, location=AstNodeLocation [retracedOffset=12, retracedLength=31, assembledOffset=12, assembledLength=31, rootRelativeOffset=12, rootRelativeLength=31, rootRelativeStartLineNumber=1, rootRelativeEndLineNumber=3], inclusionLevel=-1, inclusionOrdinal=-1, properties=[dataAreaType=LOCAL]]
   AstNode [type=Variable, moduleId=1, location=AstNodeLocation [retracedOffset=23, retracedLength=7, assembledOffset=23, assembledLength=7, rootRelativeOffset=23, rootRelativeLength=7, rootRelativeStartLineNumber=2, rootRelativeEndLineNumber=2], inclusionLevel=-1, inclusionOrdinal=-1, properties=[byteLength=1, languageType=A, name=#A, nameLength=2, nameOffset=0]]
    AstNode [type=Simple, moduleId=1, location=AstNodeLocation [retracedOffset=26, retracedLength=4, assembledOffset=26, assembledLength=4, rootRelativeOffset=26, rootRelativeLength=4, rootRelativeStartLineNumber=2, rootRelativeEndLineNumber=2], inclusionLevel=-1, inclusionOrdinal=-1]
     AstNode [type=AlphaNumeric, moduleId=1, location=AstNodeLocation [retracedOffset=27, retracedLength=2, assembledOffset=27, assembledLength=2, rootRelativeOffset=27, rootRelativeLength=2, rootRelativeStartLineNumber=2, rootRelativeEndLineNumber=2], inclusionLevel=-1, inclusionOrdinal=-1]
    AstNode [type=NotInitialized, moduleId=1, location=AstNodeLocation [retracedOffset=-1, retracedLength=1, assembledOffset=-1, assembledLength=1, rootRelativeOffset=-1, rootRelativeLength=1, rootRelativeStartLineNumber=0, rootRelativeEndLineNumber=1], inclusionLevel=-1, inclusionOrdinal=-1]
   AstNode [type=Variable, moduleId=1, location=AstNodeLocation [retracedOffset=36, retracedLength=7, assembledOffset=36, assembledLength=7, rootRelativeOffset=36, rootRelativeLength=7, rootRelativeStartLineNumber=3, rootRelativeEndLineNumber=3], inclusionLevel=-1, inclusionOrdinal=-1, properties=[byteLength=2, languageType=A, name=#B, nameLength=2, nameOffset=0]]
    AstNode [type=Simple, moduleId=1, location=AstNodeLocation [retracedOffset=39, retracedLength=4, assembledOffset=39, assembledLength=4, rootRelativeOffset=39, rootRelativeLength=4, rootRelativeStartLineNumber=3, rootRelativeEndLineNumber=3], inclusionLevel=-1, inclusionOrdinal=-1]
     AstNode [type=AlphaNumeric, moduleId=1, location=AstNodeLocation [retracedOffset=40, retracedLength=2, assembledOffset=40, assembledLength=2, rootRelativeOffset=40, rootRelativeLength=2, rootRelativeStartLineNumber=3, rootRelativeEndLineNumber=3], inclusionLevel=-1, inclusionOrdinal=-1]
    AstNode [type=NotInitialized, moduleId=1, location=AstNodeLocation [retracedOffset=-1, retracedLength=1, assembledOffset=-1, assembledLength=1, rootRelativeOffset=-1, rootRelativeLength=1, rootRelativeStartLineNumber=0, rootRelativeEndLineNumber=1], inclusionLevel=-1, inclusionOrdinal=-1]
 AstNode [type=IfStmt, moduleId=1, location=AstNodeLocation [retracedOffset=59, retracedLength=170, assembledOffset=59, assembledLength=170, rootRelativeOffset=59, rootRelativeLength=170, rootRelativeStartLineNumber=6, rootRelativeEndLineNumber=14], inclusionLevel=-1, inclusionOrdinal=-1, properties=[conditionPaths=[[0]], LABEL_END_OFFSET=77, LABEL_START_OFFSET=59]]
  AstNode [type=Or, moduleId=1, location=AstNodeLocation [retracedOffset=62, retracedLength=16, assembledOffset=62, assembledLength=16, rootRelativeOffset=62, rootRelativeLength=16, rootRelativeStartLineNumber=6, rootRelativeEndLineNumber=6], inclusionLevel=-1, inclusionOrdinal=-1]
   AstNode [type=Equal, moduleId=1, location=AstNodeLocation [retracedOffset=62, retracedLength=6, assembledOffset=62, assembledLength=6, rootRelativeOffset=62, rootRelativeLength=6, rootRelativeStartLineNumber=6, rootRelativeEndLineNumber=6], inclusionLevel=-1, inclusionOrdinal=-1]
    AstNode [type=Ref, moduleId=1, location=AstNodeLocation [retracedOffset=62, retracedLength=2, assembledOffset=62, assembledLength=2, rootRelativeOffset=62, rootRelativeLength=2, rootRelativeStartLineNumber=6, rootRelativeEndLineNumber=6], inclusionLevel=-1, inclusionOrdinal=-1]
     AstNode [type=Var, moduleId=1, location=AstNodeLocation [retracedOffset=62, retracedLength=2, assembledOffset=62, assembledLength=2, rootRelativeOffset=62, rootRelativeLength=2, rootRelativeStartLineNumber=6, rootRelativeEndLineNumber=6], inclusionLevel=-1, inclusionOrdinal=-1, relations={ REFERS [to=Variable[#A (A1)]], BINDING [to=Variable[#A (A1)], label=definedBy] }, properties=[unresolvedFieldName=#A]]
    AstNode [type=IntegerConstant, moduleId=1, location=AstNodeLocation [retracedOffset=67, retracedLength=1, assembledOffset=67, assembledLength=1, rootRelativeOffset=67, rootRelativeLength=1, rootRelativeStartLineNumber=6, rootRelativeEndLineNumber=6], inclusionLevel=-1, inclusionOrdinal=-1]
   AstNode [type=Equal, moduleId=1, location=AstNodeLocation [retracedOffset=72, retracedLength=6, assembledOffset=72, assembledLength=6, rootRelativeOffset=72, rootRelativeLength=6, rootRelativeStartLineNumber=6, rootRelativeEndLineNumber=6], inclusionLevel=-1, inclusionOrdinal=-1]
    AstNode [type=Ref, moduleId=1, location=AstNodeLocation [retracedOffset=72, retracedLength=2, assembledOffset=72, assembledLength=2, rootRelativeOffset=72, rootRelativeLength=2, rootRelativeStartLineNumber=6, rootRelativeEndLineNumber=6], inclusionLevel=-1, inclusionOrdinal=-1]
     AstNode [type=Var, moduleId=1, location=AstNodeLocation [retracedOffset=72, retracedLength=2, assembledOffset=72, assembledLength=2, rootRelativeOffset=72, rootRelativeLength=2, rootRelativeStartLineNumber=6, rootRelativeEndLineNumber=6], inclusionLevel=-1, inclusionOrdinal=-1, relations={ REFERS [to=Variable[#B (A2)]], BINDING [to=Variable[#B (A2)], label=definedBy] }, properties=[unresolvedFieldName=#B]]
    AstNode [type=IntegerConstant, moduleId=1, location=AstNodeLocation [retracedOffset=77, retracedLength=1, assembledOffset=77, assembledLength=1, rootRelativeOffset=77, rootRelativeLength=1, rootRelativeStartLineNumber=6, rootRelativeEndLineNumber=6], inclusionLevel=-1, inclusionOrdinal=-1]
  AstNode [type=thenBranch, moduleId=1, location=AstNodeLocation [retracedOffset=-1, retracedLength=1, assembledOffset=-1, assembledLength=1, rootRelativeOffset=-1, rootRelativeLength=1, rootRelativeStartLineNumber=0, rootRelativeEndLineNumber=1], inclusionLevel=-1, inclusionOrdinal=-1]
   AstNode [type=DisplayStmt, moduleId=1, location=AstNodeLocation [retracedOffset=82, retracedLength=13, assembledOffset=82, assembledLength=13, rootRelativeOffset=82, rootRelativeLength=13, rootRelativeStartLineNumber=7, rootRelativeEndLineNumber=7], inclusionLevel=-1, inclusionOrdinal=-1, properties=[uiStmtType=DISPLAY]]
    AstNode [type=Line, moduleId=1, location=AstNodeLocation [retracedOffset=90, retracedLength=5, assembledOffset=90, assembledLength=5, rootRelativeOffset=90, rootRelativeLength=5, rootRelativeStartLineNumber=7, rootRelativeEndLineNumber=7], inclusionLevel=-1, inclusionOrdinal=-1]
     AstNode [type=InputText, moduleId=1, location=AstNodeLocation [retracedOffset=90, retracedLength=5, assembledOffset=90, assembledLength=5, rootRelativeOffset=90, rootRelativeLength=5, rootRelativeStartLineNumber=7, rootRelativeEndLineNumber=7], inclusionLevel=-1, inclusionOrdinal=-1]
      AstNode [type=StringConstant, moduleId=1, location=AstNodeLocation [retracedOffset=90, retracedLength=5, assembledOffset=90, assembledLength=5, rootRelativeOffset=90, rootRelativeLength=5, rootRelativeStartLineNumber=7, rootRelativeEndLineNumber=7], inclusionLevel=-1, inclusionOrdinal=-1]
   AstNode [type=IfStmt, moduleId=1, location=AstNodeLocation [retracedOffset=99, retracedLength=122, assembledOffset=99, assembledLength=122, rootRelativeOffset=99, rootRelativeLength=122, rootRelativeStartLineNumber=8, rootRelativeEndLineNumber=13], inclusionLevel=-1, inclusionOrdinal=-1, properties=[conditionPaths=[[0]], LABEL_END_OFFSET=117, LABEL_START_OFFSET=99]]
    AstNode [type=Or, moduleId=1, location=AstNodeLocation [retracedOffset=102, retracedLength=16, assembledOffset=102, assembledLength=16, rootRelativeOffset=102, rootRelativeLength=16, rootRelativeStartLineNumber=8, rootRelativeEndLineNumber=8], inclusionLevel=-1, inclusionOrdinal=-1]
     AstNode [type=Equal, moduleId=1, location=AstNodeLocation [retracedOffset=102, retracedLength=6, assembledOffset=102, assembledLength=6, rootRelativeOffset=102, rootRelativeLength=6, rootRelativeStartLineNumber=8, rootRelativeEndLineNumber=8], inclusionLevel=-1, inclusionOrdinal=-1]
      AstNode [type=Ref, moduleId=1, location=AstNodeLocation [retracedOffset=102, retracedLength=2, assembledOffset=102, assembledLength=2, rootRelativeOffset=102, rootRelativeLength=2, rootRelativeStartLineNumber=8, rootRelativeEndLineNumber=8], inclusionLevel=-1, inclusionOrdinal=-1]
       AstNode [type=Var, moduleId=1, location=AstNodeLocation [retracedOffset=102, retracedLength=2, assembledOffset=102, assembledLength=2, rootRelativeOffset=102, rootRelativeLength=2, rootRelativeStartLineNumber=8, rootRelativeEndLineNumber=8], inclusionLevel=-1, inclusionOrdinal=-1, relations={ REFERS [to=Variable[#A (A1)]], BINDING [to=Variable[#A (A1)], label=definedBy] }, properties=[unresolvedFieldName=#A]]
      AstNode [type=IntegerConstant, moduleId=1, location=AstNodeLocation [retracedOffset=107, retracedLength=1, assembledOffset=107, assembledLength=1, rootRelativeOffset=107, rootRelativeLength=1, rootRelativeStartLineNumber=8, rootRelativeEndLineNumber=8], inclusionLevel=-1, inclusionOrdinal=-1]
     AstNode [type=Equal, moduleId=1, location=AstNodeLocation [retracedOffset=112, retracedLength=6, assembledOffset=112, assembledLength=6, rootRelativeOffset=112, rootRelativeLength=6, rootRelativeStartLineNumber=8, rootRelativeEndLineNumber=8], inclusionLevel=-1, inclusionOrdinal=-1]
      AstNode [type=Ref, moduleId=1, location=AstNodeLocation [retracedOffset=112, retracedLength=2, assembledOffset=112, assembledLength=2, rootRelativeOffset=112, rootRelativeLength=2, rootRelativeStartLineNumber=8, rootRelativeEndLineNumber=8], inclusionLevel=-1, inclusionOrdinal=-1]
       AstNode [type=Var, moduleId=1, location=AstNodeLocation [retracedOffset=112, retracedLength=2, assembledOffset=112, assembledLength=2, rootRelativeOffset=112, rootRelativeLength=2, rootRelativeStartLineNumber=8, rootRelativeEndLineNumber=8], inclusionLevel=-1, inclusionOrdinal=-1, relations={ REFERS [to=Variable[#B (A2)]], BINDING [to=Variable[#B (A2)], label=definedBy] }, properties=[unresolvedFieldName=#B]]
      AstNode [type=IntegerConstant, moduleId=1, location=AstNodeLocation [retracedOffset=117, retracedLength=1, assembledOffset=117, assembledLength=1, rootRelativeOffset=117, rootRelativeLength=1, rootRelativeStartLineNumber=8, rootRelativeEndLineNumber=8], inclusionLevel=-1, inclusionOrdinal=-1]
    AstNode [type=thenBranch, moduleId=1, location=AstNodeLocation [retracedOffset=-1, retracedLength=1, assembledOffset=-1, assembledLength=1, rootRelativeOffset=-1, rootRelativeLength=1, rootRelativeStartLineNumber=0, rootRelativeEndLineNumber=1], inclusionLevel=-1, inclusionOrdinal=-1]
     AstNode [type=DisplayStmt, moduleId=1, location=AstNodeLocation [retracedOffset=124, retracedLength=20, assembledOffset=124, assembledLength=20, rootRelativeOffset=124, rootRelativeLength=20, rootRelativeStartLineNumber=9, rootRelativeEndLineNumber=9], inclusionLevel=-1, inclusionOrdinal=-1, properties=[uiStmtType=DISPLAY]]
      AstNode [type=Line, moduleId=1, location=AstNodeLocation [retracedOffset=132, retracedLength=12, assembledOffset=132, assembledLength=12, rootRelativeOffset=132, rootRelativeLength=12, rootRelativeStartLineNumber=9, rootRelativeEndLineNumber=9], inclusionLevel=-1, inclusionOrdinal=-1]
       AstNode [type=InputText, moduleId=1, location=AstNodeLocation [retracedOffset=132, retracedLength=12, assembledOffset=132, assembledLength=12, rootRelativeOffset=132, rootRelativeLength=12, rootRelativeStartLineNumber=9, rootRelativeEndLineNumber=9], inclusionLevel=-1, inclusionOrdinal=-1]
        AstNode [type=StringConstant, moduleId=1, location=AstNodeLocation [retracedOffset=132, retracedLength=12, assembledOffset=132, assembledLength=12, rootRelativeOffset=132, rootRelativeLength=12, rootRelativeStartLineNumber=9, rootRelativeEndLineNumber=9], inclusionLevel=-1, inclusionOrdinal=-1]
     AstNode [type=IfStmt, moduleId=1, location=AstNodeLocation [retracedOffset=150, retracedLength=61, assembledOffset=150, assembledLength=61, rootRelativeOffset=150, rootRelativeLength=61, rootRelativeStartLineNumber=10, rootRelativeEndLineNumber=12], inclusionLevel=-1, inclusionOrdinal=-1, properties=[conditionPaths=[[0]], LABEL_END_OFFSET=168, LABEL_START_OFFSET=150]]
      AstNode [type=Or, moduleId=1, location=AstNodeLocation [retracedOffset=153, retracedLength=16, assembledOffset=153, assembledLength=16, rootRelativeOffset=153, rootRelativeLength=16, rootRelativeStartLineNumber=10, rootRelativeEndLineNumber=10], inclusionLevel=-1, inclusionOrdinal=-1]
       AstNode [type=Equal, moduleId=1, location=AstNodeLocation [retracedOffset=153, retracedLength=6, assembledOffset=153, assembledLength=6, rootRelativeOffset=153, rootRelativeLength=6, rootRelativeStartLineNumber=10, rootRelativeEndLineNumber=10], inclusionLevel=-1, inclusionOrdinal=-1]
        AstNode [type=Ref, moduleId=1, location=AstNodeLocation [retracedOffset=153, retracedLength=2, assembledOffset=153, assembledLength=2, rootRelativeOffset=153, rootRelativeLength=2, rootRelativeStartLineNumber=10, rootRelativeEndLineNumber=10], inclusionLevel=-1, inclusionOrdinal=-1]
         AstNode [type=Var, moduleId=1, location=AstNodeLocation [retracedOffset=153, retracedLength=2, assembledOffset=153, assembledLength=2, rootRelativeOffset=153, rootRelativeLength=2, rootRelativeStartLineNumber=10, rootRelativeEndLineNumber=10], inclusionLevel=-1, inclusionOrdinal=-1, relations={ REFERS [to=Variable[#A (A1)]], BINDING [to=Variable[#A (A1)], label=definedBy] }, properties=[unresolvedFieldName=#A]]
        AstNode [type=IntegerConstant, moduleId=1, location=AstNodeLocation [retracedOffset=158, retracedLength=1, assembledOffset=158, assembledLength=1, rootRelativeOffset=158, rootRelativeLength=1, rootRelativeStartLineNumber=10, rootRelativeEndLineNumber=10], inclusionLevel=-1, inclusionOrdinal=-1]
       AstNode [type=Equal, moduleId=1, location=AstNodeLocation [retracedOffset=163, retracedLength=6, assembledOffset=163, assembledLength=6, rootRelativeOffset=163, rootRelativeLength=6, rootRelativeStartLineNumber=10, rootRelativeEndLineNumber=10], inclusionLevel=-1, inclusionOrdinal=-1]
        AstNode [type=Ref, moduleId=1, location=AstNodeLocation [retracedOffset=163, retracedLength=2, assembledOffset=163, assembledLength=2, rootRelativeOffset=163, rootRelativeLength=2, rootRelativeStartLineNumber=10, rootRelativeEndLineNumber=10], inclusionLevel=-1, inclusionOrdinal=-1]
         AstNode [type=Var, moduleId=1, location=AstNodeLocation [retracedOffset=163, retracedLength=2, assembledOffset=163, assembledLength=2, rootRelativeOffset=163, rootRelativeLength=2, rootRelativeStartLineNumber=10, rootRelativeEndLineNumber=10], inclusionLevel=-1, inclusionOrdinal=-1, relations={ REFERS [to=Variable[#B (A2)]], BINDING [to=Variable[#B (A2)], label=definedBy] }, properties=[unresolvedFieldName=#B]]
        AstNode [type=IntegerConstant, moduleId=1, location=AstNodeLocation [retracedOffset=168, retracedLength=1, assembledOffset=168, assembledLength=1, rootRelativeOffset=168, rootRelativeLength=1, rootRelativeStartLineNumber=10, rootRelativeEndLineNumber=10], inclusionLevel=-1, inclusionOrdinal=-1]
      AstNode [type=thenBranch, moduleId=1, location=AstNodeLocation [retracedOffset=-1, retracedLength=1, assembledOffset=-1, assembledLength=1, rootRelativeOffset=-1, rootRelativeLength=1, rootRelativeStartLineNumber=0, rootRelativeEndLineNumber=1], inclusionLevel=-1, inclusionOrdinal=-1]
       AstNode [type=DisplayStmt, moduleId=1, location=AstNodeLocation [retracedOffset=177, retracedLength=22, assembledOffset=177, assembledLength=22, rootRelativeOffset=177, rootRelativeLength=22, rootRelativeStartLineNumber=11, rootRelativeEndLineNumber=11], inclusionLevel=-1, inclusionOrdinal=-1, properties=[uiStmtType=DISPLAY]]
        AstNode [type=Line, moduleId=1, location=AstNodeLocation [retracedOffset=185, retracedLength=14, assembledOffset=185, assembledLength=14, rootRelativeOffset=185, rootRelativeLength=14, rootRelativeStartLineNumber=11, rootRelativeEndLineNumber=11], inclusionLevel=-1, inclusionOrdinal=-1]
         AstNode [type=InputText, moduleId=1, location=AstNodeLocation [retracedOffset=185, retracedLength=14, assembledOffset=185, assembledLength=14, rootRelativeOffset=185, rootRelativeLength=14, rootRelativeStartLineNumber=11, rootRelativeEndLineNumber=11], inclusionLevel=-1, inclusionOrdinal=-1]
          AstNode [type=StringConstant, moduleId=1, location=AstNodeLocation [retracedOffset=185, retracedLength=14, assembledOffset=185, assembledLength=14, rootRelativeOffset=185, rootRelativeLength=14, rootRelativeStartLineNumber=11, rootRelativeEndLineNumber=11], inclusionLevel=-1, inclusionOrdinal=-1]
      AstNode [type=elseBranch, moduleId=1, location=AstNodeLocation [retracedOffset=-1, retracedLength=1, assembledOffset=-1, assembledLength=1, rootRelativeOffset=-1, rootRelativeLength=1, rootRelativeStartLineNumber=0, rootRelativeEndLineNumber=1], inclusionLevel=-1, inclusionOrdinal=-1]
    AstNode [type=elseBranch, moduleId=1, location=AstNodeLocation [retracedOffset=-1, retracedLength=1, assembledOffset=-1, assembledLength=1, rootRelativeOffset=-1, rootRelativeLength=1, rootRelativeStartLineNumber=0, rootRelativeEndLineNumber=1], inclusionLevel=-1, inclusionOrdinal=-1]
  AstNode [type=elseBranch, moduleId=1, location=AstNodeLocation [retracedOffset=-1, retracedLength=1, assembledOffset=-1, assembledLength=1, rootRelativeOffset=-1, rootRelativeLength=1, rootRelativeStartLineNumber=0, rootRelativeEndLineNumber=1], inclusionLevel=-1, inclusionOrdinal=-1]
 AstNode [type=IfSelectionStmt, moduleId=1, location=AstNodeLocation [retracedOffset=233, retracedLength=202, assembledOffset=233, assembledLength=202, rootRelativeOffset=233, rootRelativeLength=202, rootRelativeStartLineNumber=16, rootRelativeEndLineNumber=24], inclusionLevel=-1, inclusionOrdinal=-1, properties=[conditionPaths=[[0],[1]], LABEL_END_OFFSET=261, LABEL_START_OFFSET=233]]
  AstNode [type=Var, moduleId=1, location=AstNodeLocation [retracedOffset=257, retracedLength=2, assembledOffset=257, assembledLength=2, rootRelativeOffset=257, rootRelativeLength=2, rootRelativeStartLineNumber=16, rootRelativeEndLineNumber=16], inclusionLevel=-1, inclusionOrdinal=-1, relations={ REFERS [to=Variable[#A (A1)]], BINDING [to=Variable[#A (A1)], label=definedBy] }, properties=[unresolvedFieldName=#A]]
  AstNode [type=Var, moduleId=1, location=AstNodeLocation [retracedOffset=260, retracedLength=2, assembledOffset=260, assembledLength=2, rootRelativeOffset=260, rootRelativeLength=2, rootRelativeStartLineNumber=16, rootRelativeEndLineNumber=16], inclusionLevel=-1, inclusionOrdinal=-1, relations={ REFERS [to=Variable[#B (A2)]], BINDING [to=Variable[#B (A2)], label=definedBy] }, properties=[unresolvedFieldName=#B]]
  AstNode [type=thenBranch, moduleId=1, location=AstNodeLocation [retracedOffset=-1, retracedLength=1, assembledOffset=-1, assembledLength=1, rootRelativeOffset=-1, rootRelativeLength=1, rootRelativeStartLineNumber=0, rootRelativeEndLineNumber=1], inclusionLevel=-1, inclusionOrdinal=-1]
   AstNode [type=IfSelectionStmt, moduleId=1, location=AstNodeLocation [retracedOffset=266, retracedLength=144, assembledOffset=266, assembledLength=144, rootRelativeOffset=266, rootRelativeLength=144, rootRelativeStartLineNumber=17, rootRelativeEndLineNumber=22], inclusionLevel=-1, inclusionOrdinal=-1, properties=[conditionPaths=[[0],[1]], LABEL_END_OFFSET=294, LABEL_START_OFFSET=266]]
    AstNode [type=Var, moduleId=1, location=AstNodeLocation [retracedOffset=290, retracedLength=2, assembledOffset=290, assembledLength=2, rootRelativeOffset=290, rootRelativeLength=2, rootRelativeStartLineNumber=17, rootRelativeEndLineNumber=17], inclusionLevel=-1, inclusionOrdinal=-1, relations={ REFERS [to=Variable[#A (A1)]], BINDING [to=Variable[#A (A1)], label=definedBy] }, properties=[unresolvedFieldName=#A]]
    AstNode [type=Var, moduleId=1, location=AstNodeLocation [retracedOffset=293, retracedLength=2, assembledOffset=293, assembledLength=2, rootRelativeOffset=293, rootRelativeLength=2, rootRelativeStartLineNumber=17, rootRelativeEndLineNumber=17], inclusionLevel=-1, inclusionOrdinal=-1, relations={ REFERS [to=Variable[#B (A2)]], BINDING [to=Variable[#B (A2)], label=definedBy] }, properties=[unresolvedFieldName=#B]]
    AstNode [type=thenBranch, moduleId=1, location=AstNodeLocation [retracedOffset=-1, retracedLength=1, assembledOffset=-1, assembledLength=1, rootRelativeOffset=-1, rootRelativeLength=1, rootRelativeStartLineNumber=0, rootRelativeEndLineNumber=1], inclusionLevel=-1, inclusionOrdinal=-1]
     AstNode [type=IfSelectionStmt, moduleId=1, location=AstNodeLocation [retracedOffset=301, retracedLength=71, assembledOffset=301, assembledLength=71, rootRelativeOffset=301, rootRelativeLength=71, rootRelativeStartLineNumber=18, rootRelativeEndLineNumber=20], inclusionLevel=-1, inclusionOrdinal=-1, properties=[conditionPaths=[[0],[1]], LABEL_END_OFFSET=329, LABEL_START_OFFSET=301]]
      AstNode [type=Var, moduleId=1, location=AstNodeLocation [retracedOffset=325, retracedLength=2, assembledOffset=325, assembledLength=2, rootRelativeOffset=325, rootRelativeLength=2, rootRelativeStartLineNumber=18, rootRelativeEndLineNumber=18], inclusionLevel=-1, inclusionOrdinal=-1, relations={ REFERS [to=Variable[#A (A1)]], BINDING [to=Variable[#A (A1)], label=definedBy] }, properties=[unresolvedFieldName=#A]]
      AstNode [type=Var, moduleId=1, location=AstNodeLocation [retracedOffset=328, retracedLength=2, assembledOffset=328, assembledLength=2, rootRelativeOffset=328, rootRelativeLength=2, rootRelativeStartLineNumber=18, rootRelativeEndLineNumber=18], inclusionLevel=-1, inclusionOrdinal=-1, relations={ REFERS [to=Variable[#B (A2)]], BINDING [to=Variable[#B (A2)], label=definedBy] }, properties=[unresolvedFieldName=#B]]
      AstNode [type=thenBranch, moduleId=1, location=AstNodeLocation [retracedOffset=-1, retracedLength=1, assembledOffset=-1, assembledLength=1, rootRelativeOffset=-1, rootRelativeLength=1, rootRelativeStartLineNumber=0, rootRelativeEndLineNumber=1], inclusionLevel=-1, inclusionOrdinal=-1]
       AstNode [type=ReinputStmt, moduleId=1, location=AstNodeLocation [retracedOffset=338, retracedLength=22, assembledOffset=338, assembledLength=22, rootRelativeOffset=338, rootRelativeLength=22, rootRelativeStartLineNumber=19, rootRelativeEndLineNumber=19], inclusionLevel=-1, inclusionOrdinal=-1]
        AstNode [type=WithText, moduleId=1, location=AstNodeLocation [retracedOffset=346, retracedLength=14, assembledOffset=346, assembledLength=14, rootRelativeOffset=346, rootRelativeLength=14, rootRelativeStartLineNumber=19, rootRelativeEndLineNumber=19], inclusionLevel=-1, inclusionOrdinal=-1]
         AstNode [type=StringConstant, moduleId=1, location=AstNodeLocation [retracedOffset=346, retracedLength=14, assembledOffset=346, assembledLength=14, rootRelativeOffset=346, rootRelativeLength=14, rootRelativeStartLineNumber=19, rootRelativeEndLineNumber=19], inclusionLevel=-1, inclusionOrdinal=-1]
        AstNode [type=NoMark, moduleId=1, location=AstNodeLocation [retracedOffset=-1, retracedLength=1, assembledOffset=-1, assembledLength=1, rootRelativeOffset=-1, rootRelativeLength=1, rootRelativeStartLineNumber=0, rootRelativeEndLineNumber=1], inclusionLevel=-1, inclusionOrdinal=-1]
      AstNode [type=elseBranch, moduleId=1, location=AstNodeLocation [retracedOffset=-1, retracedLength=1, assembledOffset=-1, assembledLength=1, rootRelativeOffset=-1, rootRelativeLength=1, rootRelativeStartLineNumber=0, rootRelativeEndLineNumber=1], inclusionLevel=-1, inclusionOrdinal=-1]
     AstNode [type=ReinputStmt, moduleId=1, location=AstNodeLocation [retracedOffset=378, retracedLength=22, assembledOffset=378, assembledLength=22, rootRelativeOffset=378, rootRelativeLength=22, rootRelativeStartLineNumber=21, rootRelativeEndLineNumber=21], inclusionLevel=-1, inclusionOrdinal=-1]
      AstNode [type=WithText, moduleId=1, location=AstNodeLocation [retracedOffset=386, retracedLength=14, assembledOffset=386, assembledLength=14, rootRelativeOffset=386, rootRelativeLength=14, rootRelativeStartLineNumber=21, rootRelativeEndLineNumber=21], inclusionLevel=-1, inclusionOrdinal=-1]
       AstNode [type=StringConstant, moduleId=1, location=AstNodeLocation [retracedOffset=386, retracedLength=14, assembledOffset=386, assembledLength=14, rootRelativeOffset=386, rootRelativeLength=14, rootRelativeStartLineNumber=21, rootRelativeEndLineNumber=21], inclusionLevel=-1, inclusionOrdinal=-1]
      AstNode [type=NoMark, moduleId=1, location=AstNodeLocation [retracedOffset=-1, retracedLength=1, assembledOffset=-1, assembledLength=1, rootRelativeOffset=-1, rootRelativeLength=1, rootRelativeStartLineNumber=0, rootRelativeEndLineNumber=1], inclusionLevel=-1, inclusionOrdinal=-1]
    AstNode [type=elseBranch, moduleId=1, location=AstNodeLocation [retracedOffset=-1, retracedLength=1, assembledOffset=-1, assembledLength=1, rootRelativeOffset=-1, rootRelativeLength=1, rootRelativeStartLineNumber=0, rootRelativeEndLineNumber=1], inclusionLevel=-1, inclusionOrdinal=-1]
   AstNode [type=ReinputStmt, moduleId=1, location=AstNodeLocation [retracedOffset=414, retracedLength=13, assembledOffset=414, assembledLength=13, rootRelativeOffset=414, rootRelativeLength=13, rootRelativeStartLineNumber=23, rootRelativeEndLineNumber=23], inclusionLevel=-1, inclusionOrdinal=-1]
    AstNode [type=WithText, moduleId=1, location=AstNodeLocation [retracedOffset=422, retracedLength=5, assembledOffset=422, assembledLength=5, rootRelativeOffset=422, rootRelativeLength=5, rootRelativeStartLineNumber=23, rootRelativeEndLineNumber=23], inclusionLevel=-1, inclusionOrdinal=-1]
     AstNode [type=StringConstant, moduleId=1, location=AstNodeLocation [retracedOffset=422, retracedLength=5, assembledOffset=422, assembledLength=5, rootRelativeOffset=422, rootRelativeLength=5, rootRelativeStartLineNumber=23, rootRelativeEndLineNumber=23], inclusionLevel=-1, inclusionOrdinal=-1]
    AstNode [type=NoMark, moduleId=1, location=AstNodeLocation [retracedOffset=-1, retracedLength=1, assembledOffset=-1, assembledLength=1, rootRelativeOffset=-1, rootRelativeLength=1, rootRelativeStartLineNumber=0, rootRelativeEndLineNumber=1], inclusionLevel=-1, inclusionOrdinal=-1]
  AstNode [type=elseBranch, moduleId=1, location=AstNodeLocation [retracedOffset=-1, retracedLength=1, assembledOffset=-1, assembledLength=1, rootRelativeOffset=-1, rootRelativeLength=1, rootRelativeStartLineNumber=0, rootRelativeEndLineNumber=1], inclusionLevel=-1, inclusionOrdinal=-1]
 AstNode [type=EndStmt, moduleId=1, location=AstNodeLocation [retracedOffset=439, retracedLength=3, assembledOffset=439, assembledLength=3, rootRelativeOffset=439, rootRelativeLength=3, rootRelativeStartLineNumber=26, rootRelativeEndLineNumber=26], inclusionLevel=-1, inclusionOrdinal=-1]
