 #2 DefineDataStmt
 #77 AssignStmt, FROM={TestEntryPoint}, TO={#83}
 #83 FindStmt, Label: FIND MY-VIEW WITH SA-1 = #KEY-FROM THRU #KEY-TO, FROM={#157, #77}, TO={#161(LOOP END), #92(LOOP BODY)}
  #92 WRITE NOTITLE NOHDR 'loop 1', FROM={#83(LOOP BODY)}, TO={#97}
  #96 Labeled
   #97 FindStmt, Label: FIND MY-VIEW WITH SA-1 = #KEY-FROM THRU #KEY-TO, FROM={#153, #92}, TO={#106(LOOP BODY), #157(LOOP END)}
    #106 WRITE NOTITLE NOHDR 'loop 2', FROM={#97(LOOP BODY)}, TO={#111}
    #110 Labeled
     #111 FindStmt, Label: FIND MY-VIEW WITH SA-1 = #KEY-FROM THRU #KEY-TO, FROM={#106, #149}, TO={#120(LOOP BODY), #153(LOOP END)}
      #120 WRITE NOTITLE NOHDR 'loop 3', FROM={#111(LOOP BODY)}, TO={#124}
      #124 FindStmt, Label: FIND MY-VIEW WITH SA-1 = #KEY-FROM THRU #KEY-TO, FROM={#120, #145}, TO={#133(LOOP BODY), #149(LOOP END)}
       #133 WRITE NOTITLE NOHDR 'loop 4', FROM={#124(LOOP BODY)}, TO={#137}
       #137 IfStmt, Label: IF TRUE EQ FALSE, FROM={#133}, TO={#142(TRUE), #145(FALSE)}
         #142 EscapeStmt, FROM={#137(TRUE)}, TO={#157}
       #145 WRITE NOTITLE NOHDR 'end loop 4', FROM={#137(FALSE)}, TO={#124}
      #149 WRITE NOTITLE NOHDR 'end loop 3', FROM={#124(LOOP END)}, TO={#111}
    #153 WRITE NOTITLE NOHDR 'end loop 2', FROM={#111(LOOP END)}, TO={#97}
  #157 WRITE NOTITLE NOHDR 'end loop 1', FROM={#142, #97(LOOP END)}, TO={#83}
 #161 WRITE NOTITLE NOHDR 'END', FROM={#83(LOOP END)}, TO={#165}
 #165 EndStmt, FROM={#161}, TO={TestReturnPoint}
