 #2 DefineDataStmt
 #7 ReadWithoutDescriptorStmt, Label: READ (30) VEHIC-VIEW, FROM={TestEntryPoint}, TO={#12(LOOP END)}
  #11 EndAllMarkStmt
 #12 SortStmt, FROM={#17, #7(LOOP END)}, TO={#17(LOOP BODY), #24(LOOP END)}
  #17 WRITE NOTITLE NOHDR MAKE YEAR, FROM={#12(LOOP BODY)}, TO={#12}
 #24 EndStmt, FROM={#12(LOOP END)}, TO={TestReturnPoint}
