 #2 ProcedureBlock, FROM={TestEntryPoint}, TO={#6}
  #6 ProcedureStatement, FROM={#2}, TO={#9}
  #9 GetStatement, FROM={#6}, TO={#47}
  #41 AssignmentStatement, FROM={#142}, TO={#67}
    #47 FunctionReference, FROM={#9}, TO={#82(CALL)}
  #67 PutStatement, FROM={#41}, TO={#146}
  #82 ProcedureBlock, FROM={#47(CALL)}, TO={#86}
   #86 ProcedureStatement, FROM={#82}, TO={#114}
   #114 DeclareStatement, FROM={#86}, TO={#142}
   #142 EndStatement, FROM={#114}, TO={#41}
  #146 EndStatement, FROM={#67}, TO={TestReturnPoint}
