 #2 ProcedureBlock, FROM={TestEntryPoint}, TO={#6}
  #6 ProcedureStatement, FROM={#2}, TO={#9}
  #9 GetStatement, FROM={#6}, TO={#48}
  #41 AssignmentStatement, FROM={#181}, TO={#106}
     #48 FunctionReference, FROM={#9}, TO={#121(CALL)}
     #70 FunctionReference, FROM={#181}, TO={#121(CALL)}
        #85 FunctionReference, FROM={#181}, TO={#121(CALL)}
  #106 PutStatement, FROM={#41}, TO={#185}
  #121 ProcedureBlock, FROM={#48(CALL), #70(CALL), #85(CALL)}, TO={#125}
   #125 ProcedureStatement, FROM={#121}, TO={#153}
   #153 DeclareStatement, FROM={#125}, TO={#181}
   #181 EndStatement, FROM={#153}, TO={#41, #70, #85}
  #185 EndStatement, FROM={#106}, TO={TestReturnPoint}
