AstNode [type=ImpProgramObjectImpl, moduleId=1, location=AstNodeLocation [retracedOffset=0, retracedLength=788, assembledOffset=0, assembledLength=788, rootRelativeOffset=0, rootRelativeLength=788, rootRelativeStartLineNumber=1, rootRelativeEndLineNumber=47], inclusionLevel=-1, inclusionOrdinal=-1, hasAstModuleId=1]
 AstNode [type=DefineDataStmt, moduleId=1, location=AstNodeLocation [retracedOffset=0, retracedLength=60, assembledOffset=0, assembledLength=60, rootRelativeOffset=0, rootRelativeLength=60, rootRelativeStartLineNumber=1, rootRelativeEndLineNumber=5], inclusionLevel=-1, inclusionOrdinal=-1]
  AstNode [type=NaturalDataAreaNode, moduleId=1, location=AstNodeLocation [retracedOffset=13, retracedLength=35, assembledOffset=13, assembledLength=35, rootRelativeOffset=13, rootRelativeLength=35, rootRelativeStartLineNumber=2, rootRelativeEndLineNumber=4], inclusionLevel=-1, inclusionOrdinal=-1, properties=[dataAreaType=LOCAL]]
   AstNode [type=Variable, moduleId=1, location=AstNodeLocation [retracedOffset=22, retracedLength=10, assembledOffset=22, assembledLength=10, rootRelativeOffset=22, rootRelativeLength=10, rootRelativeStartLineNumber=3, rootRelativeEndLineNumber=3], inclusionLevel=-1, inclusionOrdinal=-1, properties=[byteLength=10, languageType=A, name=#FLD, nameLength=4, nameOffset=0]]
    AstNode [type=Simple, moduleId=1, location=AstNodeLocation [retracedOffset=27, retracedLength=5, assembledOffset=27, assembledLength=5, rootRelativeOffset=27, rootRelativeLength=5, rootRelativeStartLineNumber=3, rootRelativeEndLineNumber=3], inclusionLevel=-1, inclusionOrdinal=-1]
     AstNode [type=AlphaNumeric, moduleId=1, location=AstNodeLocation [retracedOffset=28, retracedLength=3, assembledOffset=28, assembledLength=3, rootRelativeOffset=28, rootRelativeLength=3, rootRelativeStartLineNumber=3, rootRelativeEndLineNumber=3], inclusionLevel=-1, inclusionOrdinal=-1]
    AstNode [type=NotInitialized, moduleId=1, location=AstNodeLocation [retracedOffset=-1, retracedLength=1, assembledOffset=-1, assembledLength=1, rootRelativeOffset=-1, rootRelativeLength=1, rootRelativeStartLineNumber=0, rootRelativeEndLineNumber=1], inclusionLevel=-1, inclusionOrdinal=-1]
   AstNode [type=Variable, moduleId=1, location=AstNodeLocation [retracedOffset=36, retracedLength=12, assembledOffset=36, assembledLength=12, rootRelativeOffset=36, rootRelativeLength=12, rootRelativeStartLineNumber=4, rootRelativeEndLineNumber=4], inclusionLevel=-1, inclusionOrdinal=-1, properties=[byteLength=4, languageType=I, name=#CURSOR, nameLength=7, nameOffset=0]]
    AstNode [type=Simple, moduleId=1, location=AstNodeLocation [retracedOffset=44, retracedLength=4, assembledOffset=44, assembledLength=4, rootRelativeOffset=44, rootRelativeLength=4, rootRelativeStartLineNumber=4, rootRelativeEndLineNumber=4], inclusionLevel=-1, inclusionOrdinal=-1]
     AstNode [type=Integer, moduleId=1, location=AstNodeLocation [retracedOffset=45, retracedLength=2, assembledOffset=45, assembledLength=2, rootRelativeOffset=45, rootRelativeLength=2, rootRelativeStartLineNumber=4, rootRelativeEndLineNumber=4], inclusionLevel=-1, inclusionOrdinal=-1]
    AstNode [type=NotInitialized, moduleId=1, location=AstNodeLocation [retracedOffset=-1, retracedLength=1, assembledOffset=-1, assembledLength=1, rootRelativeOffset=-1, rootRelativeLength=1, rootRelativeStartLineNumber=0, rootRelativeEndLineNumber=1], inclusionLevel=-1, inclusionOrdinal=-1]
 AstNode [type=FormatStmt, moduleId=1, location=AstNodeLocation [retracedOffset=64, retracedLength=13, assembledOffset=64, assembledLength=13, rootRelativeOffset=64, rootRelativeLength=13, rootRelativeStartLineNumber=7, rootRelativeEndLineNumber=7], inclusionLevel=-1, inclusionOrdinal=-1, properties=[uiStmtType=FORMAT]]
  AstNode [type=Ps, moduleId=1, location=AstNodeLocation [retracedOffset=71, retracedLength=6, assembledOffset=71, assembledLength=6, rootRelativeOffset=71, rootRelativeLength=6, rootRelativeStartLineNumber=7, rootRelativeEndLineNumber=7], inclusionLevel=-1, inclusionOrdinal=-1]
   AstNode [type=IntegerConstant, moduleId=1, location=AstNodeLocation [retracedOffset=74, retracedLength=3, assembledOffset=74, assembledLength=3, rootRelativeOffset=74, rootRelativeLength=3, rootRelativeStartLineNumber=7, rootRelativeEndLineNumber=7], inclusionLevel=-1, inclusionOrdinal=-1]
 AstNode [type=FormatStmt, moduleId=1, location=AstNodeLocation [retracedOffset=79, retracedLength=17, assembledOffset=79, assembledLength=17, rootRelativeOffset=79, rootRelativeLength=17, rootRelativeStartLineNumber=8, rootRelativeEndLineNumber=8], inclusionLevel=-1, inclusionOrdinal=-1, properties=[uiStmtType=FORMAT]]
  AstNode [type=Ps, moduleId=1, location=AstNodeLocation [retracedOffset=90, retracedLength=6, assembledOffset=90, assembledLength=6, rootRelativeOffset=90, rootRelativeLength=6, rootRelativeStartLineNumber=8, rootRelativeEndLineNumber=8], inclusionLevel=-1, inclusionOrdinal=-1]
   AstNode [type=IntegerConstant, moduleId=1, location=AstNodeLocation [retracedOffset=93, retracedLength=3, assembledOffset=93, assembledLength=3, rootRelativeOffset=93, rootRelativeLength=3, rootRelativeStartLineNumber=8, rootRelativeEndLineNumber=8], inclusionLevel=-1, inclusionOrdinal=-1]
 AstNode [type=FormatStmt, moduleId=1, location=AstNodeLocation [retracedOffset=98, retracedLength=17, assembledOffset=98, assembledLength=17, rootRelativeOffset=98, rootRelativeLength=17, rootRelativeStartLineNumber=9, rootRelativeEndLineNumber=9], inclusionLevel=-1, inclusionOrdinal=-1]
  AstNode [type=Ps, moduleId=1, location=AstNodeLocation [retracedOffset=109, retracedLength=6, assembledOffset=109, assembledLength=6, rootRelativeOffset=109, rootRelativeLength=6, rootRelativeStartLineNumber=9, rootRelativeEndLineNumber=9], inclusionLevel=-1, inclusionOrdinal=-1]
   AstNode [type=IntegerConstant, moduleId=1, location=AstNodeLocation [retracedOffset=112, retracedLength=3, assembledOffset=112, assembledLength=3, rootRelativeOffset=112, rootRelativeLength=3, rootRelativeStartLineNumber=9, rootRelativeEndLineNumber=9], inclusionLevel=-1, inclusionOrdinal=-1]
 AstNode [type=WriteStmt, moduleId=1, location=AstNodeLocation [retracedOffset=119, retracedLength=23, assembledOffset=119, assembledLength=23, rootRelativeOffset=119, rootRelativeLength=23, rootRelativeStartLineNumber=11, rootRelativeEndLineNumber=11], inclusionLevel=-1, inclusionOrdinal=-1, properties=[uiStmtType=WRITE]]
  AstNode [type=Line, moduleId=1, location=AstNodeLocation [retracedOffset=125, retracedLength=17, assembledOffset=125, assembledLength=17, rootRelativeOffset=125, rootRelativeLength=17, rootRelativeStartLineNumber=11, rootRelativeEndLineNumber=11], inclusionLevel=-1, inclusionOrdinal=-1]
   AstNode [type=InputText, moduleId=1, location=AstNodeLocation [retracedOffset=125, retracedLength=17, assembledOffset=125, assembledLength=17, rootRelativeOffset=125, rootRelativeLength=17, rootRelativeStartLineNumber=11, rootRelativeEndLineNumber=11], inclusionLevel=-1, inclusionOrdinal=-1]
    AstNode [type=StringConstant, moduleId=1, location=AstNodeLocation [retracedOffset=125, retracedLength=17, assembledOffset=125, assembledLength=17, rootRelativeOffset=125, rootRelativeLength=17, rootRelativeStartLineNumber=11, rootRelativeEndLineNumber=11], inclusionLevel=-1, inclusionOrdinal=-1]
 AstNode [type=WriteStmt, moduleId=1, location=AstNodeLocation [retracedOffset=144, retracedLength=27, assembledOffset=144, assembledLength=27, rootRelativeOffset=144, rootRelativeLength=27, rootRelativeStartLineNumber=12, rootRelativeEndLineNumber=12], inclusionLevel=-1, inclusionOrdinal=-1, properties=[uiStmtType=WRITE]]
  AstNode [type=Line, moduleId=1, location=AstNodeLocation [retracedOffset=154, retracedLength=17, assembledOffset=154, assembledLength=17, rootRelativeOffset=154, rootRelativeLength=17, rootRelativeStartLineNumber=12, rootRelativeEndLineNumber=12], inclusionLevel=-1, inclusionOrdinal=-1]
   AstNode [type=InputText, moduleId=1, location=AstNodeLocation [retracedOffset=154, retracedLength=17, assembledOffset=154, assembledLength=17, rootRelativeOffset=154, rootRelativeLength=17, rootRelativeStartLineNumber=12, rootRelativeEndLineNumber=12], inclusionLevel=-1, inclusionOrdinal=-1]
    AstNode [type=StringConstant, moduleId=1, location=AstNodeLocation [retracedOffset=154, retracedLength=17, assembledOffset=154, assembledLength=17, rootRelativeOffset=154, rootRelativeLength=17, rootRelativeStartLineNumber=12, rootRelativeEndLineNumber=12], inclusionLevel=-1, inclusionOrdinal=-1]
 AstNode [type=WriteStmt, moduleId=1, location=AstNodeLocation [retracedOffset=173, retracedLength=34, assembledOffset=173, assembledLength=34, rootRelativeOffset=173, rootRelativeLength=34, rootRelativeStartLineNumber=13, rootRelativeEndLineNumber=13], inclusionLevel=-1, inclusionOrdinal=-1]
  AstNode [type=Line, moduleId=1, location=AstNodeLocation [retracedOffset=183, retracedLength=24, assembledOffset=183, assembledLength=24, rootRelativeOffset=183, rootRelativeLength=24, rootRelativeStartLineNumber=13, rootRelativeEndLineNumber=13], inclusionLevel=-1, inclusionOrdinal=-1]
   AstNode [type=InputText, moduleId=1, location=AstNodeLocation [retracedOffset=183, retracedLength=24, assembledOffset=183, assembledLength=24, rootRelativeOffset=183, rootRelativeLength=24, rootRelativeStartLineNumber=13, rootRelativeEndLineNumber=13], inclusionLevel=-1, inclusionOrdinal=-1]
    AstNode [type=StringConstant, moduleId=1, location=AstNodeLocation [retracedOffset=183, retracedLength=24, assembledOffset=183, assembledLength=24, rootRelativeOffset=183, rootRelativeLength=24, rootRelativeStartLineNumber=13, rootRelativeEndLineNumber=13], inclusionLevel=-1, inclusionOrdinal=-1]
 AstNode [type=PrintStmt, moduleId=1, location=AstNodeLocation [retracedOffset=211, retracedLength=23, assembledOffset=211, assembledLength=23, rootRelativeOffset=211, rootRelativeLength=23, rootRelativeStartLineNumber=15, rootRelativeEndLineNumber=15], inclusionLevel=-1, inclusionOrdinal=-1, properties=[uiStmtType=PRINT]]
  AstNode [type=Line, moduleId=1, location=AstNodeLocation [retracedOffset=217, retracedLength=17, assembledOffset=217, assembledLength=17, rootRelativeOffset=217, rootRelativeLength=17, rootRelativeStartLineNumber=15, rootRelativeEndLineNumber=15], inclusionLevel=-1, inclusionOrdinal=-1]
   AstNode [type=InputText, moduleId=1, location=AstNodeLocation [retracedOffset=217, retracedLength=17, assembledOffset=217, assembledLength=17, rootRelativeOffset=217, rootRelativeLength=17, rootRelativeStartLineNumber=15, rootRelativeEndLineNumber=15], inclusionLevel=-1, inclusionOrdinal=-1]
    AstNode [type=StringConstant, moduleId=1, location=AstNodeLocation [retracedOffset=217, retracedLength=17, assembledOffset=217, assembledLength=17, rootRelativeOffset=217, rootRelativeLength=17, rootRelativeStartLineNumber=15, rootRelativeEndLineNumber=15], inclusionLevel=-1, inclusionOrdinal=-1]
 AstNode [type=PrintStmt, moduleId=1, location=AstNodeLocation [retracedOffset=236, retracedLength=27, assembledOffset=236, assembledLength=27, rootRelativeOffset=236, rootRelativeLength=27, rootRelativeStartLineNumber=16, rootRelativeEndLineNumber=16], inclusionLevel=-1, inclusionOrdinal=-1, properties=[uiStmtType=PRINT]]
  AstNode [type=Line, moduleId=1, location=AstNodeLocation [retracedOffset=246, retracedLength=17, assembledOffset=246, assembledLength=17, rootRelativeOffset=246, rootRelativeLength=17, rootRelativeStartLineNumber=16, rootRelativeEndLineNumber=16], inclusionLevel=-1, inclusionOrdinal=-1]
   AstNode [type=InputText, moduleId=1, location=AstNodeLocation [retracedOffset=246, retracedLength=17, assembledOffset=246, assembledLength=17, rootRelativeOffset=246, rootRelativeLength=17, rootRelativeStartLineNumber=16, rootRelativeEndLineNumber=16], inclusionLevel=-1, inclusionOrdinal=-1]
    AstNode [type=StringConstant, moduleId=1, location=AstNodeLocation [retracedOffset=246, retracedLength=17, assembledOffset=246, assembledLength=17, rootRelativeOffset=246, rootRelativeLength=17, rootRelativeStartLineNumber=16, rootRelativeEndLineNumber=16], inclusionLevel=-1, inclusionOrdinal=-1]
 AstNode [type=PrintStmt, moduleId=1, location=AstNodeLocation [retracedOffset=265, retracedLength=34, assembledOffset=265, assembledLength=34, rootRelativeOffset=265, rootRelativeLength=34, rootRelativeStartLineNumber=17, rootRelativeEndLineNumber=17], inclusionLevel=-1, inclusionOrdinal=-1]
  AstNode [type=Line, moduleId=1, location=AstNodeLocation [retracedOffset=275, retracedLength=24, assembledOffset=275, assembledLength=24, rootRelativeOffset=275, rootRelativeLength=24, rootRelativeStartLineNumber=17, rootRelativeEndLineNumber=17], inclusionLevel=-1, inclusionOrdinal=-1]
   AstNode [type=InputText, moduleId=1, location=AstNodeLocation [retracedOffset=275, retracedLength=24, assembledOffset=275, assembledLength=24, rootRelativeOffset=275, rootRelativeLength=24, rootRelativeStartLineNumber=17, rootRelativeEndLineNumber=17], inclusionLevel=-1, inclusionOrdinal=-1]
    AstNode [type=StringConstant, moduleId=1, location=AstNodeLocation [retracedOffset=275, retracedLength=24, assembledOffset=275, assembledLength=24, rootRelativeOffset=275, rootRelativeLength=24, rootRelativeStartLineNumber=17, rootRelativeEndLineNumber=17], inclusionLevel=-1, inclusionOrdinal=-1]
 AstNode [type=DisplayStmt, moduleId=1, location=AstNodeLocation [retracedOffset=303, retracedLength=25, assembledOffset=303, assembledLength=25, rootRelativeOffset=303, rootRelativeLength=25, rootRelativeStartLineNumber=19, rootRelativeEndLineNumber=19], inclusionLevel=-1, inclusionOrdinal=-1, properties=[uiStmtType=DISPLAY]]
  AstNode [type=Line, moduleId=1, location=AstNodeLocation [retracedOffset=311, retracedLength=17, assembledOffset=311, assembledLength=17, rootRelativeOffset=311, rootRelativeLength=17, rootRelativeStartLineNumber=19, rootRelativeEndLineNumber=19], inclusionLevel=-1, inclusionOrdinal=-1]
   AstNode [type=InputText, moduleId=1, location=AstNodeLocation [retracedOffset=311, retracedLength=17, assembledOffset=311, assembledLength=17, rootRelativeOffset=311, rootRelativeLength=17, rootRelativeStartLineNumber=19, rootRelativeEndLineNumber=19], inclusionLevel=-1, inclusionOrdinal=-1]
    AstNode [type=StringConstant, moduleId=1, location=AstNodeLocation [retracedOffset=311, retracedLength=17, assembledOffset=311, assembledLength=17, rootRelativeOffset=311, rootRelativeLength=17, rootRelativeStartLineNumber=19, rootRelativeEndLineNumber=19], inclusionLevel=-1, inclusionOrdinal=-1]
 AstNode [type=DisplayStmt, moduleId=1, location=AstNodeLocation [retracedOffset=330, retracedLength=29, assembledOffset=330, assembledLength=29, rootRelativeOffset=330, rootRelativeLength=29, rootRelativeStartLineNumber=20, rootRelativeEndLineNumber=20], inclusionLevel=-1, inclusionOrdinal=-1, properties=[uiStmtType=DISPLAY]]
  AstNode [type=Line, moduleId=1, location=AstNodeLocation [retracedOffset=342, retracedLength=17, assembledOffset=342, assembledLength=17, rootRelativeOffset=342, rootRelativeLength=17, rootRelativeStartLineNumber=20, rootRelativeEndLineNumber=20], inclusionLevel=-1, inclusionOrdinal=-1]
   AstNode [type=InputText, moduleId=1, location=AstNodeLocation [retracedOffset=342, retracedLength=17, assembledOffset=342, assembledLength=17, rootRelativeOffset=342, rootRelativeLength=17, rootRelativeStartLineNumber=20, rootRelativeEndLineNumber=20], inclusionLevel=-1, inclusionOrdinal=-1]
    AstNode [type=StringConstant, moduleId=1, location=AstNodeLocation [retracedOffset=342, retracedLength=17, assembledOffset=342, assembledLength=17, rootRelativeOffset=342, rootRelativeLength=17, rootRelativeStartLineNumber=20, rootRelativeEndLineNumber=20], inclusionLevel=-1, inclusionOrdinal=-1]
 AstNode [type=DisplayStmt, moduleId=1, location=AstNodeLocation [retracedOffset=361, retracedLength=36, assembledOffset=361, assembledLength=36, rootRelativeOffset=361, rootRelativeLength=36, rootRelativeStartLineNumber=21, rootRelativeEndLineNumber=21], inclusionLevel=-1, inclusionOrdinal=-1]
  AstNode [type=Line, moduleId=1, location=AstNodeLocation [retracedOffset=373, retracedLength=24, assembledOffset=373, assembledLength=24, rootRelativeOffset=373, rootRelativeLength=24, rootRelativeStartLineNumber=21, rootRelativeEndLineNumber=21], inclusionLevel=-1, inclusionOrdinal=-1]
   AstNode [type=InputText, moduleId=1, location=AstNodeLocation [retracedOffset=373, retracedLength=24, assembledOffset=373, assembledLength=24, rootRelativeOffset=373, rootRelativeLength=24, rootRelativeStartLineNumber=21, rootRelativeEndLineNumber=21], inclusionLevel=-1, inclusionOrdinal=-1]
    AstNode [type=StringConstant, moduleId=1, location=AstNodeLocation [retracedOffset=373, retracedLength=24, assembledOffset=373, assembledLength=24, rootRelativeOffset=373, rootRelativeLength=24, rootRelativeStartLineNumber=21, rootRelativeEndLineNumber=21], inclusionLevel=-1, inclusionOrdinal=-1]
 AstNode [type=InputUsingMapStmt, moduleId=1, location=AstNodeLocation [retracedOffset=401, retracedLength=27, assembledOffset=401, assembledLength=27, rootRelativeOffset=401, rootRelativeLength=27, rootRelativeStartLineNumber=23, rootRelativeEndLineNumber=23], inclusionLevel=-1, inclusionOrdinal=-1, properties=[uiStmtType=INPUT_USING_MAP]]
  AstNode [type=NoText, moduleId=1, location=AstNodeLocation [retracedOffset=-1, retracedLength=1, assembledOffset=-1, assembledLength=1, rootRelativeOffset=-1, rootRelativeLength=1, rootRelativeStartLineNumber=0, rootRelativeEndLineNumber=1], inclusionLevel=-1, inclusionOrdinal=-1]
  AstNode [type=NoMark, moduleId=1, location=AstNodeLocation [retracedOffset=-1, retracedLength=1, assembledOffset=-1, assembledLength=1, rootRelativeOffset=-1, rootRelativeLength=1, rootRelativeStartLineNumber=0, rootRelativeEndLineNumber=1], inclusionLevel=-1, inclusionOrdinal=-1]
  AstNode [type=StringConstant, moduleId=1, location=AstNodeLocation [retracedOffset=417, retracedLength=11, assembledOffset=417, assembledLength=11, rootRelativeOffset=417, rootRelativeLength=11, rootRelativeStartLineNumber=23, rootRelativeEndLineNumber=23], inclusionLevel=-1, inclusionOrdinal=-1]
 AstNode [type=InputStmt, moduleId=1, location=AstNodeLocation [retracedOffset=430, retracedLength=10, assembledOffset=430, assembledLength=10, rootRelativeOffset=430, rootRelativeLength=10, rootRelativeStartLineNumber=24, rootRelativeEndLineNumber=24], inclusionLevel=-1, inclusionOrdinal=-1]
  AstNode [type=NoText, moduleId=1, location=AstNodeLocation [retracedOffset=-1, retracedLength=1, assembledOffset=-1, assembledLength=1, rootRelativeOffset=-1, rootRelativeLength=1, rootRelativeStartLineNumber=0, rootRelativeEndLineNumber=1], inclusionLevel=-1, inclusionOrdinal=-1]
  AstNode [type=NoMark, moduleId=1, location=AstNodeLocation [retracedOffset=-1, retracedLength=1, assembledOffset=-1, assembledLength=1, rootRelativeOffset=-1, rootRelativeLength=1, rootRelativeStartLineNumber=0, rootRelativeEndLineNumber=1], inclusionLevel=-1, inclusionOrdinal=-1]
  AstNode [type=Line, moduleId=1, location=AstNodeLocation [retracedOffset=436, retracedLength=4, assembledOffset=436, assembledLength=4, rootRelativeOffset=436, rootRelativeLength=4, rootRelativeStartLineNumber=24, rootRelativeEndLineNumber=24], inclusionLevel=-1, inclusionOrdinal=-1]
   AstNode [type=InputField, moduleId=1, location=AstNodeLocation [retracedOffset=436, retracedLength=4, assembledOffset=436, assembledLength=4, rootRelativeOffset=436, rootRelativeLength=4, rootRelativeStartLineNumber=24, rootRelativeEndLineNumber=24], inclusionLevel=-1, inclusionOrdinal=-1]
    AstNode [type=Var, moduleId=1, location=AstNodeLocation [retracedOffset=436, retracedLength=4, assembledOffset=436, assembledLength=4, rootRelativeOffset=436, rootRelativeLength=4, rootRelativeStartLineNumber=24, rootRelativeEndLineNumber=24], inclusionLevel=-1, inclusionOrdinal=-1, relations={ REFERS [to=Variable[#FLD (A10)]], BINDING [to=Variable[#FLD (A10)], label=definedBy] }, properties=[unresolvedFieldName=#FLD]]
 AstNode [type=InputStmt, moduleId=1, location=AstNodeLocation [retracedOffset=442, retracedLength=27, assembledOffset=442, assembledLength=27, rootRelativeOffset=442, rootRelativeLength=27, rootRelativeStartLineNumber=25, rootRelativeEndLineNumber=25], inclusionLevel=-1, inclusionOrdinal=-1, properties=[uiStmtType=INPUT]]
  AstNode [type=NoText, moduleId=1, location=AstNodeLocation [retracedOffset=-1, retracedLength=1, assembledOffset=-1, assembledLength=1, rootRelativeOffset=-1, rootRelativeLength=1, rootRelativeStartLineNumber=0, rootRelativeEndLineNumber=1], inclusionLevel=-1, inclusionOrdinal=-1]
  AstNode [type=NoMark, moduleId=1, location=AstNodeLocation [retracedOffset=-1, retracedLength=1, assembledOffset=-1, assembledLength=1, rootRelativeOffset=-1, rootRelativeLength=1, rootRelativeStartLineNumber=0, rootRelativeEndLineNumber=1], inclusionLevel=-1, inclusionOrdinal=-1]
  AstNode [type=Line, moduleId=1, location=AstNodeLocation [retracedOffset=448, retracedLength=16, assembledOffset=448, assembledLength=16, rootRelativeOffset=448, rootRelativeLength=16, rootRelativeStartLineNumber=25, rootRelativeEndLineNumber=25], inclusionLevel=-1, inclusionOrdinal=-1]
   AstNode [type=InputText, moduleId=1, location=AstNodeLocation [retracedOffset=448, retracedLength=16, assembledOffset=448, assembledLength=16, rootRelativeOffset=448, rootRelativeLength=16, rootRelativeStartLineNumber=25, rootRelativeEndLineNumber=25], inclusionLevel=-1, inclusionOrdinal=-1]
    AstNode [type=StringConstant, moduleId=1, location=AstNodeLocation [retracedOffset=448, retracedLength=16, assembledOffset=448, assembledLength=16, rootRelativeOffset=448, rootRelativeLength=16, rootRelativeStartLineNumber=25, rootRelativeEndLineNumber=25], inclusionLevel=-1, inclusionOrdinal=-1]
  AstNode [type=Line, moduleId=1, location=AstNodeLocation [retracedOffset=465, retracedLength=4, assembledOffset=465, assembledLength=4, rootRelativeOffset=465, rootRelativeLength=4, rootRelativeStartLineNumber=25, rootRelativeEndLineNumber=25], inclusionLevel=-1, inclusionOrdinal=-1]
   AstNode [type=InputField, moduleId=1, location=AstNodeLocation [retracedOffset=465, retracedLength=4, assembledOffset=465, assembledLength=4, rootRelativeOffset=465, rootRelativeLength=4, rootRelativeStartLineNumber=25, rootRelativeEndLineNumber=25], inclusionLevel=-1, inclusionOrdinal=-1]
    AstNode [type=Var, moduleId=1, location=AstNodeLocation [retracedOffset=465, retracedLength=4, assembledOffset=465, assembledLength=4, rootRelativeOffset=465, rootRelativeLength=4, rootRelativeStartLineNumber=25, rootRelativeEndLineNumber=25], inclusionLevel=-1, inclusionOrdinal=-1, relations={ REFERS [to=Variable[#FLD (A10)]], BINDING [to=Variable[#FLD (A10)], label=definedBy] }, properties=[unresolvedFieldName=#FLD]]
 AstNode [type=InputStmt, moduleId=1, location=AstNodeLocation [retracedOffset=471, retracedLength=40, assembledOffset=471, assembledLength=40, rootRelativeOffset=471, rootRelativeLength=40, rootRelativeStartLineNumber=26, rootRelativeEndLineNumber=26], inclusionLevel=-1, inclusionOrdinal=-1, properties=[uiStmtType=INPUT]]
  AstNode [type=StringConstant, moduleId=1, location=AstNodeLocation [retracedOffset=486, retracedLength=8, assembledOffset=486, assembledLength=8, rootRelativeOffset=486, rootRelativeLength=8, rootRelativeStartLineNumber=26, rootRelativeEndLineNumber=26], inclusionLevel=-1, inclusionOrdinal=-1]
  AstNode [type=NoText, moduleId=1, location=AstNodeLocation [retracedOffset=-1, retracedLength=1, assembledOffset=-1, assembledLength=1, rootRelativeOffset=-1, rootRelativeLength=1, rootRelativeStartLineNumber=0, rootRelativeEndLineNumber=1], inclusionLevel=-1, inclusionOrdinal=-1]
  AstNode [type=NoMark, moduleId=1, location=AstNodeLocation [retracedOffset=-1, retracedLength=1, assembledOffset=-1, assembledLength=1, rootRelativeOffset=-1, rootRelativeLength=1, rootRelativeStartLineNumber=0, rootRelativeEndLineNumber=1], inclusionLevel=-1, inclusionOrdinal=-1]
  AstNode [type=Line, moduleId=1, location=AstNodeLocation [retracedOffset=495, retracedLength=3, assembledOffset=495, assembledLength=3, rootRelativeOffset=495, rootRelativeLength=3, rootRelativeStartLineNumber=26, rootRelativeEndLineNumber=26], inclusionLevel=-1, inclusionOrdinal=-1]
   AstNode [type=InputText, moduleId=1, location=AstNodeLocation [retracedOffset=495, retracedLength=3, assembledOffset=495, assembledLength=3, rootRelativeOffset=495, rootRelativeLength=3, rootRelativeStartLineNumber=26, rootRelativeEndLineNumber=26], inclusionLevel=-1, inclusionOrdinal=-1]
    AstNode [type=StringConstant, moduleId=1, location=AstNodeLocation [retracedOffset=495, retracedLength=3, assembledOffset=495, assembledLength=3, rootRelativeOffset=495, rootRelativeLength=3, rootRelativeStartLineNumber=26, rootRelativeEndLineNumber=26], inclusionLevel=-1, inclusionOrdinal=-1]
  AstNode [type=Line, moduleId=1, location=AstNodeLocation [retracedOffset=499, retracedLength=12, assembledOffset=499, assembledLength=12, rootRelativeOffset=499, rootRelativeLength=12, rootRelativeStartLineNumber=26, rootRelativeEndLineNumber=26], inclusionLevel=-1, inclusionOrdinal=-1]
   AstNode [type=InputField, moduleId=1, location=AstNodeLocation [retracedOffset=499, retracedLength=4, assembledOffset=499, assembledLength=4, rootRelativeOffset=499, rootRelativeLength=4, rootRelativeStartLineNumber=26, rootRelativeEndLineNumber=26], inclusionLevel=-1, inclusionOrdinal=-1]
    AstNode [type=Var, moduleId=1, location=AstNodeLocation [retracedOffset=499, retracedLength=4, assembledOffset=499, assembledLength=4, rootRelativeOffset=499, rootRelativeLength=4, rootRelativeStartLineNumber=26, rootRelativeEndLineNumber=26], inclusionLevel=-1, inclusionOrdinal=-1, relations={ REFERS [to=Variable[#FLD (A10)]], BINDING [to=Variable[#FLD (A10)], label=definedBy] }, properties=[unresolvedFieldName=#FLD]]
   AstNode [type=Ad, moduleId=1, location=AstNodeLocation [retracedOffset=505, retracedLength=5, assembledOffset=505, assembledLength=5, rootRelativeOffset=505, rootRelativeLength=5, rootRelativeStartLineNumber=26, rootRelativeEndLineNumber=26], inclusionLevel=-1, inclusionOrdinal=-1]
 AstNode [type=InputStmt, moduleId=1, location=AstNodeLocation [retracedOffset=513, retracedLength=23, assembledOffset=513, assembledLength=23, rootRelativeOffset=513, rootRelativeLength=23, rootRelativeStartLineNumber=27, rootRelativeEndLineNumber=27], inclusionLevel=-1, inclusionOrdinal=-1, properties=[uiStmtType=INPUT]]
  AstNode [type=NoText, moduleId=1, location=AstNodeLocation [retracedOffset=-1, retracedLength=1, assembledOffset=-1, assembledLength=1, rootRelativeOffset=-1, rootRelativeLength=1, rootRelativeStartLineNumber=0, rootRelativeEndLineNumber=1], inclusionLevel=-1, inclusionOrdinal=-1]
  AstNode [type=MarkByFieldName, moduleId=1, location=AstNodeLocation [retracedOffset=519, retracedLength=12, assembledOffset=519, assembledLength=12, rootRelativeOffset=519, rootRelativeLength=12, rootRelativeStartLineNumber=27, rootRelativeEndLineNumber=27], inclusionLevel=-1, inclusionOrdinal=-1]
   AstNode [type=MarkField, moduleId=1, location=AstNodeLocation [retracedOffset=524, retracedLength=7, assembledOffset=524, assembledLength=7, rootRelativeOffset=524, rootRelativeLength=7, rootRelativeStartLineNumber=27, rootRelativeEndLineNumber=27], inclusionLevel=-1, inclusionOrdinal=-1]
    AstNode [type=Ref, moduleId=1, location=AstNodeLocation [retracedOffset=524, retracedLength=7, assembledOffset=524, assembledLength=7, rootRelativeOffset=524, rootRelativeLength=7, rootRelativeStartLineNumber=27, rootRelativeEndLineNumber=27], inclusionLevel=-1, inclusionOrdinal=-1]
     AstNode [type=Var, moduleId=1, location=AstNodeLocation [retracedOffset=524, retracedLength=7, assembledOffset=524, assembledLength=7, rootRelativeOffset=524, rootRelativeLength=7, rootRelativeStartLineNumber=27, rootRelativeEndLineNumber=27], inclusionLevel=-1, inclusionOrdinal=-1, relations={ REFERS [to=Variable[#CURSOR (I4)]], BINDING [to=Variable[#CURSOR (I4)], label=definedBy] }, properties=[unresolvedFieldName=#CURSOR]]
  AstNode [type=Line, moduleId=1, location=AstNodeLocation [retracedOffset=532, retracedLength=4, assembledOffset=532, assembledLength=4, rootRelativeOffset=532, rootRelativeLength=4, rootRelativeStartLineNumber=27, rootRelativeEndLineNumber=27], inclusionLevel=-1, inclusionOrdinal=-1]
   AstNode [type=InputField, moduleId=1, location=AstNodeLocation [retracedOffset=532, retracedLength=4, assembledOffset=532, assembledLength=4, rootRelativeOffset=532, rootRelativeLength=4, rootRelativeStartLineNumber=27, rootRelativeEndLineNumber=27], inclusionLevel=-1, inclusionOrdinal=-1]
    AstNode [type=Var, moduleId=1, location=AstNodeLocation [retracedOffset=532, retracedLength=4, assembledOffset=532, assembledLength=4, rootRelativeOffset=532, rootRelativeLength=4, rootRelativeStartLineNumber=27, rootRelativeEndLineNumber=27], inclusionLevel=-1, inclusionOrdinal=-1, relations={ REFERS [to=Variable[#FLD (A10)]], BINDING [to=Variable[#FLD (A10)], label=definedBy] }, properties=[unresolvedFieldName=#FLD]]
 AstNode [type=InputStmt, moduleId=1, location=AstNodeLocation [retracedOffset=538, retracedLength=19, assembledOffset=538, assembledLength=19, rootRelativeOffset=538, rootRelativeLength=19, rootRelativeStartLineNumber=28, rootRelativeEndLineNumber=28], inclusionLevel=-1, inclusionOrdinal=-1, properties=[uiStmtType=INPUT]]
  AstNode [type=NoText, moduleId=1, location=AstNodeLocation [retracedOffset=-1, retracedLength=1, assembledOffset=-1, assembledLength=1, rootRelativeOffset=-1, rootRelativeLength=1, rootRelativeStartLineNumber=0, rootRelativeEndLineNumber=1], inclusionLevel=-1, inclusionOrdinal=-1]
  AstNode [type=NoMark, moduleId=1, location=AstNodeLocation [retracedOffset=-1, retracedLength=1, assembledOffset=-1, assembledLength=1, rootRelativeOffset=-1, rootRelativeLength=1, rootRelativeStartLineNumber=0, rootRelativeEndLineNumber=1], inclusionLevel=-1, inclusionOrdinal=-1]
  AstNode [type=Line, moduleId=1, location=AstNodeLocation [retracedOffset=553, retracedLength=4, assembledOffset=553, assembledLength=4, rootRelativeOffset=553, rootRelativeLength=4, rootRelativeStartLineNumber=28, rootRelativeEndLineNumber=28], inclusionLevel=-1, inclusionOrdinal=-1]
   AstNode [type=InputField, moduleId=1, location=AstNodeLocation [retracedOffset=553, retracedLength=4, assembledOffset=553, assembledLength=4, rootRelativeOffset=553, rootRelativeLength=4, rootRelativeStartLineNumber=28, rootRelativeEndLineNumber=28], inclusionLevel=-1, inclusionOrdinal=-1]
    AstNode [type=Var, moduleId=1, location=AstNodeLocation [retracedOffset=553, retracedLength=4, assembledOffset=553, assembledLength=4, rootRelativeOffset=553, rootRelativeLength=4, rootRelativeStartLineNumber=28, rootRelativeEndLineNumber=28], inclusionLevel=-1, inclusionOrdinal=-1, relations={ REFERS [to=Variable[#FLD (A10)]], BINDING [to=Variable[#FLD (A10)], label=definedBy] }, properties=[unresolvedFieldName=#FLD]]
 AstNode [type=InputStmt, moduleId=1, location=AstNodeLocation [retracedOffset=559, retracedLength=46, assembledOffset=559, assembledLength=46, rootRelativeOffset=559, rootRelativeLength=46, rootRelativeStartLineNumber=29, rootRelativeEndLineNumber=29], inclusionLevel=-1, inclusionOrdinal=-1, properties=[uiStmtType=INPUT]]
  AstNode [type=WithText, moduleId=1, location=AstNodeLocation [retracedOffset=575, retracedLength=25, assembledOffset=575, assembledLength=25, rootRelativeOffset=575, rootRelativeLength=25, rootRelativeStartLineNumber=29, rootRelativeEndLineNumber=29], inclusionLevel=-1, inclusionOrdinal=-1]
   AstNode [type=StringConstant, moduleId=1, location=AstNodeLocation [retracedOffset=575, retracedLength=17, assembledOffset=575, assembledLength=17, rootRelativeOffset=575, rootRelativeLength=17, rootRelativeStartLineNumber=29, rootRelativeEndLineNumber=29], inclusionLevel=-1, inclusionOrdinal=-1]
   AstNode [type=Ref, moduleId=1, location=AstNodeLocation [retracedOffset=593, retracedLength=7, assembledOffset=593, assembledLength=7, rootRelativeOffset=593, rootRelativeLength=7, rootRelativeStartLineNumber=29, rootRelativeEndLineNumber=29], inclusionLevel=-1, inclusionOrdinal=-1]
    AstNode [type=Var, moduleId=1, location=AstNodeLocation [retracedOffset=593, retracedLength=7, assembledOffset=593, assembledLength=7, rootRelativeOffset=593, rootRelativeLength=7, rootRelativeStartLineNumber=29, rootRelativeEndLineNumber=29], inclusionLevel=-1, inclusionOrdinal=-1, relations={ REFERS [to=Variable[#CURSOR (I4)]], BINDING [to=Variable[#CURSOR (I4)], label=definedBy] }, properties=[unresolvedFieldName=#CURSOR]]
  AstNode [type=NoMark, moduleId=1, location=AstNodeLocation [retracedOffset=-1, retracedLength=1, assembledOffset=-1, assembledLength=1, rootRelativeOffset=-1, rootRelativeLength=1, rootRelativeStartLineNumber=0, rootRelativeEndLineNumber=1], inclusionLevel=-1, inclusionOrdinal=-1]
  AstNode [type=Line, moduleId=1, location=AstNodeLocation [retracedOffset=601, retracedLength=4, assembledOffset=601, assembledLength=4, rootRelativeOffset=601, rootRelativeLength=4, rootRelativeStartLineNumber=29, rootRelativeEndLineNumber=29], inclusionLevel=-1, inclusionOrdinal=-1]
   AstNode [type=InputField, moduleId=1, location=AstNodeLocation [retracedOffset=601, retracedLength=4, assembledOffset=601, assembledLength=4, rootRelativeOffset=601, rootRelativeLength=4, rootRelativeStartLineNumber=29, rootRelativeEndLineNumber=29], inclusionLevel=-1, inclusionOrdinal=-1]
    AstNode [type=Var, moduleId=1, location=AstNodeLocation [retracedOffset=601, retracedLength=4, assembledOffset=601, assembledLength=4, rootRelativeOffset=601, rootRelativeLength=4, rootRelativeStartLineNumber=29, rootRelativeEndLineNumber=29], inclusionLevel=-1, inclusionOrdinal=-1, relations={ REFERS [to=Variable[#FLD (A10)]], BINDING [to=Variable[#FLD (A10)], label=definedBy] }, properties=[unresolvedFieldName=#FLD]]
 AstNode [type=TopPageStmt, moduleId=1, location=AstNodeLocation [retracedOffset=609, retracedLength=36, assembledOffset=609, assembledLength=36, rootRelativeOffset=609, rootRelativeLength=36, rootRelativeStartLineNumber=31, rootRelativeEndLineNumber=33], inclusionLevel=-1, inclusionOrdinal=-1, properties=[uiStmtType=TOP_PAGE]]
  AstNode [type=SkipStmt, moduleId=1, location=AstNodeLocation [retracedOffset=626, retracedLength=6, assembledOffset=626, assembledLength=6, rootRelativeOffset=626, rootRelativeLength=6, rootRelativeStartLineNumber=32, rootRelativeEndLineNumber=32], inclusionLevel=-1, inclusionOrdinal=-1, properties=[uiStmtType=SKIP]]
   AstNode [type=IntegerConstant, moduleId=1, location=AstNodeLocation [retracedOffset=631, retracedLength=1, assembledOffset=631, assembledLength=1, rootRelativeOffset=631, rootRelativeLength=1, rootRelativeStartLineNumber=32, rootRelativeEndLineNumber=32], inclusionLevel=-1, inclusionOrdinal=-1]
 AstNode [type=TopPageStmt, moduleId=1, location=AstNodeLocation [retracedOffset=649, retracedLength=44, assembledOffset=649, assembledLength=44, rootRelativeOffset=649, rootRelativeLength=44, rootRelativeStartLineNumber=35, rootRelativeEndLineNumber=37], inclusionLevel=-1, inclusionOrdinal=-1]
  AstNode [type=SkipStmt, moduleId=1, location=AstNodeLocation [retracedOffset=670, retracedLength=10, assembledOffset=670, assembledLength=10, rootRelativeOffset=670, rootRelativeLength=10, rootRelativeStartLineNumber=36, rootRelativeEndLineNumber=36], inclusionLevel=-1, inclusionOrdinal=-1]
   AstNode [type=IntegerConstant, moduleId=1, location=AstNodeLocation [retracedOffset=679, retracedLength=1, assembledOffset=679, assembledLength=1, rootRelativeOffset=679, rootRelativeLength=1, rootRelativeStartLineNumber=36, rootRelativeEndLineNumber=36], inclusionLevel=-1, inclusionOrdinal=-1]
 AstNode [type=EndPageStmt, moduleId=1, location=AstNodeLocation [retracedOffset=697, retracedLength=36, assembledOffset=697, assembledLength=36, rootRelativeOffset=697, rootRelativeLength=36, rootRelativeStartLineNumber=39, rootRelativeEndLineNumber=41], inclusionLevel=-1, inclusionOrdinal=-1, properties=[uiStmtType=END_PAGE]]
  AstNode [type=SkipStmt, moduleId=1, location=AstNodeLocation [retracedOffset=714, retracedLength=6, assembledOffset=714, assembledLength=6, rootRelativeOffset=714, rootRelativeLength=6, rootRelativeStartLineNumber=40, rootRelativeEndLineNumber=40], inclusionLevel=-1, inclusionOrdinal=-1, properties=[uiStmtType=SKIP]]
   AstNode [type=IntegerConstant, moduleId=1, location=AstNodeLocation [retracedOffset=719, retracedLength=1, assembledOffset=719, assembledLength=1, rootRelativeOffset=719, rootRelativeLength=1, rootRelativeStartLineNumber=40, rootRelativeEndLineNumber=40], inclusionLevel=-1, inclusionOrdinal=-1]
 AstNode [type=EndPageStmt, moduleId=1, location=AstNodeLocation [retracedOffset=737, retracedLength=44, assembledOffset=737, assembledLength=44, rootRelativeOffset=737, rootRelativeLength=44, rootRelativeStartLineNumber=43, rootRelativeEndLineNumber=45], inclusionLevel=-1, inclusionOrdinal=-1]
  AstNode [type=SkipStmt, moduleId=1, location=AstNodeLocation [retracedOffset=758, retracedLength=10, assembledOffset=758, assembledLength=10, rootRelativeOffset=758, rootRelativeLength=10, rootRelativeStartLineNumber=44, rootRelativeEndLineNumber=44], inclusionLevel=-1, inclusionOrdinal=-1]
   AstNode [type=IntegerConstant, moduleId=1, location=AstNodeLocation [retracedOffset=767, retracedLength=1, assembledOffset=767, assembledLength=1, rootRelativeOffset=767, rootRelativeLength=1, rootRelativeStartLineNumber=44, rootRelativeEndLineNumber=44], inclusionLevel=-1, inclusionOrdinal=-1]
 AstNode [type=EndStmt, moduleId=1, location=AstNodeLocation [retracedOffset=785, retracedLength=3, assembledOffset=785, assembledLength=3, rootRelativeOffset=785, rootRelativeLength=3, rootRelativeStartLineNumber=47, rootRelativeEndLineNumber=47], inclusionLevel=-1, inclusionOrdinal=-1]
