AstNode [type=CobolProgram, moduleId=1, location=AstNodeLocation [retracedOffset=7, retracedLength=3087, assembledOffset=7, assembledLength=3087, rootRelativeOffset=7, rootRelativeLength=3087, rootRelativeStartLineNumber=1, rootRelativeEndLineNumber=39], inclusionLevel=-1, inclusionOrdinal=-1, hasAstModuleId=1]
 AstNode [type=IdentificationDivision, moduleId=1, location=AstNodeLocation [retracedOffset=7, retracedLength=23, assembledOffset=7, assembledLength=23, rootRelativeOffset=7, rootRelativeLength=23, rootRelativeStartLineNumber=1, rootRelativeEndLineNumber=1], inclusionLevel=-1, inclusionOrdinal=-1]
 AstNode [type=EnvironmentDivision, moduleId=1, location=AstNodeLocation [retracedOffset=169, retracedLength=21, assembledOffset=169, assembledLength=21, rootRelativeOffset=169, rootRelativeLength=21, rootRelativeStartLineNumber=3, rootRelativeEndLineNumber=3], inclusionLevel=-1, inclusionOrdinal=-1]
 AstNode [type=DataDivision, moduleId=1, location=AstNodeLocation [retracedOffset=250, retracedLength=1736, assembledOffset=250, assembledLength=1736, rootRelativeOffset=250, rootRelativeLength=1736, rootRelativeStartLineNumber=4, rootRelativeEndLineNumber=25], inclusionLevel=-1, inclusionOrdinal=-1]
  AstNode [type=WorkingStorageSection, moduleId=1, location=AstNodeLocation [retracedOffset=331, retracedLength=846, assembledOffset=331, assembledLength=846, rootRelativeOffset=331, rootRelativeLength=846, rootRelativeStartLineNumber=5, rootRelativeEndLineNumber=15], inclusionLevel=-1, inclusionOrdinal=-1]
   AstNode [type=CobolDataField, moduleId=1, location=AstNodeLocation [retracedOffset=412, retracedLength=11, assembledOffset=412, assembledLength=11, rootRelativeOffset=412, rootRelativeLength=11, rootRelativeStartLineNumber=6, rootRelativeEndLineNumber=6], inclusionLevel=-1, inclusionOrdinal=-1, properties=[blankWhenZero=false, byteLength=1, c$field=false, containsDuplicateFields=false, controlBlock=false, external=false, filler=false, global=false, groupOfPointers=false, isAdabas=false, isPrefixedOrSuffixed=false, isVaryingField=false, justifiedRight=false, languageType=Group, level=1, name=WS-DATA, nameLength=7, nameOffset=3, picType= , pointer=false, provideDdmFieldName=false, sync=false, syncLeft=false, syncRight=false, syntheticIndex=false, view=false]]
    AstNode [type=CobolDataField, moduleId=1, location=AstNodeLocation [retracedOffset=496, retracedLength=47, assembledOffset=496, assembledLength=47, rootRelativeOffset=496, rootRelativeLength=47, rootRelativeStartLineNumber=7, rootRelativeEndLineNumber=7], inclusionLevel=-1, inclusionOrdinal=-1, properties=[blankWhenZero=false, byteLength=8, c$field=false, containsDuplicateFields=false, controlBlock=false, external=false, filler=false, global=false, groupOfPointers=false, isAdabas=false, isPrefixedOrSuffixed=false, isVaryingField=false, justifiedRight=false, languageType=PICX, level=5, name=WS-FILE-NAME, nameLength=12, nameOffset=3, pic=X(8), picType=X, pointer=false, provideDdmFieldName=false, sync=false, syncLeft=false, syncRight=false, syntheticIndex=false, view=false]]
     AstNode [type=CobolConstantReference, moduleId=1, location=AstNodeLocation [retracedOffset=532, retracedLength=10, assembledOffset=532, assembledLength=10, rootRelativeOffset=532, rootRelativeLength=10, rootRelativeStartLineNumber=7, rootRelativeEndLineNumber=7], inclusionLevel=-1, inclusionOrdinal=-1, properties=[all=false, colonPrefix=false, dynamic=false, external=false, level=0, negativ=false, value='EZACONFG']]
    AstNode [type=CobolDataField, moduleId=1, location=AstNodeLocation [retracedOffset=577, retracedLength=38, assembledOffset=577, assembledLength=38, rootRelativeOffset=577, rootRelativeLength=38, rootRelativeStartLineNumber=8, rootRelativeEndLineNumber=8], inclusionLevel=-1, inclusionOrdinal=-1, properties=[blankWhenZero=false, byteLength=2, c$field=false, comp=COMP, containsDuplicateFields=false, controlBlock=false, external=false, filler=false, global=false, groupOfPointers=false, isAdabas=false, isPrefixedOrSuffixed=false, isVaryingField=false, justifiedRight=false, languageType=PIC9, level=5, name=WS-LENGTH, nameLength=9, nameOffset=3, pic=9(4), picType=9, pointer=false, provideDdmFieldName=false, sync=false, syncLeft=false, syncRight=false, syntheticIndex=false, usage=COMPUTATIONAL, view=false]]
    AstNode [type=CobolDataField, moduleId=1, location=AstNodeLocation [retracedOffset=658, retracedLength=17, assembledOffset=658, assembledLength=17, rootRelativeOffset=658, rootRelativeLength=17, rootRelativeStartLineNumber=9, rootRelativeEndLineNumber=9], inclusionLevel=-1, inclusionOrdinal=-1, properties=[blankWhenZero=false, byteLength=1, c$field=false, containsDuplicateFields=false, controlBlock=false, external=false, filler=false, global=false, groupOfPointers=false, isAdabas=false, isPrefixedOrSuffixed=false, isVaryingField=false, justifiedRight=false, languageType=Group, level=5, name=WS-RECORD-KEY, nameLength=13, nameOffset=3, picType= , pointer=false, provideDdmFieldName=false, sync=false, syncLeft=false, syncRight=false, syntheticIndex=false, view=false]]
     AstNode [type=CobolDataField, moduleId=1, location=AstNodeLocation [retracedOffset=743, retracedLength=29, assembledOffset=743, assembledLength=29, rootRelativeOffset=743, rootRelativeLength=29, rootRelativeStartLineNumber=10, rootRelativeEndLineNumber=10], inclusionLevel=-1, inclusionOrdinal=-1, properties=[blankWhenZero=false, byteLength=8, c$field=false, containsDuplicateFields=false, controlBlock=false, external=false, filler=false, global=false, groupOfPointers=false, isAdabas=false, isPrefixedOrSuffixed=false, isVaryingField=false, justifiedRight=false, languageType=PICX, level=10, name=WS-EZAJOB-ID, nameLength=12, nameOffset=3, pic=X(8), picType=X, pointer=false, provideDdmFieldName=false, sync=false, syncLeft=false, syncRight=false, syntheticIndex=false, view=false]]
     AstNode [type=CobolDataField, moduleId=1, location=AstNodeLocation [retracedOffset=824, retracedLength=39, assembledOffset=824, assembledLength=39, rootRelativeOffset=824, rootRelativeLength=39, rootRelativeStartLineNumber=11, rootRelativeEndLineNumber=11], inclusionLevel=-1, inclusionOrdinal=-1, properties=[blankWhenZero=false, byteLength=1, c$field=false, containsDuplicateFields=false, controlBlock=false, external=false, filler=false, global=false, groupOfPointers=false, isAdabas=false, isPrefixedOrSuffixed=false, isVaryingField=false, justifiedRight=false, languageType=PICX, level=10, name=WS-RECORD-TYPE, nameLength=14, nameOffset=3, pic=X(1), picType=X, pointer=false, provideDdmFieldName=false, sync=false, syncLeft=false, syncRight=false, syntheticIndex=false, view=false]]
      AstNode [type=CobolConstantReference, moduleId=1, location=AstNodeLocation [retracedOffset=859, retracedLength=3, assembledOffset=859, assembledLength=3, rootRelativeOffset=859, rootRelativeLength=3, rootRelativeStartLineNumber=11, rootRelativeEndLineNumber=11], inclusionLevel=-1, inclusionOrdinal=-1, properties=[all=false, colonPrefix=false, dynamic=false, external=false, level=0, negativ=false, value='L']]
     AstNode [type=CobolDataField, moduleId=1, location=AstNodeLocation [retracedOffset=905, retracedLength=29, assembledOffset=905, assembledLength=29, rootRelativeOffset=905, rootRelativeLength=29, rootRelativeStartLineNumber=12, rootRelativeEndLineNumber=12], inclusionLevel=-1, inclusionOrdinal=-1, properties=[blankWhenZero=false, byteLength=3, c$field=false, containsDuplicateFields=false, controlBlock=false, external=false, filler=false, global=false, groupOfPointers=false, isAdabas=false, isPrefixedOrSuffixed=false, isVaryingField=false, justifiedRight=false, languageType=PICX, level=10, name=FILLER, nameLength=6, nameOffset=3, pic=X(3), picType=X, pointer=false, provideDdmFieldName=false, sync=false, syncLeft=false, syncRight=false, syntheticIndex=false, view=false]]
     AstNode [type=CobolDataField, moduleId=1, location=AstNodeLocation [retracedOffset=986, retracedLength=14, assembledOffset=986, assembledLength=14, rootRelativeOffset=986, rootRelativeLength=14, rootRelativeStartLineNumber=13, rootRelativeEndLineNumber=13], inclusionLevel=-1, inclusionOrdinal=-1, properties=[blankWhenZero=false, byteLength=1, c$field=false, containsDuplicateFields=false, controlBlock=false, external=false, filler=false, global=false, groupOfPointers=false, isAdabas=false, isPrefixedOrSuffixed=false, isVaryingField=false, justifiedRight=false, languageType=Group, level=10, name=WS-TRAN-ID, nameLength=10, nameOffset=3, picType= , pointer=false, provideDdmFieldName=false, sync=false, syncLeft=false, syncRight=false, syntheticIndex=false, view=false]]
      AstNode [type=CobolDataField, moduleId=1, location=AstNodeLocation [retracedOffset=1069, retracedLength=27, assembledOffset=1069, assembledLength=27, rootRelativeOffset=1069, rootRelativeLength=27, rootRelativeStartLineNumber=14, rootRelativeEndLineNumber=14], inclusionLevel=-1, inclusionOrdinal=-1, properties=[blankWhenZero=false, byteLength=2, c$field=false, containsDuplicateFields=false, controlBlock=false, external=false, filler=false, global=false, groupOfPointers=false, isAdabas=false, isPrefixedOrSuffixed=false, isVaryingField=false, justifiedRight=false, languageType=PICX, level=15, name=WS-TRAN-X1, nameLength=10, nameOffset=3, pic=X(2), picType=X, pointer=false, provideDdmFieldName=false, sync=false, syncLeft=false, syncRight=false, syntheticIndex=false, view=false]]
      AstNode [type=CobolDataField, moduleId=1, location=AstNodeLocation [retracedOffset=1150, retracedLength=27, assembledOffset=1150, assembledLength=27, rootRelativeOffset=1150, rootRelativeLength=27, rootRelativeStartLineNumber=15, rootRelativeEndLineNumber=15], inclusionLevel=-1, inclusionOrdinal=-1, properties=[blankWhenZero=false, byteLength=2, c$field=false, containsDuplicateFields=false, controlBlock=false, external=false, filler=false, global=false, groupOfPointers=false, isAdabas=false, isPrefixedOrSuffixed=false, isVaryingField=false, justifiedRight=false, languageType=PICX, level=15, name=WS-TRAN-X2, nameLength=10, nameOffset=3, pic=X(2), picType=X, pointer=false, provideDdmFieldName=false, sync=false, syncLeft=false, syncRight=false, syntheticIndex=false, view=false]]
       AstNode [type=CobolComment, moduleId=1, location=AstNodeLocation [retracedOffset=1221, retracedLength=74, assembledOffset=1221, assembledLength=74, rootRelativeOffset=1221, rootRelativeLength=-1221, rootRelativeStartLineNumber=16, rootRelativeEndLineNumber=1], inclusionLevel=-1, inclusionOrdinal=-1]
  AstNode [type=LinkageSection, moduleId=1, location=AstNodeLocation [retracedOffset=1303, retracedLength=683, assembledOffset=1303, assembledLength=683, rootRelativeOffset=1303, rootRelativeLength=683, rootRelativeStartLineNumber=17, rootRelativeEndLineNumber=25], inclusionLevel=-1, inclusionOrdinal=-1]
   AstNode [type=CobolComment, moduleId=1, location=AstNodeLocation [retracedOffset=1383, retracedLength=74, assembledOffset=1383, assembledLength=74, rootRelativeOffset=1383, rootRelativeLength=-1383, rootRelativeStartLineNumber=18, rootRelativeEndLineNumber=1], inclusionLevel=-1, inclusionOrdinal=-1]
   AstNode [type=CobolDataField, moduleId=1, location=AstNodeLocation [retracedOffset=1465, retracedLength=18, assembledOffset=1465, assembledLength=18, rootRelativeOffset=1465, rootRelativeLength=18, rootRelativeStartLineNumber=19, rootRelativeEndLineNumber=19], inclusionLevel=-1, inclusionOrdinal=-1, properties=[blankWhenZero=false, byteLength=1, c$field=false, containsDuplicateFields=false, controlBlock=false, external=false, filler=false, global=false, groupOfPointers=false, isAdabas=false, isPrefixedOrSuffixed=false, isVaryingField=false, justifiedRight=false, languageType=Group, level=1, name=EZAKOPI-RECORD, nameLength=14, nameOffset=3, picType= , pointer=false, provideDdmFieldName=false, sync=false, syncLeft=false, syncRight=false, syntheticIndex=false, view=false]]
    AstNode [type=CobolDataField, moduleId=1, location=AstNodeLocation [retracedOffset=1549, retracedLength=14, assembledOffset=1549, assembledLength=14, rootRelativeOffset=1549, rootRelativeLength=14, rootRelativeStartLineNumber=20, rootRelativeEndLineNumber=20], inclusionLevel=-1, inclusionOrdinal=-1, properties=[blankWhenZero=false, byteLength=1, c$field=false, containsDuplicateFields=false, controlBlock=false, external=false, filler=false, global=false, groupOfPointers=false, isAdabas=false, isPrefixedOrSuffixed=false, isVaryingField=false, justifiedRight=false, languageType=Group, level=5, name=RECORD-KEY, nameLength=10, nameOffset=3, picType= , pointer=false, provideDdmFieldName=false, sync=false, syncLeft=false, syncRight=false, syntheticIndex=false, view=false]]
     AstNode [type=CobolDataField, moduleId=1, location=AstNodeLocation [retracedOffset=1634, retracedLength=26, assembledOffset=1634, assembledLength=26, rootRelativeOffset=1634, rootRelativeLength=26, rootRelativeStartLineNumber=21, rootRelativeEndLineNumber=21], inclusionLevel=-1, inclusionOrdinal=-1, properties=[blankWhenZero=false, byteLength=8, c$field=false, containsDuplicateFields=false, controlBlock=false, external=false, filler=false, global=false, groupOfPointers=false, isAdabas=false, isPrefixedOrSuffixed=false, isVaryingField=false, justifiedRight=false, languageType=PICX, level=10, name=CJOB-ID, nameLength=7, nameOffset=3, pic=X(8), picType=X, pointer=false, provideDdmFieldName=false, sync=false, syncLeft=false, syncRight=false, syntheticIndex=false, view=false]]
     AstNode [type=CobolDataField, moduleId=1, location=AstNodeLocation [retracedOffset=1715, retracedLength=26, assembledOffset=1715, assembledLength=26, rootRelativeOffset=1715, rootRelativeLength=26, rootRelativeStartLineNumber=22, rootRelativeEndLineNumber=22], inclusionLevel=-1, inclusionOrdinal=-1, properties=[blankWhenZero=false, byteLength=1, c$field=false, containsDuplicateFields=false, controlBlock=false, external=false, filler=false, global=false, groupOfPointers=false, isAdabas=false, isPrefixedOrSuffixed=false, isVaryingField=false, justifiedRight=false, languageType=PICX, level=10, name=RECORD-TYPE, nameLength=11, nameOffset=3, pic=X(1), picType=X, pointer=false, provideDdmFieldName=false, sync=false, syncLeft=false, syncRight=false, syntheticIndex=false, view=false]]
     AstNode [type=CobolDataField, moduleId=1, location=AstNodeLocation [retracedOffset=1796, retracedLength=26, assembledOffset=1796, assembledLength=26, rootRelativeOffset=1796, rootRelativeLength=26, rootRelativeStartLineNumber=23, rootRelativeEndLineNumber=23], inclusionLevel=-1, inclusionOrdinal=-1, properties=[blankWhenZero=false, byteLength=3, c$field=false, containsDuplicateFields=false, controlBlock=false, external=false, filler=false, global=false, groupOfPointers=false, isAdabas=false, isPrefixedOrSuffixed=false, isVaryingField=false, justifiedRight=false, languageType=PICX, level=10, name=FILLER, nameLength=6, nameOffset=3, pic=X(3), picType=X, pointer=false, provideDdmFieldName=false, sync=false, syncLeft=false, syncRight=false, syntheticIndex=false, view=false]]
     AstNode [type=CobolDataField, moduleId=1, location=AstNodeLocation [retracedOffset=1877, retracedLength=26, assembledOffset=1877, assembledLength=26, rootRelativeOffset=1877, rootRelativeLength=26, rootRelativeStartLineNumber=24, rootRelativeEndLineNumber=24], inclusionLevel=-1, inclusionOrdinal=-1, properties=[blankWhenZero=false, byteLength=4, c$field=false, containsDuplicateFields=false, controlBlock=false, external=false, filler=false, global=false, groupOfPointers=false, isAdabas=false, isPrefixedOrSuffixed=false, isVaryingField=false, justifiedRight=false, languageType=PICX, level=10, name=LISTENER, nameLength=8, nameOffset=3, pic=X(4), picType=X, pointer=false, provideDdmFieldName=false, sync=false, syncLeft=false, syncRight=false, syntheticIndex=false, view=false]]
    AstNode [type=CobolDataField, moduleId=1, location=AstNodeLocation [retracedOffset=1954, retracedLength=32, assembledOffset=1954, assembledLength=32, rootRelativeOffset=1954, rootRelativeLength=32, rootRelativeStartLineNumber=25, rootRelativeEndLineNumber=25], inclusionLevel=-1, inclusionOrdinal=-1, properties=[blankWhenZero=false, byteLength=132, c$field=false, containsDuplicateFields=false, controlBlock=false, external=false, filler=false, global=false, groupOfPointers=false, isAdabas=false, isPrefixedOrSuffixed=false, isVaryingField=false, justifiedRight=false, languageType=PICX, level=5, name=FILLER, nameLength=6, nameOffset=3, pic=X(132), picType=X, pointer=false, provideDdmFieldName=false, sync=false, syncLeft=false, syncRight=false, syntheticIndex=false, view=false]]
     AstNode [type=CobolComment, moduleId=1, location=AstNodeLocation [retracedOffset=2031, retracedLength=74, assembledOffset=2031, assembledLength=74, rootRelativeOffset=2031, rootRelativeLength=-2031, rootRelativeStartLineNumber=26, rootRelativeEndLineNumber=1], inclusionLevel=-1, inclusionOrdinal=-1]
     AstNode [type=CobolComment, moduleId=1, location=AstNodeLocation [retracedOffset=2112, retracedLength=74, assembledOffset=2112, assembledLength=74, rootRelativeOffset=2112, rootRelativeLength=-2112, rootRelativeStartLineNumber=27, rootRelativeEndLineNumber=1], inclusionLevel=-1, inclusionOrdinal=-1]
 AstNode [type=ProcedureDivision, moduleId=1, location=AstNodeLocation [retracedOffset=2194, retracedLength=18, assembledOffset=2194, assembledLength=18, rootRelativeOffset=2194, rootRelativeLength=18, rootRelativeStartLineNumber=28, rootRelativeEndLineNumber=28], inclusionLevel=-1, inclusionOrdinal=-1]
  AstNode [type=CobolComment, moduleId=1, location=AstNodeLocation [retracedOffset=2274, retracedLength=74, assembledOffset=2274, assembledLength=74, rootRelativeOffset=2274, rootRelativeLength=-2274, rootRelativeStartLineNumber=29, rootRelativeEndLineNumber=1], inclusionLevel=-1, inclusionOrdinal=-1]
  AstNode [type=CobolSection, moduleId=1, location=AstNodeLocation [retracedOffset=2356, retracedLength=17, assembledOffset=2356, assembledLength=17, rootRelativeOffset=2356, rootRelativeLength=17, rootRelativeStartLineNumber=30, rootRelativeEndLineNumber=30], inclusionLevel=-1, inclusionOrdinal=-1, properties=[invocation name=LAES-EZAKOPI-NEXT]]
   AstNode [type=ExecCicsFile, moduleId=1, location=AstNodeLocation [retracedOffset=2441, retracedLength=413, assembledOffset=2441, assembledLength=413, rootRelativeOffset=2441, rootRelativeLength=413, rootRelativeStartLineNumber=31, rootRelativeEndLineNumber=36], inclusionLevel=-1, inclusionOrdinal=-1, properties=[fileAccessType=READ, generic=false, operation=READNEXT]]
    AstNode [type=CobolReferenceExpression, moduleId=1, location=AstNodeLocation [retracedOffset=2468, retracedLength=12, assembledOffset=2468, assembledLength=12, rootRelativeOffset=2468, rootRelativeLength=12, rootRelativeStartLineNumber=31, rootRelativeEndLineNumber=31], inclusionLevel=-1, inclusionOrdinal=-1]
     AstNode [type=CobolFieldReference, moduleId=1, location=AstNodeLocation [retracedOffset=2468, retracedLength=12, assembledOffset=2468, assembledLength=12, rootRelativeOffset=2468, rootRelativeLength=12, rootRelativeStartLineNumber=31, rootRelativeEndLineNumber=31], inclusionLevel=-1, inclusionOrdinal=-1, relations={ REFERS [to=CobolDataField[05 WS-FILE-NAME PIC X(8) VALUE 'EZACONFG'.]], BINDING [to=CobolDataField[05 WS-FILE-NAME PIC X(8) VALUE 'EZACONFG'.], label=definedBy] }, properties=[all=false, colonPrefix=false, dynamic=false, external=false, isIndex=false, negativ=false, renderIsTrueForL88Item=true, unresolvedFieldName=WS-FILE-NAME, usedAsCondition=false]]
    AstNode [type=CobolReferenceExpression, moduleId=1, location=AstNodeLocation [retracedOffset=2542, retracedLength=14, assembledOffset=2542, assembledLength=14, rootRelativeOffset=2542, rootRelativeLength=14, rootRelativeStartLineNumber=32, rootRelativeEndLineNumber=32], inclusionLevel=-1, inclusionOrdinal=-1]
     AstNode [type=CobolFieldReference, moduleId=1, location=AstNodeLocation [retracedOffset=2542, retracedLength=14, assembledOffset=2542, assembledLength=14, rootRelativeOffset=2542, rootRelativeLength=14, rootRelativeStartLineNumber=32, rootRelativeEndLineNumber=32], inclusionLevel=-1, inclusionOrdinal=-1, relations={ REFERS [to=CobolDataField[01 EZAKOPI-RECORD.]], BINDING [to=CobolDataField[01 EZAKOPI-RECORD.], label=definedBy] }, properties=[all=false, colonPrefix=false, dynamic=false, external=false, isIndex=false, negativ=false, renderIsTrueForL88Item=true, unresolvedFieldName=EZAKOPI-RECORD, usedAsCondition=false]]
    AstNode [type=CobolReferenceExpression, moduleId=1, location=AstNodeLocation [retracedOffset=2625, retracedLength=9, assembledOffset=2625, assembledLength=9, rootRelativeOffset=2625, rootRelativeLength=9, rootRelativeStartLineNumber=33, rootRelativeEndLineNumber=33], inclusionLevel=-1, inclusionOrdinal=-1]
     AstNode [type=CobolFieldReference, moduleId=1, location=AstNodeLocation [retracedOffset=2625, retracedLength=9, assembledOffset=2625, assembledLength=9, rootRelativeOffset=2625, rootRelativeLength=9, rootRelativeStartLineNumber=33, rootRelativeEndLineNumber=33], inclusionLevel=-1, inclusionOrdinal=-1, relations={ REFERS [to=CobolDataField[05 WS-LENGTH PIC 9(4) COMP.]], BINDING [to=CobolDataField[05 WS-LENGTH PIC 9(4) COMP.], label=definedBy] }, properties=[all=false, colonPrefix=false, dynamic=false, external=false, isIndex=false, negativ=false, renderIsTrueForL88Item=true, unresolvedFieldName=WS-LENGTH, usedAsCondition=false]]
    AstNode [type=CobolReferenceExpression, moduleId=1, location=AstNodeLocation [retracedOffset=2706, retracedLength=13, assembledOffset=2706, assembledLength=13, rootRelativeOffset=2706, rootRelativeLength=13, rootRelativeStartLineNumber=34, rootRelativeEndLineNumber=34], inclusionLevel=-1, inclusionOrdinal=-1]
     AstNode [type=CobolFieldReference, moduleId=1, location=AstNodeLocation [retracedOffset=2706, retracedLength=13, assembledOffset=2706, assembledLength=13, rootRelativeOffset=2706, rootRelativeLength=13, rootRelativeStartLineNumber=34, rootRelativeEndLineNumber=34], inclusionLevel=-1, inclusionOrdinal=-1, relations={ REFERS [to=CobolDataField[05 WS-RECORD-KEY.]], BINDING [to=CobolDataField[05 WS-RECORD-KEY.], label=definedBy] }, properties=[all=false, colonPrefix=false, dynamic=false, external=false, isIndex=false, negativ=false, renderIsTrueForL88Item=true, unresolvedFieldName=WS-RECORD-KEY, usedAsCondition=false]]
    AstNode [type=CobolReferenceExpression, moduleId=1, location=AstNodeLocation [retracedOffset=2786, retracedLength=8, assembledOffset=2786, assembledLength=8, rootRelativeOffset=2786, rootRelativeLength=8, rootRelativeStartLineNumber=35, rootRelativeEndLineNumber=35], inclusionLevel=-1, inclusionOrdinal=-1]
     AstNode [type=CobolFieldReference, moduleId=1, location=AstNodeLocation [retracedOffset=2786, retracedLength=8, assembledOffset=2786, assembledLength=8, rootRelativeOffset=2786, rootRelativeLength=8, rootRelativeStartLineNumber=35, rootRelativeEndLineNumber=35], inclusionLevel=-1, inclusionOrdinal=-1, properties=[all=false, colonPrefix=false, dynamic=false, external=false, isIndex=false, negativ=false, renderIsTrueForL88Item=true, unresolvedFieldName=EIBTASKN, usedAsCondition=false]]
   AstNode [type=CobolComment, moduleId=1, location=AstNodeLocation [retracedOffset=2922, retracedLength=74, assembledOffset=2922, assembledLength=74, rootRelativeOffset=2922, rootRelativeLength=-2922, rootRelativeStartLineNumber=37, rootRelativeEndLineNumber=1], inclusionLevel=-1, inclusionOrdinal=-1]
   AstNode [type=CobolLabelStmt, moduleId=1, location=AstNodeLocation [retracedOffset=3004, retracedLength=20, assembledOffset=3004, assembledLength=20, rootRelativeOffset=3004, rootRelativeLength=20, rootRelativeStartLineNumber=38, rootRelativeEndLineNumber=38], inclusionLevel=-1, inclusionOrdinal=-1, properties=[invocation name=X-LAES-EZAKOPI-NEXT]]
    AstNode [type=CobolExitStmt, moduleId=1, location=AstNodeLocation [retracedOffset=3089, retracedLength=4, assembledOffset=3089, assembledLength=4, rootRelativeOffset=3089, rootRelativeLength=4, rootRelativeStartLineNumber=39, rootRelativeEndLineNumber=39], inclusionLevel=-1, inclusionOrdinal=-1, properties=[target=NONE]]
    AstNode [type=CobolComment, moduleId=1, location=AstNodeLocation [retracedOffset=3165, retracedLength=74, assembledOffset=3165, assembledLength=74, rootRelativeOffset=3165, rootRelativeLength=-3165, rootRelativeStartLineNumber=40, rootRelativeEndLineNumber=1], inclusionLevel=-1, inclusionOrdinal=-1]
