 #2 DefineDataStmt
 #8 DecideOnStmt, Label: DECIDE ON FIRST VALUE OF #VAR1, FROM={TestEntryPoint}, TO={#15('1'), #22('2'), #29('3'), #35(NONE)}
   #15 WRITE NOTITLE '1', FROM={#8('1')}, TO={#36}
   #22 WRITE NOTITLE '2', FROM={#8('2')}, TO={#36}
   #29 WRITE NOTITLE '3', FROM={#8('3')}, TO={#36}
   #35 IgnoreStmt, FROM={#8(NONE)}, TO={#36}
 #36 EndStmt, FROM={#15, #22, #29, #35}, TO={TestReturnPoint}
