 #2 DefineDataStmt
 #12 FormatStmt
 #15 IfStmt, Label: IF #BLANKS < 8, FROM={TestEntryPoint}, TO={#21(TRUE), #42(FALSE)}
   #21 IfSelectionStmt, Label: IF SELECTION NOT UNIQUE & (1:8), FROM={#15(TRUE)}, TO={#27(TRUE), #42(FALSE)}
     #27 WRITE NOTITLE '=' #VAR1 '=' #VAR2, FROM={#21(TRUE)}, TO={#42}
 #42 EndStmt, FROM={#15(FALSE), #21(FALSE), #27}, TO={TestReturnPoint}
