 #2 DefineDataStmt
 #12 FormatStmt
 #15 MoveStmt, FROM={TestEntryPoint}, TO={#19}
 #19 MoveStmt, FROM={#15}, TO={#23}
 #23 IfStmt, Label: IF TRUE EQ TRUE AND FALSE EQ FALSE, FROM={#19}, TO={#32(TRUE), #46(FALSE)}
   #32 WRITE NOTITLE '=' #VAR1 '=' #VAR2, FROM={#23(TRUE)}, TO={#59}
   #46 WRITE NOTITLE '=' #VAR1 '=' #VAR2, FROM={#23(FALSE)}, TO={#59}
 #59 EndStmt, FROM={#32, #46}, TO={TestReturnPoint}
