 #2 DefineDataStmt
 #8 DecideForStmt, Label: DECIDE FOR FIRST CONDITION, FROM={TestEntryPoint}, TO={#16(#VAR1 = 5), #26(#VAR1 = 15), #29(NONE)}
   #16 WRITE NOTITLE '1', FROM={#8(#VAR1 = 5)}, TO={#33}
   #26 IgnoreStmt, FROM={#8(#VAR1 = 15)}, TO={#33}
   #29 WRITE NOTITLE 'NONE', FROM={#8(NONE)}, TO={#33}
 #33 WRITE NOTITLE 'END', FROM={#16, #26, #29}, TO={#37}
 #37 EndStmt, FROM={#33}, TO={TestReturnPoint}
