#8 ProcedureDivision
 #9 CobolDisplayStmt ' ----- A:', FROM={TestEntryPoint}, TO={#12}
 #12 CobolPerformStmt LABEL3 THRU LABEL4 , FROM={#9}, TO={#30}
  #13 CobolFieldReference
  #14 CobolFieldReference
 #15 CobolGoBackStmt
 #16 CobolLabelStmt LABEL1 
  #17 CobolDisplayStmt ' ----- B:'
 #20 CobolLabelStmt LABEL2 
  #21 CobolDisplayStmt ' ----- C:'
  #24 CobolPerformStmt LABEL4 THRU LABEL5 
   #25 CobolFieldReference
   #26 CobolFieldReference
  #27 CobolDisplayStmt ' --- END --- '
 #30 CobolLabelStmt LABEL3 , FROM={#12, #34}, TO={#31}
  #31 CobolDisplayStmt ' ----- D:', FROM={#30}, TO={#34}
  #34 CobolPerformStmt LABEL3 THRU LABEL4 , FROM={#31}, TO={#30}
   #35 CobolFieldReference
   #36 CobolFieldReference
 #37 CobolLabelStmt LABEL4 
  #38 CobolDisplayStmt 'LABEL 4'
 #41 CobolLabelStmt LABEL5 
  #42 CobolDisplayStmt ' ----- F:'
 #45 CobolLabelStmt LABEL6 
  #46 CobolDisplayStmt ' ----- G:'
 #49 CobolLabelStmt LABEL7 
  #50 CobolGoBackStmt
  #51 CobolEndStmt
