 #2 ProcedureBlock, FROM={TestEntryPoint}, TO={#6}
  #6 ProcedureStatement, FROM={#2}, TO={#15}
  #15 DeclareStatement, FROM={#6}, TO={#23}
  #23 DeclareStatement, FROM={#15}, TO={#47}
  #47 DeclareStatement, FROM={#23}, TO={#70}
  #70 DeclareStatement, FROM={#47}, TO={#94}
  #94 GoToStatement, FROM={#70}, TO={#115(JUMP)}
  #100 PutStatement
  #115 BeginBlock, FROM={#94(JUMP)}, TO={#119}
   #119 BeginStatement, FROM={#115}, TO={#122}
   #122 DeclareStatement, FROM={#119}, TO={#133}
   #133 EndStatement, FROM={#122}, TO={#136}
  #136 EndStatement, FROM={#133}, TO={TestHaltPoint}
