 #2 ProcedureBlock, FROM={TestEntryPoint}, TO={#6}
  #6 ProcedureStatement, FROM={#2}, TO={#15}
  #15 DeclareStatement, FROM={#6}, TO={#73}
  #73 DeclareStatement, FROM={#15}, TO={#97}
  #97 SelectGroup, Label: SELECT (RESULT) ; WHEN (FXD_LEFT >= FXD_RIGHT) BEGIN; RESULT = (FXD_LEFT = FXD_RIGHT); END; WHEN (FXD_LEFT < FXD_RIGHT) BEGIN; RESULT = (FXD_LEFT < FXD_RIGHT); END; OTHERWISE RESULT = (FXD_LEFT < FXD_RIGHT); END;, FROM={#73}, TO={#122(FXD_LEFT >= FXD_RIGHT), #163(FXD_LEFT < FXD_RIGHT), #191(OTHERWISE)}
   #98 SelectStatement
   #107 WhenStatement
    #122 BeginBlock, FROM={#97(FXD_LEFT >= FXD_RIGHT)}, TO={#123}
     #123 BeginStatement, FROM={#122}, TO={#126}
     #126 AssignmentStatement, FROM={#123}, TO={#145}
     #145 EndStatement, FROM={#126}, TO={#210}
   #148 WhenStatement
    #163 BeginBlock, FROM={#97(FXD_LEFT < FXD_RIGHT)}, TO={#164}
     #164 BeginStatement, FROM={#163}, TO={#167}
     #167 AssignmentStatement, FROM={#164}, TO={#186}
     #186 EndStatement, FROM={#167}, TO={#210}
   #189 OtherwiseStatement
    #191 AssignmentStatement, FROM={#97(OTHERWISE)}, TO={#210}
   #210 EndStatement, FROM={#145, #186, #191}, TO={#213}
  #213 EndStatement, FROM={#210}, TO={TestHaltPoint}
