 #2 ProcedureBlock, FROM={TestEntryPoint}, TO={#6}
  #6 ProcedureStatement, FROM={#2}, TO={#15}
  #15 DeclareStatement, FROM={#6}, TO={#54}
  #48 AssignmentStatement, FROM={#128}, TO={#67}
    #54 FunctionReference, FROM={#15}, TO={#71(CALL)}
 #67 EndStatement, FROM={#48}, TO={TestHaltPoint}
 #71 ProcedureBlock, FROM={#54(CALL), TestEntryPoint}, TO={#75}
  #75 ProcedureStatement, FROM={#71}, TO={#95}
  #95 DeclareStatement, FROM={#75}, TO={#111}
  #111 AssignmentStatement, FROM={#95}, TO={#128}
  #128 ReturnStatement, FROM={#111}, TO={#48, TestReturnPoint}
  #137 EndStatement
