  #29 CFunctionDefinition, Function Name : main, FROM={TestEntryPoint}, TO={#40}
   #36 CExpressionStatement, FROM={#78}, TO={#43}
     #38 CFunctionReference, Label: myFunction(printNumber(1)), FROM={#57}, TO={#63(CALL)}
      #40 CFunctionReference, Label: printNumber(1), FROM={#29}, TO={#47(CALL)}
   #43 CReturnStatement, FROM={#36}, TO={TestReturnPoint}
  #47 CFunctionDefinition, Function Name : printNumber, FROM={#40(CALL), TestEntryPoint}, TO={#57}
   #57 CExpressionStatement, FROM={#47}, TO={#38, TestReturnPoint}
     #59 CFunctionReference
  #63 CFunctionDefinition, Function Name : myFunction, FROM={#38(CALL), TestEntryPoint}, TO={#78}
   #78 CExpressionStatement, FROM={#63}, TO={#36, TestReturnPoint}
     #80 CFunctionReference
