  #38 CFunctionDefinition, Function Name : main, FROM={TestEntryPoint}, TO={#51}
   #45 CExpressionStatement, FROM={#100}, TO={#53}
     #47 CFunctionReference, Label: helloworld(display(print())), FROM={#82}, TO={#86(CALL)}
      #49 CFunctionReference, Label: display(print()), FROM={#63}, TO={#68(CALL)}
       #51 CFunctionReference, Label: print(), FROM={#38}, TO={#57(CALL)}
   #53 CReturnStatement, FROM={#45}, TO={TestReturnPoint}
  #57 CFunctionDefinition, Function Name : print, FROM={#51(CALL), TestEntryPoint}, TO={#63}
   #63 CExpressionStatement, FROM={#57}, TO={#49, TestReturnPoint}
     #65 CFunctionReference
  #68 CFunctionDefinition, Function Name : display, FROM={#49(CALL), TestEntryPoint}, TO={#82}
   #82 CExpressionStatement, FROM={#68}, TO={#47, TestReturnPoint}
     #84 CFunctionReference
  #86 CFunctionDefinition, Function Name : helloworld, FROM={#47(CALL), TestEntryPoint}, TO={#100}
   #100 CExpressionStatement, FROM={#86}, TO={#45, TestReturnPoint}
     #102 CFunctionReference
