  #66 CFunctionDefinition, Function Name : main, FROM={TestEntryPoint}, TO={#77}
   #73 CExpressionStatement, FROM={#173}, TO={#85}
     #75 CFunctionReference, Label: helloworld(display(), print(print2(summ()))), FROM={#103}, TO={#147(CALL)}
      #77 CFunctionReference, Label: display(), FROM={#66}, TO={#136(CALL)}
      #79 CFunctionReference, Label: print(print2(summ())), FROM={#121}, TO={#89(CALL)}
       #81 CFunctionReference, Label: print2(summ()), FROM={#131}, TO={#107(CALL)}
        #83 CFunctionReference, Label: summ(), FROM={#142}, TO={#125(CALL)}
   #85 CReturnStatement, FROM={#73}, TO={TestReturnPoint}
  #89 CFunctionDefinition, Function Name : print, FROM={#79(CALL), TestEntryPoint}, TO={#103}
   #103 CExpressionStatement, FROM={#89}, TO={#75, TestReturnPoint}
     #105 CFunctionReference
  #107 CFunctionDefinition, Function Name : print2, FROM={#81(CALL), TestEntryPoint}, TO={#121}
   #121 CExpressionStatement, FROM={#107}, TO={#79, TestReturnPoint}
     #123 CFunctionReference
  #125 CFunctionDefinition, Function Name : summ, FROM={#83(CALL), TestEntryPoint}, TO={#131}
   #131 CExpressionStatement, FROM={#125}, TO={#81, TestReturnPoint}
     #133 CFunctionReference
  #136 CFunctionDefinition, Function Name : display, FROM={#77(CALL), TestEntryPoint}, TO={#142}
   #142 CExpressionStatement, FROM={#136}, TO={#83, TestReturnPoint}
     #144 CFunctionReference
  #147 CFunctionDefinition, Function Name : helloworld, FROM={#75(CALL), TestEntryPoint}, TO={#169}
   #169 CExpressionStatement, FROM={#147}, TO={#173}
     #171 CFunctionReference
   #173 CExpressionStatement, FROM={#169}, TO={#73, TestReturnPoint}
     #175 CFunctionReference
