QNMSW06 DFHMSD TYPE=MAP,MODE=INOUT,LANG=COBOL,TIOAPFX=YES,             X
               CTRL=(FREEKB,FRSET)
MAPSW06 DFHMDI SIZE=(24,80),DATA=FIELD
S6INFO  DFHMDF POS=(09,34),ATTRB=(ASKIP),LENGTH=29,INITIAL='<=== VALID X
               CODES: SPACE, 1-4'
        DFHMDF POS=(10,05),ATTRB=(ASKIP),LENGTH=20,INITIAL='DEPENDENT AX
               LLOWANCE:'
S6DPA   DFHMDF POS=(10,29),ATTRB=(ASKIP),LENGTH=01
        DFHMDF POS=(10,34),ATTRB=(ASKIP),LENGTH=29,INITIAL='<=== VALID X
               CODES: SPACE, 1-2'
        DFHMDF POS=(11,09),ATTRB=(ASKIP),LENGTH=16,INITIAL='IB4 PARTICIX
               PANT:'
QNMSW06 DFHMSD TYPE=FINAL
MAPSW07 DFHMDI SIZE=(24,80),DATA=FIELD
S6INFO  DFHMDF POS=(09,34),ATTRB=(ASKIP),LENGTH=29,INITIAL='<=== VALID X
               CODES: SPACE, 1-4'
        DFHMDF POS=(10,05),ATTRB=(ASKIP),LENGTH=20,INITIAL='DEPENDENT AX
               LLOWANCE:'
S6DPA   DFHMDF POS=(10,29),ATTRB=(ASKIP),LENGTH=01
        DFHMDF POS=(10,34),ATTRB=(ASKIP),LENGTH=29,INITIAL='<=== VALID X
               CODES: SPACE, 1-2'
        DFHMDF POS=(11,09),ATTRB=(ASKIP),LENGTH=16,INITIAL='IB4 PARTICIX
               PANT:'
QNMSW06 DFHMSD TYPE=FINAL
        END
