*          DATA SET ESPN01M    AT LEVEL 009 AS OF 07/25/07
*          DATA SET ESPN01M    AT LEVEL 008 AS OF 08/25/82
         TITLE 'MAIN OPTION MAPSET' LOL TEXT
         PRINT NOGEN
         SPACE
MTEMAP4 DFHMSD   TYPE=MAP,                 LOL TEXT                    *
               MODE=INOUT,                                             *
               MAPATTS=(COLOR,HILIGHT),         LOL TEXT               *
                   DSATTS=(COLOR,HILIGHT),                             *
               LANG=COBOL,                                             *
               BASE=MAPBASE,          LOL TEXT                         *
               DATA=FIELD, (Stopper),                                  *
               TIOAPFX=YES LOL TEXT
MTEMAP4 DFHMDI SIZE=(24,80)
        DFHMDF POS=(1,1),LENGTH=10,ATTRB=(PROT,NORM),                  *
               INITIAL='WHITESPACE'
HEADER1 DFHMDF POS=(6,11),LENGTH=8,                                    *
               INITIAL='START->|',ATTRB=(ASKIP,NORM)
        DFHMDF POS=(6,20),LENGTH=85,        LOL TEXT                   *
               INITIAL='I TRIED SO HARD ''& GOT SO FAR, BUT IN THE END-*
               IT DOESN T EVEN MATTER. I HAD TO FALL:',ATTRB=(PROT,BRT)
        DFHMDF POS=(7,26),LENGTH=6,INITIAL='|<-END',ATTRB=(PROT,BRT)
PREF01  DFHMDF POS=(9,1),LENGTH=12,INITIAL='NORMAL INPUT',             *
               ATTRB=(PROT,NORM)
FIELD01 DFHMDF POS=(9,14),LENGTH=10,INITIAL='__________',  LOL TEXT    *
               ATTRB=(UNPROT,IC)
PREF03  DFHMDF POS=(12,1),LENGTH=9,INITIAL='OUTPUT 1:',                *
               ATTRB=(PROT,NORM)             LOL TEXT
OUT01   DFHMDF POS=(12,11),LENGTH=10,ATTRB=(PROT,NORM)
        DFHMSD TYPE=FINAL
        END
