**************************************************                              
*   THIS BMS MACRO FOR UTACTVA WAS CREATED       *                              
*   AS A ACCOUNT NAME AND TYPE SELECTION PROGRAM *                              
*   FOR STRATEGIC HIERARCHY PROJECT - UTOR SCREEN*                              
**************************************************                              
         PRINT NOGEN                                                            
UTACTVA  DFHMSD  TYPE=&SYSPARM,                                        X        
               LANG=COBOL,                                             X        
               MODE=INOUT,                                             X        
               CTRL=(FREEKB,FRSET),                                    X        
               TIOAPFX=YES,                                            X        
               STORAGE=AUTO                                                     
*                                                                               
UMACTVA  DFHMDI  SIZE=(24,80),                                         X        
               LINE=01,                                                X        
               COLUMN=01,                                              X        
               MAPATTS=(COLOR,HILIGHT),                                X        
               DSATTS=(COLOR,HILIGHT)                                          
*                                                                               
* MAP-FIELD DEFINITION FOR UTMACTVA                                             
* MAP-NAME OF UTMACTVA                                                          
*                                                                               
MAPNAME  DFHMDF POS=(01,01),                                           X        
               LENGTH=8,                                               X        
               ATTRB=(PROT,NORM),                                      X        
               COLOR=DEFAULT,                                          X        
               HILIGHT=OFF,                                            X        
               INITIAL='UTMACTVA'                                               
*                                                                               
* MAP-FIELD DEFINITION FOR UTMACTVA                                             
* TITLE OF UTMACTVA                                                             
*                                                                               
MPTITLE  DFHMDF POS=(01,19),                                           X        
               LENGTH=43,                                              X        
               ATTRB=(PROT,NORM),                                      X        
               COLOR=DEFAULT,                                          X        
               HILIGHT=OFF                                                      
*                                                                               
* MAP-FIELD DEFINITION FOR UTMACTVA                                             
* DIALOG-NAME OF UTMACTVA                                                       
*                                                                               
MPDIALG  DFHMDF POS=(01,72),                                           X        
               LENGTH=8,                                               X        
               ATTRB=(PROT,NORM),                                      X        
               COLOR=DEFAULT,                                          X        
               HILIGHT=OFF,                                            X        
               INITIAL='UTDACTVA'                                               
*                                                                               
* MAP-FIELD DEFINITION FOR UTMACTVA                                             
* ACCOUNT TYPE OR NAME SELCTION LITERAL OF UTMACTVA                             
*                                                                               
HDLINEL  DFHMDF POS=(04,04),                                           X        
               LENGTH=31,                                              X        
               ATTRB=(PROT,NORM),                                      X        
               COLOR=DEFAULT,                                          X        
               HILIGHT=OFF,                                            X        
               INITIAL='SELECT ANY ONE OF THE FOLLOWING'                        
*                                                                               
HDLINE1  DFHMDF POS=(04,36),                                           X        
               LENGTH=20,                                              X        
               ATTRB=(PROT,NORM,FSET),                                 X        
               COLOR=DEFAULT,                                          X        
               HILIGHT=OFF                                                      
*                                                                               
ENTNM    DFHMDF POS=(06,04),                                           X        
               LENGTH=60,                                              X        
               ATTRB=(PROT,NORM),                                      X        
               COLOR=DEFAULT,                                          X        
               HILIGHT=OFF                                                      
*                                                                               
*                                                                               
SELEC01  DFHMDF POS=(07,01),                                           X        
               LENGTH=01,                                              X        
               ATTRB=(UNPROT,NORM,FSET,IC),                            X        
               COLOR=DEFAULT,                                          X        
               HILIGHT=OFF                                                      
*                                                                               
         DFHMDF POS=(07,03),                                           X        
               LENGTH=0,                                               X        
               ATTRB=ASKIP                                                      
*                                                                               
ACT01    DFHMDF POS=(07,04),                                           X        
               LENGTH=35,                                              X        
               ATTRB=(PROT,NORM,FSET),                                 X        
               COLOR=DEFAULT,                                          X        
               HILIGHT=OFF                                                      
*                                                                               
         DFHMDF POS=(07,40),                                           X        
               LENGTH=0,                                               X        
               ATTRB=ASKIP                                                      
                                                                                
ACN01    DFHMDF POS=(07,44),                                           X        
               LENGTH=35,                                              X        
               ATTRB=(PROT,NORM,FSET),                                 X        
               COLOR=DEFAULT,                                          X        
               HILIGHT=OFF                                                      
*                                                                               
         DFHMDF POS=(07,80),                                           X        
               LENGTH=0,                                               X        
               ATTRB=ASKIP                                                      
                                                                                
*                                                                               
SELEC02  DFHMDF POS=(08,01),                                           X        
               LENGTH=01,                                              X        
               ATTRB=(UNPROT,NORM,FSET),                               X        
               COLOR=DEFAULT,                                          X        
               HILIGHT=OFF                                                      
                                                                                
         DFHMDF POS=(08,03),                                           X        
               LENGTH=0,                                               X        
               ATTRB=ASKIP                                                      
                                                                                
ACT02    DFHMDF POS=(08,04),                                           X        
               LENGTH=35,                                              X        
               ATTRB=(PROT,NORM,FSET),                                 X        
               COLOR=DEFAULT,                                          X        
               HILIGHT=OFF                                                      
*                                                                               
         DFHMDF POS=(08,40),                                           X        
               LENGTH=0,                                               X        
               ATTRB=ASKIP                                                      
ACN02    DFHMDF POS=(08,44),                                           X        
               LENGTH=35,                                              X        
               ATTRB=(PROT,NORM,FSET),                                 X        
               COLOR=DEFAULT,                                          X        
               HILIGHT=OFF                                                      
*                                                                               
         DFHMDF POS=(08,80),                                           X        
               LENGTH=0,                                               X        
               ATTRB=ASKIP                                                      
                                                                                
*                                                                               
SELEC03  DFHMDF POS=(09,01),                                           X        
               LENGTH=01,                                              X        
               ATTRB=(UNPROT,NORM,FSET),                               X        
               COLOR=DEFAULT,                                          X        
               HILIGHT=OFF                                                      
                                                                                
         DFHMDF POS=(09,03),                                           X        
               LENGTH=0,                                               X        
               ATTRB=ASKIP                                                      
                                                                                
ACT03    DFHMDF POS=(09,04),                                           X        
               LENGTH=35,                                              X        
               ATTRB=(PROT,NORM,FSET),                                 X        
               COLOR=DEFAULT,                                          X        
               HILIGHT=OFF                                                      
*                                                                               
         DFHMDF POS=(09,40),                                           X        
               LENGTH=0,                                               X        
               ATTRB=ASKIP                                                      
                                                                                
ACN03    DFHMDF POS=(09,44),                                           X        
               LENGTH=35,                                              X        
               ATTRB=(PROT,NORM,FSET),                                 X        
               COLOR=DEFAULT,                                          X        
               HILIGHT=OFF                                                      
*                                                                               
         DFHMDF POS=(09,80),                                           X        
               LENGTH=0,                                               X        
               ATTRB=ASKIP                                                      
                                                                                
*                                                                               
SELEC04  DFHMDF POS=(10,01),                                           X        
               LENGTH=01,                                              X        
               ATTRB=(UNPROT,NORM,FSET),                               X        
               COLOR=DEFAULT,                                          X        
               HILIGHT=OFF                                                      
                                                                                
         DFHMDF POS=(10,03),                                           X        
               LENGTH=0,                                               X        
               ATTRB=ASKIP                                                      
                                                                                
ACT04    DFHMDF POS=(10,04),                                           X        
               LENGTH=35,                                              X        
               ATTRB=(PROT,NORM,FSET),                                 X        
               COLOR=DEFAULT,                                          X        
               HILIGHT=OFF                                                      
*                                                                               
         DFHMDF POS=(10,40),                                           X        
               LENGTH=0,                                               X        
               ATTRB=ASKIP                                                      
*                                                                               
ACN04    DFHMDF POS=(10,44),                                           X        
               LENGTH=35,                                              X        
               ATTRB=(PROT,NORM,FSET),                                 X        
               COLOR=DEFAULT,                                          X        
               HILIGHT=OFF                                                      
*                                                                               
         DFHMDF POS=(10,80),                                           X        
               LENGTH=0,                                               X        
               ATTRB=ASKIP                                                      
                                                                                
                                                                                
SELEC05  DFHMDF POS=(11,01),                                           X        
               LENGTH=01,                                              X        
               ATTRB=(UNPROT,NORM,FSET),                               X        
               COLOR=DEFAULT,                                          X        
               HILIGHT=OFF                                                      
                                                                                
         DFHMDF POS=(11,03),                                           X        
               LENGTH=0,                                               X        
               ATTRB=ASKIP                                                      
                                                                                
ACT05    DFHMDF POS=(11,04),                                           X        
               LENGTH=35,                                              X        
               ATTRB=(PROT,NORM,FSET),                                 X        
               COLOR=DEFAULT,                                          X        
               HILIGHT=OFF                                                      
*                                                                               
         DFHMDF POS=(11,40),                                           X        
               LENGTH=0,                                               X        
               ATTRB=ASKIP                                                      
*                                                                               
ACN05    DFHMDF POS=(11,44),                                           X        
               LENGTH=35,                                              X        
               ATTRB=(PROT,NORM,FSET),                                 X        
               COLOR=DEFAULT,                                          X        
               HILIGHT=OFF                                                      
*                                                                               
         DFHMDF POS=(11,80),                                           X        
               LENGTH=0,                                               X        
               ATTRB=ASKIP                                                      
                                                                                
                                                                                
SELEC06  DFHMDF POS=(12,01),                                           X        
               LENGTH=01,                                              X        
               ATTRB=(UNPROT,NORM,FSET),                               X        
               COLOR=DEFAULT,                                          X        
               HILIGHT=OFF                                                      
                                                                                
         DFHMDF POS=(12,03),                                           X        
               LENGTH=0,                                               X        
               ATTRB=ASKIP                                                      
                                                                                
ACT06    DFHMDF POS=(12,04),                                           X        
               LENGTH=35,                                              X        
               ATTRB=(PROT,NORM,FSET),                                 X        
               COLOR=DEFAULT,                                          X        
               HILIGHT=OFF                                                      
*                                                                               
         DFHMDF POS=(12,40),                                           X        
               LENGTH=0,                                               X        
               ATTRB=ASKIP                                                      
*                                                                               
ACN06    DFHMDF POS=(12,44),                                           X        
               LENGTH=35,                                              X        
               ATTRB=(PROT,NORM,FSET),                                 X        
               COLOR=DEFAULT,                                          X        
               HILIGHT=OFF                                                      
*                                                                               
         DFHMDF POS=(12,80),                                           X        
               LENGTH=0,                                               X        
               ATTRB=ASKIP                                                      
                                                                                
                                                                                
SELEC07  DFHMDF POS=(13,01),                                           X        
               LENGTH=01,                                              X        
               ATTRB=(UNPROT,NORM,FSET),                               X        
               COLOR=DEFAULT,                                          X        
               HILIGHT=OFF                                                      
                                                                                
         DFHMDF POS=(13,03),                                           X        
               LENGTH=0,                                               X        
               ATTRB=ASKIP                                                      
                                                                                
ACT07    DFHMDF POS=(13,04),                                           X        
               LENGTH=35,                                              X        
               ATTRB=(PROT,NORM,FSET),                                 X        
               COLOR=DEFAULT,                                          X        
               HILIGHT=OFF                                                      
*                                                                               
         DFHMDF POS=(13,40),                                           X        
               LENGTH=0,                                               X        
               ATTRB=ASKIP                                                      
*                                                                               
ACN07    DFHMDF POS=(13,44),                                           X        
               LENGTH=35,                                              X        
               ATTRB=(PROT,NORM,FSET),                                 X        
               COLOR=DEFAULT,                                          X        
               HILIGHT=OFF                                                      
*                                                                               
         DFHMDF POS=(13,80),                                           X        
               LENGTH=0,                                               X        
               ATTRB=ASKIP                                                      
                                                                                
                                                                                
SELEC08  DFHMDF POS=(14,01),                                           X        
               LENGTH=01,                                              X        
               ATTRB=(UNPROT,NORM,FSET),                               X        
               COLOR=DEFAULT,                                          X        
               HILIGHT=OFF                                                      
                                                                                
         DFHMDF POS=(14,03),                                           X        
               LENGTH=0,                                               X        
               ATTRB=ASKIP                                                      
                                                                                
ACT08    DFHMDF POS=(14,04),                                           X        
               LENGTH=35,                                              X        
               ATTRB=(PROT,NORM,FSET),                                 X        
               COLOR=DEFAULT,                                          X        
               HILIGHT=OFF                                                      
*                                                                               
         DFHMDF POS=(14,40),                                           X        
               LENGTH=0,                                               X        
               ATTRB=ASKIP                                                      
*                                                                               
ACN08    DFHMDF POS=(14,44),                                           X        
               LENGTH=35,                                              X        
               ATTRB=(PROT,NORM,FSET),                                 X        
               COLOR=DEFAULT,                                          X        
               HILIGHT=OFF                                                      
*                                                                               
         DFHMDF POS=(14,80),                                           X        
               LENGTH=0,                                               X        
               ATTRB=ASKIP                                                      
                                                                                
                                                                                
SELEC09  DFHMDF POS=(15,01),                                           X        
               LENGTH=01,                                              X        
               ATTRB=(UNPROT,NORM,FSET),                               X        
               COLOR=DEFAULT,                                          X        
               HILIGHT=OFF                                                      
                                                                                
         DFHMDF POS=(15,03),                                           X        
               LENGTH=0,                                               X        
               ATTRB=ASKIP                                                      
                                                                                
ACT09    DFHMDF POS=(15,04),                                           X        
               LENGTH=35,                                              X        
               ATTRB=(PROT,NORM,FSET),                                 X        
               COLOR=DEFAULT,                                          X        
               HILIGHT=OFF                                                      
*                                                                               
         DFHMDF POS=(15,40),                                           X        
               LENGTH=0,                                               X        
               ATTRB=ASKIP                                                      
*                                                                               
ACN09    DFHMDF POS=(15,44),                                           X        
               LENGTH=35,                                              X        
               ATTRB=(PROT,NORM,FSET),                                 X        
               COLOR=DEFAULT,                                          X        
               HILIGHT=OFF                                                      
*                                                                               
         DFHMDF POS=(15,80),                                           X        
               LENGTH=0,                                               X        
               ATTRB=ASKIP                                                      
                                                                                
SELEC10  DFHMDF POS=(16,01),                                           X        
               LENGTH=01,                                              X        
               ATTRB=(UNPROT,NORM,FSET),                               X        
               COLOR=DEFAULT,                                          X        
               HILIGHT=OFF                                                      
                                                                                
         DFHMDF POS=(16,03),                                           X        
               LENGTH=0,                                               X        
               ATTRB=ASKIP                                                      
                                                                                
ACT10    DFHMDF POS=(16,04),                                           X        
               LENGTH=35,                                              X        
               ATTRB=(PROT,NORM,FSET),                                 X        
               COLOR=DEFAULT,                                          X        
               HILIGHT=OFF                                                      
*                                                                               
         DFHMDF POS=(16,40),                                           X        
               LENGTH=0,                                               X        
               ATTRB=ASKIP                                                      
*                                                                               
ACN10    DFHMDF POS=(16,44),                                           X        
               LENGTH=35,                                              X        
               ATTRB=(PROT,NORM,FSET),                                 X        
               COLOR=DEFAULT,                                          X        
               HILIGHT=OFF                                                      
*                                                                               
         DFHMDF POS=(16,80),                                           X        
               LENGTH=0,                                               X        
               ATTRB=ASKIP                                                      
                                                                                
SELEC11  DFHMDF POS=(17,01),                                           X        
               LENGTH=01,                                              X        
               ATTRB=(UNPROT,NORM,FSET),                               X        
               COLOR=DEFAULT,                                          X        
               HILIGHT=OFF                                                      
                                                                                
         DFHMDF POS=(17,03),                                           X        
               LENGTH=0,                                               X        
               ATTRB=ASKIP                                                      
                                                                                
ACT11    DFHMDF POS=(17,04),                                           X        
               LENGTH=35,                                              X        
               ATTRB=(PROT,NORM,FSET),                                 X        
               COLOR=DEFAULT,                                          X        
               HILIGHT=OFF                                                      
*                                                                               
         DFHMDF POS=(17,40),                                           X        
               LENGTH=0,                                               X        
               ATTRB=ASKIP                                                      
*                                                                               
ACN11    DFHMDF POS=(17,44),                                           X        
               LENGTH=35,                                              X        
               ATTRB=(PROT,NORM,FSET),                                 X        
               COLOR=DEFAULT,                                          X        
               HILIGHT=OFF                                                      
*                                                                               
         DFHMDF POS=(17,80),                                           X        
               LENGTH=0,                                               X        
               ATTRB=ASKIP                                                      
                                                                                
SELEC12  DFHMDF POS=(18,01),                                           X        
               LENGTH=01,                                              X        
               ATTRB=(UNPROT,NORM,FSET),                               X        
               COLOR=DEFAULT,                                          X        
               HILIGHT=OFF                                                      
                                                                                
         DFHMDF POS=(18,03),                                           X        
               LENGTH=0,                                               X        
               ATTRB=ASKIP                                                      
                                                                                
ACT12    DFHMDF POS=(18,04),                                           X        
               LENGTH=35,                                              X        
               ATTRB=(PROT,NORM,FSET),                                 X        
               COLOR=DEFAULT,                                          X        
               HILIGHT=OFF                                                      
*                                                                               
         DFHMDF POS=(19,40),                                           X        
               LENGTH=0,                                               X        
               ATTRB=ASKIP                                                      
*                                                                               
ACN12    DFHMDF POS=(18,44),                                           X        
               LENGTH=35,                                              X        
               ATTRB=(PROT,NORM,FSET),                                 X        
               COLOR=DEFAULT,                                          X        
               HILIGHT=OFF                                                      
*                                                                               
         DFHMDF POS=(18,80),                                           X        
               LENGTH=0,                                               X        
               ATTRB=ASKIP                                                      
                                                                                
SELEC13  DFHMDF POS=(19,01),                                           X        
               LENGTH=01,                                              X        
               ATTRB=(UNPROT,NORM,FSET),                               X        
               COLOR=DEFAULT,                                          X        
               HILIGHT=OFF                                                      
                                                                                
         DFHMDF POS=(19,03),                                           X        
               LENGTH=0,                                               X        
               ATTRB=ASKIP                                                      
                                                                                
ACT13    DFHMDF POS=(19,04),                                           X        
               LENGTH=35,                                              X        
               ATTRB=(PROT,NORM,FSET),                                 X        
               COLOR=DEFAULT,                                          X        
               HILIGHT=OFF                                                      
*                                                                               
         DFHMDF POS=(19,40),                                           X        
               LENGTH=0,                                               X        
               ATTRB=ASKIP                                                      
*                                                                               
ACN13    DFHMDF POS=(19,44),                                           X        
               LENGTH=35,                                              X        
               ATTRB=(PROT,NORM,FSET),                                 X        
               COLOR=DEFAULT,                                          X        
               HILIGHT=OFF                                                      
*                                                                               
         DFHMDF POS=(19,80),                                           X        
               LENGTH=0,                                               X        
               ATTRB=ASKIP                                                      
                                                                                
SELEC14  DFHMDF POS=(20,01),                                           X        
               LENGTH=01,                                              X        
               ATTRB=(UNPROT,NORM,FSET),                               X        
               COLOR=DEFAULT,                                          X        
               HILIGHT=OFF                                                      
                                                                                
         DFHMDF POS=(20,03),                                           X        
               LENGTH=0,                                               X        
               ATTRB=ASKIP                                                      
                                                                                
ACT14    DFHMDF POS=(20,04),                                           X        
               LENGTH=35,                                              X        
               ATTRB=(PROT,NORM,FSET),                                 X        
               COLOR=DEFAULT,                                          X        
               HILIGHT=OFF                                                      
*                                                                               
         DFHMDF POS=(20,40),                                           X        
               LENGTH=0,                                               X        
               ATTRB=ASKIP                                                      
*                                                                               
ACN14    DFHMDF POS=(20,44),                                           X        
               LENGTH=35,                                              X        
               ATTRB=(PROT,NORM,FSET),                                 X        
               COLOR=DEFAULT,                                          X        
               HILIGHT=OFF                                                      
*                                                                               
         DFHMDF POS=(20,80),                                           X        
               LENGTH=0,                                               X        
               ATTRB=ASKIP                                                      
                                                                                
                                                                                
* MAP-FIELD DEFINITION FOR UTMACTVA                                             
* PAGING LOGIC FIELD OF UTMACTVA                                                
*                                                                               
PGLGC    DFHMDF POS=(22,65),                                           X        
               LENGTH=13,                                              X        
               ATTRB=(PROT,NORM,FSET),                                 X        
               COLOR=DEFAULT,                                          X        
               HILIGHT=OFF                                                      
                                                                                
MSGFLD   DFHMDF POS=(22,80),                                           X        
               LENGTH=80,                                              X        
               ATTRB=(PROT,BRT,FSET),                                  X        
               COLOR=DEFAULT,                                          X        
               HILIGHT=OFF                                                      
                                                                                
PFKEYS   DFHMDF POS=(24,01),                                           X        
               LENGTH=77,                                              X        
               ATTRB=(PROT,NORM,FSET),                                 X        
               COLOR=DEFAULT,                                          X        
               HILIGHT=OFF                                                      
                                                                                
         DFHMSD TYPE=FINAL                                                      
                END                                                             
