 #2 ProcedureBlock, FROM={TestEntryPoint}, TO={#6}
  #6 ProcedureStatement, FROM={#2}, TO={#15}
  #15 SelectGroup, Label: SELECT ; WHEN (LABEL_A()) PUT SKIP LIST('INSIDE WHEN LABEL_A'); WHEN (LABEL_B()) PUT SKIP LIST('INSIDE WHEN LABEL_B'); OTHERWISE PUT SKIP LIST('NO MATCH FOUND'); END;, FROM={#6}, TO={#30(LABEL_A()), #56(LABEL_B()), #73(OTHERWISE)}
   #16 SelectStatement
   #19 WhenStatement
    #30 PutStatement, FROM={#15(LABEL_A())}, TO={#88}
   #45 WhenStatement
    #56 PutStatement, FROM={#15(LABEL_B())}, TO={#88}
   #71 OtherwiseStatement
    #73 PutStatement, FROM={#15(OTHERWISE)}, TO={#88}
   #88 EndStatement, FROM={#30, #56, #73}, TO={#91}
  #91 EndStatement, FROM={#88}, TO={TestHaltPoint}
