 #2 ProcedureBlock, FROM={TestEntryPoint}, TO={#6}
  #6 ProcedureStatement, FROM={#2}, TO={#15}
  #15 DeclareStatement, FROM={#6}, TO={#39}
  #39 DeclareStatement, FROM={#15}, TO={#63}
  #63 DoGroup, Label: LABEL: DO UNTIL (FXD_1 < 1) ; FXD_1 = FXD_2; END;, FROM={#39, #94}, TO={#84(LOOP BODY), #97(LOOP END)}
   #67 DoStatement
   #84 AssignmentStatement, FROM={#63(LOOP BODY)}, TO={#94}
   #94 EndStatement, FROM={#84}, TO={#63}
  #97 DoGroup, Label: DO UNTIL ( FXD_1 > 1); PUT SKIP LIST('INSIDE DO WHILE LOOP'); PUT SKIP LIST('FXD_1 VALUE IS ', FXD_1); FXD_1 = FXD_1 + 1; END;, FROM={#167, #63(LOOP END)}, TO={#115(LOOP BODY), #170(LOOP END)}
   #98 DoStatement
   #115 PutStatement, FROM={#97(LOOP BODY)}, TO={#130}
   #130 PutStatement, FROM={#115}, TO={#151}
   #151 AssignmentStatement, FROM={#130}, TO={#167}
   #167 EndStatement, FROM={#151}, TO={#97}
  #170 DoGroup, Label: DO WHILE (FXD_1 < FXD_2) UNTIL (FXD_1 < 1) ; PUT SKIP LIST('INSIDE DO WHILE LOOP'); PUT SKIP LIST('FXD_1 VALUE=' , FXD_1); PUT SKIP LIST('FXD_2 VALUE=' , FXD_2); FXD_2 = FXD_2 - 1; END;, FROM={#276, #97(LOOP END)}, TO={#203(LOOP BODY), #279(LOOP END)}
   #171 DoStatement
   #203 PutStatement, FROM={#170(LOOP BODY)}, TO={#218}
   #218 PutStatement, FROM={#203}, TO={#239}
   #239 PutStatement, FROM={#218}, TO={#260}
   #260 AssignmentStatement, FROM={#239}, TO={#276}
   #276 EndStatement, FROM={#260}, TO={#170}
  #279 EndStatement, FROM={#170(LOOP END)}, TO={TestHaltPoint}
