#11 ProcedureDivision
 #12 CobolIfStmt <branch stmt>, Label: IF MMRS-LOGIN-OK, FROM={TestEntryPoint}, TO={#15(TRUE), #19(FALSE)}
  #15 CobolThenBlock, FROM={#12(TRUE)}, TO={#16}
   #16 CobolDisplayStmt 'if', FROM={#15}, TO={#19}
 #19 CobolDisplayStmt 'after', FROM={#12(FALSE), #16}, TO={#22}
 #22 CobolGoBackStmt, FROM={#19}, TO={TestReturnPoint}
 #23 CobolEndStmt
