#11 ProcedureDivision
 #12 CobolIfStmt <branch stmt>, Label: IF MMRS-LOGIN-OK, FROM={TestEntryPoint}, TO={#15(TRUE), #39(FALSE)}
  #15 CobolThenBlock, FROM={#12(TRUE)}, TO={#16}
   #16 CobolDisplayStmt 'if', FROM={#15}, TO={#19}
   #19 CobolIfStmt <branch stmt>, Label: IF MMRS-LOGIN-OK, FROM={#16}, TO={#22(TRUE), #29(FALSE)}
    #22 CobolThenBlock, FROM={#19(TRUE)}, TO={#23}
     #23 CobolDisplayStmt 'if2', FROM={#22}, TO={#26}
     #26 CobolDisplayStmt 'if3', FROM={#23}, TO={#36}
    #29 CobolElseBlock, FROM={#19(FALSE)}, TO={#30}
     #30 CobolDisplayStmt 'else', FROM={#29}, TO={#33}
     #33 CobolDisplayStmt 'else2', FROM={#30}, TO={#36}
   #36 CobolDisplayStmt 'else3', FROM={#26, #33}, TO={#46}
  #39 CobolElseBlock, FROM={#12(FALSE)}, TO={#40}
   #40 CobolDisplayStmt 'else4', FROM={#39}, TO={#43}
   #43 CobolDisplayStmt 'else5', FROM={#40}, TO={#46}
 #46 CobolLabelStmt LABEL1 , FROM={#36, #43}, TO={#47}
  #47 CobolDisplayStmt 'after', FROM={#46}, TO={#50}
  #50 CobolGoBackStmt, FROM={#47}, TO={TestReturnPoint}
  #51 CobolEndStmt
