AstNode [type=ImpProgramObjectImpl, moduleId=1, location=AstNodeLocation [retracedOffset=0, retracedLength=167, assembledOffset=0, assembledLength=167, rootRelativeOffset=0, rootRelativeLength=167, rootRelativeStartLineNumber=1, rootRelativeEndLineNumber=16], inclusionLevel=-1, inclusionOrdinal=-1, hasAstModuleId=1]
 AstNode [type=DefineDataStmt, moduleId=1, location=AstNodeLocation [retracedOffset=0, retracedLength=48, assembledOffset=0, assembledLength=48, rootRelativeOffset=0, rootRelativeLength=48, rootRelativeStartLineNumber=1, rootRelativeEndLineNumber=4], inclusionLevel=-1, inclusionOrdinal=-1]
  AstNode [type=NaturalDataAreaNode, moduleId=1, location=AstNodeLocation [retracedOffset=13, retracedLength=23, assembledOffset=13, assembledLength=23, rootRelativeOffset=13, rootRelativeLength=23, rootRelativeStartLineNumber=2, rootRelativeEndLineNumber=3], inclusionLevel=-1, inclusionOrdinal=-1, properties=[dataAreaType=LOCAL]]
   AstNode [type=Variable, moduleId=1, location=AstNodeLocation [retracedOffset=22, retracedLength=14, assembledOffset=22, assembledLength=14, rootRelativeOffset=22, rootRelativeLength=14, rootRelativeStartLineNumber=3, rootRelativeEndLineNumber=3], inclusionLevel=-1, inclusionOrdinal=-1, properties=[byteLength=10, languageType=A, name=#WF-LINE, nameLength=8, nameOffset=0]]
    AstNode [type=Simple, moduleId=1, location=AstNodeLocation [retracedOffset=31, retracedLength=5, assembledOffset=31, assembledLength=5, rootRelativeOffset=31, rootRelativeLength=5, rootRelativeStartLineNumber=3, rootRelativeEndLineNumber=3], inclusionLevel=-1, inclusionOrdinal=-1]
     AstNode [type=AlphaNumeric, moduleId=1, location=AstNodeLocation [retracedOffset=32, retracedLength=3, assembledOffset=32, assembledLength=3, rootRelativeOffset=32, rootRelativeLength=3, rootRelativeStartLineNumber=3, rootRelativeEndLineNumber=3], inclusionLevel=-1, inclusionOrdinal=-1]
    AstNode [type=NotInitialized, moduleId=1, location=AstNodeLocation [retracedOffset=-1, retracedLength=1, assembledOffset=-1, assembledLength=1, rootRelativeOffset=-1, rootRelativeLength=1, rootRelativeStartLineNumber=0, rootRelativeEndLineNumber=1], inclusionLevel=-1, inclusionOrdinal=-1]
 AstNode [type=ReadWorkFileStmt, moduleId=1, location=AstNodeLocation [retracedOffset=52, retracedLength=37, assembledOffset=52, assembledLength=37, rootRelativeOffset=52, rootRelativeLength=37, rootRelativeStartLineNumber=6, rootRelativeEndLineNumber=8], inclusionLevel=-1, inclusionOrdinal=-1, properties=[fileAccessType=READ, LABEL_END_OFFSET=76, LABEL_START_OFFSET=52]]
  AstNode [type=Select, moduleId=1, location=AstNodeLocation [retracedOffset=69, retracedLength=8, assembledOffset=69, assembledLength=8, rootRelativeOffset=69, rootRelativeLength=8, rootRelativeStartLineNumber=6, rootRelativeEndLineNumber=6], inclusionLevel=-1, inclusionOrdinal=-1]
   AstNode [type=Field, moduleId=1, location=AstNodeLocation [retracedOffset=69, retracedLength=8, assembledOffset=69, assembledLength=8, rootRelativeOffset=69, rootRelativeLength=8, rootRelativeStartLineNumber=6, rootRelativeEndLineNumber=6], inclusionLevel=-1, inclusionOrdinal=-1]
    AstNode [type=Var, moduleId=1, location=AstNodeLocation [retracedOffset=69, retracedLength=8, assembledOffset=69, assembledLength=8, rootRelativeOffset=69, rootRelativeLength=8, rootRelativeStartLineNumber=6, rootRelativeEndLineNumber=6], inclusionLevel=-1, inclusionOrdinal=-1, relations={ REFERS [to=Variable[#WF-LINE (A10)]], BINDING [to=Variable[#WF-LINE (A10)], label=definedBy] }, properties=[unresolvedFieldName=#WF-LINE]]
  AstNode [type=EveryRecord, moduleId=1, location=AstNodeLocation [retracedOffset=-1, retracedLength=1, assembledOffset=-1, assembledLength=1, rootRelativeOffset=-1, rootRelativeLength=1, rootRelativeStartLineNumber=0, rootRelativeEndLineNumber=1], inclusionLevel=-1, inclusionOrdinal=-1]
 AstNode [type=WriteWorkFileStmt, moduleId=1, location=AstNodeLocation [retracedOffset=93, retracedLength=26, assembledOffset=93, assembledLength=26, rootRelativeOffset=93, rootRelativeLength=26, rootRelativeStartLineNumber=10, rootRelativeEndLineNumber=10], inclusionLevel=-1, inclusionOrdinal=-1, properties=[fileAccessType=WRITE]]
  AstNode [type=Ref, moduleId=1, location=AstNodeLocation [retracedOffset=111, retracedLength=8, assembledOffset=111, assembledLength=8, rootRelativeOffset=111, rootRelativeLength=8, rootRelativeStartLineNumber=10, rootRelativeEndLineNumber=10], inclusionLevel=-1, inclusionOrdinal=-1]
   AstNode [type=Var, moduleId=1, location=AstNodeLocation [retracedOffset=111, retracedLength=8, assembledOffset=111, assembledLength=8, rootRelativeOffset=111, rootRelativeLength=8, rootRelativeStartLineNumber=10, rootRelativeEndLineNumber=10], inclusionLevel=-1, inclusionOrdinal=-1, relations={ REFERS [to=Variable[#WF-LINE (A10)]], BINDING [to=Variable[#WF-LINE (A10)], label=definedBy] }, properties=[unresolvedFieldName=#WF-LINE]]
 AstNode [type=ReadWorkFileStmt, moduleId=1, location=AstNodeLocation [retracedOffset=123, retracedLength=37, assembledOffset=123, assembledLength=37, rootRelativeOffset=123, rootRelativeLength=37, rootRelativeStartLineNumber=12, rootRelativeEndLineNumber=14], inclusionLevel=-1, inclusionOrdinal=-1, properties=[fileAccessType=READ, LABEL_END_OFFSET=147, LABEL_START_OFFSET=123]]
  AstNode [type=Select, moduleId=1, location=AstNodeLocation [retracedOffset=140, retracedLength=8, assembledOffset=140, assembledLength=8, rootRelativeOffset=140, rootRelativeLength=8, rootRelativeStartLineNumber=12, rootRelativeEndLineNumber=12], inclusionLevel=-1, inclusionOrdinal=-1]
   AstNode [type=Field, moduleId=1, location=AstNodeLocation [retracedOffset=140, retracedLength=8, assembledOffset=140, assembledLength=8, rootRelativeOffset=140, rootRelativeLength=8, rootRelativeStartLineNumber=12, rootRelativeEndLineNumber=12], inclusionLevel=-1, inclusionOrdinal=-1]
    AstNode [type=Var, moduleId=1, location=AstNodeLocation [retracedOffset=140, retracedLength=8, assembledOffset=140, assembledLength=8, rootRelativeOffset=140, rootRelativeLength=8, rootRelativeStartLineNumber=12, rootRelativeEndLineNumber=12], inclusionLevel=-1, inclusionOrdinal=-1, relations={ REFERS [to=Variable[#WF-LINE (A10)]], BINDING [to=Variable[#WF-LINE (A10)], label=definedBy] }, properties=[unresolvedFieldName=#WF-LINE]]
  AstNode [type=EveryRecord, moduleId=1, location=AstNodeLocation [retracedOffset=-1, retracedLength=1, assembledOffset=-1, assembledLength=1, rootRelativeOffset=-1, rootRelativeLength=1, rootRelativeStartLineNumber=0, rootRelativeEndLineNumber=1], inclusionLevel=-1, inclusionOrdinal=-1]
 AstNode [type=EndStmt, moduleId=1, location=AstNodeLocation [retracedOffset=164, retracedLength=3, assembledOffset=164, assembledLength=3, rootRelativeOffset=164, rootRelativeLength=3, rootRelativeStartLineNumber=16, rootRelativeEndLineNumber=16], inclusionLevel=-1, inclusionOrdinal=-1]
