#13 ProcedureDivision
 #14 CobolEvaluateStmt <branch stmt>, Label: EVALUATE FALSE, FROM={TestEntryPoint}, TO={#18(TRUE), #26(OTHER)}
  #15 CobolEvaluateCondition
  #18 CobolWhenStmt, FROM={#14(TRUE)}, TO={#23}
   #19 CobolComparisonExpression
    #20 CobolEvaluationReference
   #23 CobolDisplayStmt 'true', FROM={#18}, TO={#26}
 #26 CobolEvaluateStmt <branch stmt>, Label: EVALUATE MMRS-LOGIN, FROM={#14(OTHER), #23}, TO={#30('A'), #38(OTHER)}
  #27 CobolEvaluateCondition
  #30 CobolWhenStmt, FROM={#26('A')}, TO={#35}
   #31 CobolComparisonExpression
    #32 CobolEvaluationReference
   #35 CobolDisplayStmt ' --- eval 1 --- ', FROM={#30}, TO={#38}
 #38 CobolEvaluateStmt <branch stmt>, Label: EVALUATE MMRS-LOGIN ALSO MMRS-LOGIN2 ALSO MMRS-LOGIN3 AND MMRS-LOGIN2, FROM={#26(OTHER), #35}, TO={#53('A'), #61(OTHER)}
  #39 CobolEvaluateCondition
  #42 CobolEvaluateCondition
  #45 CobolEvaluateCondition
   #48 CobolAndExpression
  #53 CobolWhenStmt, FROM={#38('A')}, TO={#58}
   #54 CobolComparisonExpression
    #55 CobolEvaluationReference
   #58 CobolDisplayStmt ' --- eval 1 --- ', FROM={#53}, TO={#61}
 #61 CobolEvaluateStmt <branch stmt>, Label: EVALUATE TRUE, FROM={#38(OTHER), #58}, TO={#63(OTHER)}
  #62 CobolEvaluateCondition
  #63 CobolWhenStmt, FROM={#61(OTHER)}, TO={#64}
   #64 CobolDisplayStmt 'other', FROM={#63}, TO={#67}
 #67 CobolGoBackStmt, FROM={#64}, TO={TestReturnPoint}
 #68 CobolEndStmt
