#12 ProcedureDivision
 #13 CobolIfStmt <branch stmt>, Label: IF MMRS-LOGIN-OK OR MMRS-LOGIN-OK2 EQ 'IT' AND MMRS-LOGIN LT 'A', FROM={TestEntryPoint}, TO={#28(TRUE), #32(FALSE)}
  #14 CobolOrExpression
   #17 CobolAndExpression
    #18 CobolComparisonExpression
    #23 CobolComparisonExpression
  #28 CobolThenBlock, FROM={#13(TRUE)}, TO={#29}
   #29 CobolDisplayStmt 'if', FROM={#28}, TO={#32}
 #32 CobolDisplayStmt 'after', FROM={#13(FALSE), #29}, TO={#35}
 #35 CobolGoBackStmt, FROM={#32}, TO={TestReturnPoint}
 #36 CobolEndStmt
